<html>
<body>
<pre>
<h1>礦ision Build Log</h1>
<h2>Tool Versions:</h2>
IDE-Version: μVision V5.14.0.0
Copyright (C) 2015 ARM Ltd and ARM Germany GmbH. All rights reserved.
License Information: 123 123, 123, LIC=IC963-A4HHS-24CSS-LCJE8-LX2RI-I4U5F
 
Tool Versions:
Toolchain:       MDK-ARM Professional  Version: 5.14.0.0
Toolchain Path:  C:\Program Files (x86)\Keil\ARM\ARMCC\Bin
C Compiler:      Armcc.exe V5.05 update 1 (build 106)
Assembler:       Armasm.exe V5.05 update 1 (build 106)
Linker/Locator:  ArmLink.exe V5.05 update 1 (build 106)
Library Manager: ArmAr.exe V5.05 update 1 (build 106)
Hex Converter:   FromElf.exe V5.05 update 1 (build 106)
CPU DLL:         SARMCM3.DLL V5.14.0.0
Dialog DLL:      DCM.DLL V1.13.1.0
Target DLL:      STLink\ST-LINKIII-KEIL_SWO.dll V2.0.14.0_KEIL
Dialog DLL:      TCM.DLL V1.14.4.0
 
<h2>Project:</h2>
D:\ATIME\docs\GitHub\OTHERS\STM32F407\16.各类统计信息\6.8M晶振168MHzADC设置好换接口tft命令解析\Project\RVMDK(uv5)\BH-F407.uvprojx
Project File Date:  06/28/2017

<h2>Output:</h2>
Build target '统计信息'
compiling stm32f4xx_it.c...
compiling app.c...
linking...
Program Size: Code=34708 RO-data=940 RW-data=308 ZI-data=31716  
FromELF: creating hex file...
".\Output\Template.axf" - 0 Error(s), 0 Warning(s).

<h2>Collection of Component include folders:</h2>
  D:\ATIME\docs\GitHub\OTHERS\STM32F407\16.各类统计信息\6.8M晶振168MHzADC设置好换接口tft命令解析\Project\RVMDK(uv5)\RTE
  C:\Program Files (x86)\Keil\ARM\PACK\Keil\STM32F4xx_DFP\1.0.8\Device\Include

<h2>Collection of Component Files used:</h2>
</pre>
</body>
</html>
