Component: ARM Compiler 5.05 update 1 (build 106) Tool: armlink [4d0efa]

==============================================================================

Section Cross References

    startup_stm32f40xx.o(RESET) refers to startup_stm32f40xx.o(STACK) for __initial_sp
    startup_stm32f40xx.o(RESET) refers to startup_stm32f40xx.o(.text) for Reset_Handler
    startup_stm32f40xx.o(RESET) refers to stm32f4xx_it.o(i.NMI_Handler) for NMI_Handler
    startup_stm32f40xx.o(RESET) refers to stm32f4xx_it.o(i.HardFault_Handler) for HardFault_Handler
    startup_stm32f40xx.o(RESET) refers to stm32f4xx_it.o(i.MemManage_Handler) for MemManage_Handler
    startup_stm32f40xx.o(RESET) refers to stm32f4xx_it.o(i.BusFault_Handler) for BusFault_Handler
    startup_stm32f40xx.o(RESET) refers to stm32f4xx_it.o(i.UsageFault_Handler) for UsageFault_Handler
    startup_stm32f40xx.o(RESET) refers to stm32f4xx_it.o(i.SVC_Handler) for SVC_Handler
    startup_stm32f40xx.o(RESET) refers to stm32f4xx_it.o(i.DebugMon_Handler) for DebugMon_Handler
    startup_stm32f40xx.o(RESET) refers to os_cpu_a.o(CODE) for OS_CPU_PendSVHandler
    startup_stm32f40xx.o(RESET) refers to os_cpu_c.o(i.OS_CPU_SysTickHandler) for OS_CPU_SysTickHandler
    startup_stm32f40xx.o(RESET) refers to stm32f4xx_it.o(i.EXTI0_IRQHandler) for EXTI0_IRQHandler
    startup_stm32f40xx.o(RESET) refers to stm32f4xx_it.o(i.USART1_IRQHandler) for USART1_IRQHandler
    startup_stm32f40xx.o(RESET) refers to stm32f4xx_it.o(i.USART2_IRQHandler) for USART2_IRQHandler
    startup_stm32f40xx.o(RESET) refers to stm32f4xx_it.o(i.USART3_IRQHandler) for USART3_IRQHandler
    startup_stm32f40xx.o(RESET) refers to stm32f4xx_it.o(i.EXTI15_10_IRQHandler) for EXTI15_10_IRQHandler
    startup_stm32f40xx.o(RESET) refers to stm32f4xx_it.o(i.TIM6_DAC_IRQHandler) for TIM6_DAC_IRQHandler
    startup_stm32f40xx.o(.text) refers to system_stm32f4xx.o(i.SystemInit) for SystemInit
    startup_stm32f40xx.o(.text) refers to entry.o(.ARM.Collect$$$$00000000) for __main
    system_stm32f4xx.o(i.SystemCoreClockUpdate) refers to system_stm32f4xx.o(.data) for SystemCoreClock
    system_stm32f4xx.o(i.SystemInit) refers to system_stm32f4xx.o(i.SetSysClock) for SetSysClock
    stm32f4xx_adc.o(i.ADC_DeInit) refers to stm32f4xx_rcc.o(i.RCC_APB2PeriphResetCmd) for RCC_APB2PeriphResetCmd
    stm32f4xx_can.o(i.CAN_DeInit) refers to stm32f4xx_rcc.o(i.RCC_APB1PeriphResetCmd) for RCC_APB1PeriphResetCmd
    stm32f4xx_can.o(i.CAN_GetITStatus) refers to stm32f4xx_can.o(i.CheckITStatus) for CheckITStatus
    stm32f4xx_cryp.o(i.CRYP_DeInit) refers to stm32f4xx_rcc.o(i.RCC_AHB2PeriphResetCmd) for RCC_AHB2PeriphResetCmd
    stm32f4xx_cryp_aes.o(i.CRYP_AES_CBC) refers to stm32f4xx_cryp.o(i.CRYP_KeyStructInit) for CRYP_KeyStructInit
    stm32f4xx_cryp_aes.o(i.CRYP_AES_CBC) refers to stm32f4xx_cryp.o(i.CRYP_FIFOFlush) for CRYP_FIFOFlush
    stm32f4xx_cryp_aes.o(i.CRYP_AES_CBC) refers to stm32f4xx_cryp.o(i.CRYP_Init) for CRYP_Init
    stm32f4xx_cryp_aes.o(i.CRYP_AES_CBC) refers to stm32f4xx_cryp.o(i.CRYP_KeyInit) for CRYP_KeyInit
    stm32f4xx_cryp_aes.o(i.CRYP_AES_CBC) refers to stm32f4xx_cryp.o(i.CRYP_Cmd) for CRYP_Cmd
    stm32f4xx_cryp_aes.o(i.CRYP_AES_CBC) refers to stm32f4xx_cryp.o(i.CRYP_GetFlagStatus) for CRYP_GetFlagStatus
    stm32f4xx_cryp_aes.o(i.CRYP_AES_CBC) refers to stm32f4xx_cryp.o(i.CRYP_IVInit) for CRYP_IVInit
    stm32f4xx_cryp_aes.o(i.CRYP_AES_CBC) refers to stm32f4xx_cryp.o(i.CRYP_GetCmdStatus) for CRYP_GetCmdStatus
    stm32f4xx_cryp_aes.o(i.CRYP_AES_CBC) refers to stm32f4xx_cryp.o(i.CRYP_DataIn) for CRYP_DataIn
    stm32f4xx_cryp_aes.o(i.CRYP_AES_CBC) refers to stm32f4xx_cryp.o(i.CRYP_DataOut) for CRYP_DataOut
    stm32f4xx_cryp_aes.o(i.CRYP_AES_CCM) refers to stm32f4xx_cryp.o(i.CRYP_KeyStructInit) for CRYP_KeyStructInit
    stm32f4xx_cryp_aes.o(i.CRYP_AES_CCM) refers to stm32f4xx_cryp.o(i.CRYP_FIFOFlush) for CRYP_FIFOFlush
    stm32f4xx_cryp_aes.o(i.CRYP_AES_CCM) refers to stm32f4xx_cryp.o(i.CRYP_KeyInit) for CRYP_KeyInit
    stm32f4xx_cryp_aes.o(i.CRYP_AES_CCM) refers to stm32f4xx_cryp.o(i.CRYP_IVInit) for CRYP_IVInit
    stm32f4xx_cryp_aes.o(i.CRYP_AES_CCM) refers to stm32f4xx_cryp.o(i.CRYP_Init) for CRYP_Init
    stm32f4xx_cryp_aes.o(i.CRYP_AES_CCM) refers to stm32f4xx_cryp.o(i.CRYP_PhaseConfig) for CRYP_PhaseConfig
    stm32f4xx_cryp_aes.o(i.CRYP_AES_CCM) refers to stm32f4xx_cryp.o(i.CRYP_DataIn) for CRYP_DataIn
    stm32f4xx_cryp_aes.o(i.CRYP_AES_CCM) refers to stm32f4xx_cryp.o(i.CRYP_Cmd) for CRYP_Cmd
    stm32f4xx_cryp_aes.o(i.CRYP_AES_CCM) refers to stm32f4xx_cryp.o(i.CRYP_GetCmdStatus) for CRYP_GetCmdStatus
    stm32f4xx_cryp_aes.o(i.CRYP_AES_CCM) refers to stm32f4xx_cryp.o(i.CRYP_GetFlagStatus) for CRYP_GetFlagStatus
    stm32f4xx_cryp_aes.o(i.CRYP_AES_CCM) refers to stm32f4xx_cryp.o(i.CRYP_DataOut) for CRYP_DataOut
    stm32f4xx_cryp_aes.o(i.CRYP_AES_CTR) refers to stm32f4xx_cryp.o(i.CRYP_KeyStructInit) for CRYP_KeyStructInit
[...]
    _printf_truncate_signed                  0x00000000   Number         0  stubs.o ABSOLUTE
    _printf_truncate_unsigned                0x00000000   Number         0  stubs.o ABSOLUTE
    _printf_u                                0x00000000   Number         0  stubs.o ABSOLUTE
    _printf_wc                               0x00000000   Number         0  stubs.o ABSOLUTE
    _printf_wctomb                           0x00000000   Number         0  stubs.o ABSOLUTE
    _printf_widthprec                        0x00000000   Number         0  stubs.o ABSOLUTE
    _printf_x                                0x00000000   Number         0  stubs.o ABSOLUTE
    __cpp_initialize__aeabi_                  - Undefined Weak Reference
    __cxa_finalize                            - Undefined Weak Reference
    _clock_init                               - Undefined Weak Reference
    _microlib_exit                            - Undefined Weak Reference
    __Vectors_Size                           0x00000188   Number         0  startup_stm32f40xx.o ABSOLUTE
    __Vectors                                0x08000000   Data           4  startup_stm32f40xx.o(RESET)
    __Vectors_End                            0x08000188   Data           0  startup_stm32f40xx.o(RESET)
    __main                                   0x08000189   Thumb Code     0  entry.o(.ARM.Collect$$$$00000000)
    _main_stk                                0x08000189   Thumb Code     0  entry2.o(.ARM.Collect$$$$00000001)
    _main_scatterload                        0x0800018d   Thumb Code     0  entry5.o(.ARM.Collect$$$$00000004)
    __main_after_scatterload                 0x08000191   Thumb Code     0  entry5.o(.ARM.Collect$$$$00000004)
    _main_clock                              0x08000191   Thumb Code     0  entry7b.o(.ARM.Collect$$$$00000008)
    _main_cpp_init                           0x08000191   Thumb Code     0  entry8b.o(.ARM.Collect$$$$0000000A)
    _main_init                               0x08000191   Thumb Code     0  entry9a.o(.ARM.Collect$$$$0000000B)
    __rt_final_cpp                           0x08000199   Thumb Code     0  entry10a.o(.ARM.Collect$$$$0000000D)
    __rt_final_exit                          0x08000199   Thumb Code     0  entry11a.o(.ARM.Collect$$$$0000000F)
    Reset_Handler                            0x0800019d   Thumb Code    40  startup_stm32f40xx.o(.text)
    ADC_IRQHandler                           0x080001d7   Thumb Code     0  startup_stm32f40xx.o(.text)
    CAN1_RX0_IRQHandler                      0x080001d7   Thumb Code     0  startup_stm32f40xx.o(.text)
    CAN1_RX1_IRQHandler                      0x080001d7   Thumb Code     0  startup_stm32f40xx.o(.text)
    CAN1_SCE_IRQHandler                      0x080001d7   Thumb Code     0  startup_stm32f40xx.o(.text)
    CAN1_TX_IRQHandler                       0x080001d7   Thumb Code     0  startup_stm32f40xx.o(.text)
    CAN2_RX0_IRQHandler                      0x080001d7   Thumb Code     0  startup_stm32f40xx.o(.text)
    CAN2_RX1_IRQHandler                      0x080001d7   Thumb Code     0  startup_stm32f40xx.o(.text)
    CAN2_SCE_IRQHandler                      0x080001d7   Thumb Code     0  startup_stm32f40xx.o(.text)
    CAN2_TX_IRQHandler                       0x080001d7   Thumb Code     0  startup_stm32f40xx.o(.text)
    CRYP_IRQHandler                          0x080001d7   Thumb Code     0  startup_stm32f40xx.o(.text)
    DCMI_IRQHandler                          0x080001d7   Thumb Code     0  startup_stm32f40xx.o(.text)
    DMA1_Stream0_IRQHandler                  0x080001d7   Thumb Code     0  startup_stm32f40xx.o(.text)
    DMA1_Stream1_IRQHandler                  0x080001d7   Thumb Code     0  startup_stm32f40xx.o(.text)
    DMA1_Stream2_IRQHandler                  0x080001d7   Thumb Code     0  startup_stm32f40xx.o(.text)
    DMA1_Stream3_IRQHandler                  0x080001d7   Thumb Code     0  startup_stm32f40xx.o(.text)
    DMA1_Stream4_IRQHandler                  0x080001d7   Thumb Code     0  startup_stm32f40xx.o(.text)
    DMA1_Stream5_IRQHandler                  0x080001d7   Thumb Code     0  startup_stm32f40xx.o(.text)
    DMA1_Stream6_IRQHandler                  0x080001d7   Thumb Code     0  startup_stm32f40xx.o(.text)
    DMA1_Stream7_IRQHandler                  0x080001d7   Thumb Code     0  startup_stm32f40xx.o(.text)
    DMA2_Stream0_IRQHandler                  0x080001d7   Thumb Code     0  startup_stm32f40xx.o(.text)
    DMA2_Stream1_IRQHandler                  0x080001d7   Thumb Code     0  startup_stm32f40xx.o(.text)
    DMA2_Stream2_IRQHandler                  0x080001d7   Thumb Code     0  startup_stm32f40xx.o(.text)
    DMA2_Stream3_IRQHandler                  0x080001d7   Thumb Code     0  startup_stm32f40xx.o(.text)
    DMA2_Stream4_IRQHandler                  0x080001d7   Thumb Code     0  startup_stm32f40xx.o(.text)
    DMA2_Stream5_IRQHandler                  0x080001d7   Thumb Code     0  startup_stm32f40xx.o(.text)
    DMA2_Stream6_IRQHandler                  0x080001d7   Thumb Code     0  startup_stm32f40xx.o(.text)
    DMA2_Stream7_IRQHandler                  0x080001d7   Thumb Code     0  startup_stm32f40xx.o(.text)
    ETH_IRQHandler                           0x080001d7   Thumb Code     0  startup_stm32f40xx.o(.text)
    ETH_WKUP_IRQHandler                      0x080001d7   Thumb Code     0  startup_stm32f40xx.o(.text)
    EXTI1_IRQHandler                         0x080001d7   Thumb Code     0  startup_stm32f40xx.o(.text)
    EXTI2_IRQHandler                         0x080001d7   Thumb Code     0  startup_stm32f40xx.o(.text)
    EXTI3_IRQHandler                         0x080001d7   Thumb Code     0  startup_stm32f40xx.o(.text)
    EXTI4_IRQHandler                         0x080001d7   Thumb Code     0  startup_stm32f40xx.o(.text)
    EXTI9_5_IRQHandler                       0x080001d7   Thumb Code     0  startup_stm32f40xx.o(.text)
    FLASH_IRQHandler                         0x080001d7   Thumb Code     0  startup_stm32f40xx.o(.text)
    FPU_IRQHandler                           0x080001d7   Thumb Code     0  startup_stm32f40xx.o(.text)
    FSMC_IRQHandler                          0x080001d7   Thumb Code     0  startup_stm32f40xx.o(.text)
    HASH_RNG_IRQHandler                      0x080001d7   Thumb Code     0  startup_stm32f40xx.o(.text)
    I2C1_ER_IRQHandler                       0x080001d7   Thumb Code     0  startup_stm32f40xx.o(.text)
    I2C1_EV_IRQHandler                       0x080001d7   Thumb Code     0  startup_stm32f40xx.o(.text)
    I2C2_ER_IRQHandler                       0x080001d7   Thumb Code     0  startup_stm32f40xx.o(.text)
    I2C2_EV_IRQHandler                       0x080001d7   Thumb Code     0  startup_stm32f40xx.o(.text)
    I2C3_ER_IRQHandler                       0x080001d7   Thumb Code     0  startup_stm32f40xx.o(.text)
    I2C3_EV_IRQHandler                       0x080001d7   Thumb Code     0  startup_stm32f40xx.o(.text)
    OTG_FS_IRQHandler                        0x080001d7   Thumb Code     0  startup_stm32f40xx.o(.text)
    OTG_FS_WKUP_IRQHandler                   0x080001d7   Thumb Code     0  startup_stm32f40xx.o(.text)
    OTG_HS_EP1_IN_IRQHandler                 0x080001d7   Thumb Code     0  startup_stm32f40xx.o(.text)
    OTG_HS_EP1_OUT_IRQHandler                0x080001d7   Thumb Code     0  startup_stm32f40xx.o(.text)
    OTG_HS_IRQHandler                        0x080001d7   Thumb Code     0  startup_stm32f40xx.o(.text)
    OTG_HS_WKUP_IRQHandler                   0x080001d7   Thumb Code     0  startup_stm32f40xx.o(.text)
    PVD_IRQHandler                           0x080001d7   Thumb Code     0  startup_stm32f40xx.o(.text)
    RCC_IRQHandler                           0x080001d7   Thumb Code     0  startup_stm32f40xx.o(.text)
    RTC_Alarm_IRQHandler                     0x080001d7   Thumb Code     0  startup_stm32f40xx.o(.text)
    RTC_WKUP_IRQHandler                      0x080001d7   Thumb Code     0  startup_stm32f40xx.o(.text)
    SDIO_IRQHandler                          0x080001d7   Thumb Code     0  startup_stm32f40xx.o(.text)
    SPI1_IRQHandler                          0x080001d7   Thumb Code     0  startup_stm32f40xx.o(.text)
    SPI2_IRQHandler                          0x080001d7   Thumb Code     0  startup_stm32f40xx.o(.text)
    SPI3_IRQHandler                          0x080001d7   Thumb Code     0  startup_stm32f40xx.o(.text)
    TAMP_STAMP_IRQHandler                    0x080001d7   Thumb Code     0  startup_stm32f40xx.o(.text)
    TIM1_BRK_TIM9_IRQHandler                 0x080001d7   Thumb Code     0  startup_stm32f40xx.o(.text)
    TIM1_CC_IRQHandler                       0x080001d7   Thumb Code     0  startup_stm32f40xx.o(.text)
    TIM1_TRG_COM_TIM11_IRQHandler            0x080001d7   Thumb Code     0  startup_stm32f40xx.o(.text)
    TIM1_UP_TIM10_IRQHandler                 0x080001d7   Thumb Code     0  startup_stm32f40xx.o(.text)
    TIM2_IRQHandler                          0x080001d7   Thumb Code     0  startup_stm32f40xx.o(.text)
    TIM3_IRQHandler                          0x080001d7   Thumb Code     0  startup_stm32f40xx.o(.text)
    TIM4_IRQHandler                          0x080001d7   Thumb Code     0  startup_stm32f40xx.o(.text)
    TIM5_IRQHandler                          0x080001d7   Thumb Code     0  startup_stm32f40xx.o(.text)
    TIM7_IRQHandler                          0x080001d7   Thumb Code     0  startup_stm32f40xx.o(.text)
    TIM8_BRK_TIM12_IRQHandler                0x080001d7   Thumb Code     0  startup_stm32f40xx.o(.text)
    TIM8_CC_IRQHandler                       0x080001d7   Thumb Code     0  startup_stm32f40xx.o(.text)
    TIM8_TRG_COM_TIM14_IRQHandler            0x080001d7   Thumb Code     0  startup_stm32f40xx.o(.text)
    TIM8_UP_TIM13_IRQHandler                 0x080001d7   Thumb Code     0  startup_stm32f40xx.o(.text)
    UART4_IRQHandler                         0x080001d7   Thumb Code     0  startup_stm32f40xx.o(.text)
    UART5_IRQHandler                         0x080001d7   Thumb Code     0  startup_stm32f40xx.o(.text)
    USART6_IRQHandler                        0x080001d7   Thumb Code     0  startup_stm32f40xx.o(.text)
    WWDG_IRQHandler                          0x080001d7   Thumb Code     0  startup_stm32f40xx.o(.text)
    CPU_IntDis                               0x080001e9   Thumb Code     0  cpu_a.o(.text)
    CPU_IntEn                                0x080001ed   Thumb Code     0  cpu_a.o(.text)
    CPU_SR_Save                              0x080001f1   Thumb Code     0  cpu_a.o(.text)
    CPU_SR_Restore                           0x080001f9   Thumb Code     0  cpu_a.o(.text)
    CPU_WaitForInt                           0x080001ff   Thumb Code     0  cpu_a.o(.text)
    CPU_WaitForExcept                        0x08000203   Thumb Code     0  cpu_a.o(.text)
    CPU_CntLeadZeros                         0x08000207   Thumb Code     0  cpu_a.o(.text)
    CPU_CntTrailZeros                        0x0800020d   Thumb Code     0  cpu_a.o(.text)
    CPU_RevBits                              0x08000217   Thumb Code     0  cpu_a.o(.text)
    __aeabi_uldivmod                         0x0800021d   Thumb Code    98  uldiv.o(.text)
    __aeabi_memcpy                           0x0800027f   Thumb Code    36  memcpya.o(.text)
    __aeabi_memcpy4                          0x0800027f   Thumb Code     0  memcpya.o(.text)
    __aeabi_memcpy8                          0x0800027f   Thumb Code     0  memcpya.o(.text)
    __aeabi_dmul                             0x080002a3   Thumb Code   228  dmul.o(.text)
    __aeabi_ddiv                             0x08000387   Thumb Code   222  ddiv.o(.text)
    __aeabi_ui2d                             0x08000465   Thumb Code    26  dfltui.o(.text)
    __aeabi_d2uiz                            0x0800047f   Thumb Code    50  dfixui.o(.text)
    __aeabi_llsl                             0x080004b1   Thumb Code    30  llshl.o(.text)
    _ll_shift_l                              0x080004b1   Thumb Code     0  llshl.o(.text)
    __aeabi_llsr                             0x080004cf   Thumb Code    32  llushr.o(.text)
    _ll_ushift_r                             0x080004cf   Thumb Code     0  llushr.o(.text)
    __I$use$fp                               0x080004ef   Thumb Code     0  iusefp.o(.text)
    _double_round                            0x080004ef   Thumb Code    30  depilogue.o(.text)
    _double_epilogue                         0x0800050d   Thumb Code   156  depilogue.o(.text)
    __scatterload                            0x080005a9   Thumb Code    28  init.o(.text)
    __scatterload_rt2                        0x080005a9   Thumb Code     0  init.o(.text)
    __decompress                             0x080005cd   Thumb Code     0  __dczerorl2.o(.text)
    __decompress1                            0x080005cd   Thumb Code    86  __dczerorl2.o(.text)
    OS_CPU_FP_Reg_Push                       0x08000625   Thumb Code     0  os_cpu_a.o(CODE)
    OS_CPU_FP_Reg_Pop                        0x0800063f   Thumb Code     0  os_cpu_a.o(CODE)
    OSStartHighRdy                           0x08000651   Thumb Code     0  os_cpu_a.o(CODE)
    OSCtxSw                                  0x080006c1   Thumb Code     0  os_cpu_a.o(CODE)
    OSIntCtxSw                               0x080006cb   Thumb Code     0  os_cpu_a.o(CODE)
    OS_CPU_PendSVHandler                     0x080006d5   Thumb Code     0  os_cpu_a.o(CODE)
    AD7606_Disp                              0x080007f5   Thumb Code   212  bsp_spi_ad7606.o(i.AD7606_Disp)
    AD7606_Mak                               0x08000929   Thumb Code   168  bsp_spi_ad7606.o(i.AD7606_Mak)
    AD7606_ReadAdc                           0x080009dd   Thumb Code    28  bsp_spi_ad7606.o(i.AD7606_ReadAdc)
    AD7606_Reset                             0x080009fd   Thumb Code    74  bsp_spi_ad7606.o(i.AD7606_Reset)
    AD7606_Scan                              0x08000a51   Thumb Code    82  bsp_spi_ad7606.o(i.AD7606_Scan)
    AD7606_SetInputRange                     0x08000aad   Thumb Code    26  bsp_spi_ad7606.o(i.AD7606_SetInputRange)
    AD7606_StartConv                         0x08000acd   Thumb Code    44  bsp_spi_ad7606.o(i.AD7606_StartConv)
    AD7606_display_screen                    0x08000afd   Thumb Code   264  bsp_lcd.o(i.AD7606_display_screen)
    BSP_CPU_ClkFreq                          0x080027fb   Thumb Code    14  bsp.o(i.BSP_CPU_ClkFreq)
    BSP_Init                                 0x08002809   Thumb Code    58  bsp.o(i.BSP_Init)
    BusFault_Handler                         0x08002849   Thumb Code     4  stm32f4xx_it.o(i.BusFault_Handler)
    CPU_Init                                 0x0800284d   Thumb Code    16  cpu_core.o(i.CPU_Init)
    CPU_IntDisMeasMaxCurGet                  0x080028fd   Thumb Code    40  cpu_core.o(i.CPU_IntDisMeasMaxCurGet)
    CPU_IntDisMeasMaxCurReset                0x08002929   Thumb Code    40  cpu_core.o(i.CPU_IntDisMeasMaxCurReset)
    CPU_IntDisMeasMaxGet                     0x08002955   Thumb Code    40  cpu_core.o(i.CPU_IntDisMeasMaxGet)
    CPU_IntDisMeasStart                      0x08002981   Thumb Code    38  cpu_core.o(i.CPU_IntDisMeasStart)
    CPU_IntDisMeasStop                       0x080029b5   Thumb Code    62  cpu_core.o(i.CPU_IntDisMeasStop)
    CPU_NameClr                              0x08002a09   Thumb Code    50  cpu_core.o(i.CPU_NameClr)
    CPU_SW_Exception                         0x08002a49   Thumb Code     4  cpu_core.o(i.CPU_SW_Exception)
    CPU_TS_TmrFreqSet                        0x08002a61   Thumb Code     6  cpu_core.o(i.CPU_TS_TmrFreqSet)
    CPU_TS_TmrInit                           0x08002a6d   Thumb Code    44  bsp.o(i.CPU_TS_TmrInit)
    CPU_TS_TmrRd                             0x08002aa1   Thumb Code     6  bsp.o(i.CPU_TS_TmrRd)
    DAC_Cmd                                  0x08002aad   Thumb Code    34  stm32f4xx_dac.o(i.DAC_Cmd)
    DAC_Init                                 0x08002ad5   Thumb Code    46  stm32f4xx_dac.o(i.DAC_Init)
    DAC_SetChannel1Data                      0x08002b09   Thumb Code    26  stm32f4xx_dac.o(i.DAC_SetChannel1Data)
    DAC_SetChannel2Data                      0x08002b29   Thumb Code    26  stm32f4xx_dac.o(i.DAC_SetChannel2Data)
    Dac1_Init                                0x08002b49   Thumb Code    84  bsp_dac.o(i.Dac1_Init)
    Dac1_Set_Vol                             0x08002ba1   Thumb Code    98  bsp_dac.o(i.Dac1_Set_Vol)
    Dac2_Init                                0x08002c1d   Thumb Code    84  bsp_dac.o(i.Dac2_Init)
    Dac2_Set_Vol                             0x08002c75   Thumb Code    98  bsp_dac.o(i.Dac2_Set_Vol)
    DebugMon_Handler                         0x08002cf1   Thumb Code     2  stm32f4xx_it.o(i.DebugMon_Handler)
    EXTI0_IRQHandler                         0x08002cf5   Thumb Code    36  stm32f4xx_it.o(i.EXTI0_IRQHandler)
    EXTI15_10_IRQHandler                     0x08002d1d   Thumb Code    40  stm32f4xx_it.o(i.EXTI15_10_IRQHandler)
    EXTI_ClearITPendingBit                   0x08002d49   Thumb Code     6  stm32f4xx_exti.o(i.EXTI_ClearITPendingBit)
    EXTI_GetITStatus                         0x08002d55   Thumb Code    20  stm32f4xx_exti.o(i.EXTI_GetITStatus)
    EXTI_Init                                0x08002d6d   Thumb Code   142  stm32f4xx_exti.o(i.EXTI_Init)
    EXTI_Pxy_Config                          0x08002e01   Thumb Code   126  bsp_exti.o(i.EXTI_Pxy_Config)
    GPIO_Init                                0x08002e89   Thumb Code   144  stm32f4xx_gpio.o(i.GPIO_Init)
    GPIO_PinAFConfig                         0x08002f19   Thumb Code    70  stm32f4xx_gpio.o(i.GPIO_PinAFConfig)
    GPIO_ReadInputDataBit                    0x08002f5f   Thumb Code    18  stm32f4xx_gpio.o(i.GPIO_ReadInputDataBit)
    GPIO_ResetBits                           0x08002f71   Thumb Code     4  stm32f4xx_gpio.o(i.GPIO_ResetBits)
    GPIO_SetBits                             0x08002f75   Thumb Code     4  stm32f4xx_gpio.o(i.GPIO_SetBits)
    HardFault_Handler                        0x08002f79   Thumb Code     4  stm32f4xx_it.o(i.HardFault_Handler)
    LCD_refresh_graph                        0x08002f7d   Thumb Code   136  bsp_lcd.o(i.LCD_refresh_graph)
    LCD_refresh_text                         0x0800303d   Thumb Code   116  bsp_lcd.o(i.LCD_refresh_text)
    LCD_screen_show                          0x080030d9   Thumb Code    78  bsp_lcd.o(i.LCD_screen_show)
    LED_GPIO_Config                          0x08003145   Thumb Code    74  bsp_led.o(i.LED_GPIO_Config)
    MemManage_Handler                        0x08003199   Thumb Code     4  stm32f4xx_it.o(i.MemManage_Handler)
    Mem_Clr                                  0x0800319d   Thumb Code    18  lib_mem.o(i.Mem_Clr)
    Mem_Init                                 0x080031b1   Thumb Code    54  lib_mem.o(i.Mem_Init)
    Mem_SegCreate                            0x080031fd   Thumb Code    82  lib_mem.o(i.Mem_SegCreate)
    Mem_Set                                  0x08003271   Thumb Code    84  lib_mem.o(i.Mem_Set)
    NMI_Handler                              0x080032c5   Thumb Code     2  stm32f4xx_it.o(i.NMI_Handler)
    NVIC_Init                                0x0800336d   Thumb Code   106  misc.o(i.NVIC_Init)
    NVIC_PriorityGroupConfig                 0x080033e5   Thumb Code    10  misc.o(i.NVIC_PriorityGroupConfig)
    OSCfg_Init                               0x080033f9   Thumb Code     2  os_cfg_app.o(i.OSCfg_Init)
    OSIdleTaskHook                           0x080033fd   Thumb Code    16  os_cpu_c.o(i.OSIdleTaskHook)
    OSInit                                   0x08003411   Thumb Code   300  os_core.o(i.OSInit)
    OSInitHook                               0x0800359d   Thumb Code    28  os_cpu_c.o(i.OSInitHook)
    OSIntEnter                               0x080035c5   Thumb Code    34  os_core.o(i.OSIntEnter)
    OSIntExit                                0x080035f1   Thumb Code   188  os_core.o(i.OSIntExit)
    OSMemCreate                              0x080036cd   Thumb Code   310  os_mem.o(i.OSMemCreate)
    OSMemGet                                 0x08003811   Thumb Code   112  os_mem.o(i.OSMemGet)
    OSMemPut                                 0x08003881   Thumb Code   124  os_mem.o(i.OSMemPut)
    OSMutexCreate                            0x080038fd   Thumb Code   196  os_mutex.o(i.OSMutexCreate)
    OSMutexPend                              0x080039cd   Thumb Code   568  os_mutex.o(i.OSMutexPend)
    OSMutexPost                              0x08003c11   Thumb Code   676  os_mutex.o(i.OSMutexPost)
    OSSched                                  0x08003ec9   Thumb Code   134  os_core.o(i.OSSched)
    OSSchedLock                              0x08003f6d   Thumb Code    96  os_core.o(i.OSSchedLock)
    OSSchedRoundRobinCfg                     0x08003fd5   Thumb Code    96  os_core.o(i.OSSchedRoundRobinCfg)
    OSSchedUnlock                            0x08004041   Thumb Code   132  os_core.o(i.OSSchedUnlock)
    OSStart                                  0x080040cd   Thumb Code    78  os_core.o(i.OSStart)
    OSStatReset                              0x08004135   Thumb Code   316  os_stat.o(i.OSStatReset)
    OSStatTaskCPUUsageInit                   0x0800429d   Thumb Code   228  os_stat.o(i.OSStatTaskCPUUsageInit)
    OSStatTaskHook                           0x0800439d   Thumb Code    16  os_cpu_c.o(i.OSStatTaskHook)
    OSTaskCreate                             0x080043b1   Thumb Code   608  os_task.o(i.OSTaskCreate)
    OSTaskCreateHook                         0x08004631   Thumb Code    20  os_cpu_c.o(i.OSTaskCreateHook)
    OSTaskDel                                0x08004649   Thumb Code   592  os_task.o(i.OSTaskDel)
    OSTaskDelHook                            0x080048b1   Thumb Code    20  os_cpu_c.o(i.OSTaskDelHook)
    OSTaskQPend                              0x080048c9   Thumb Code   554  os_task.o(i.OSTaskQPend)
    OSTaskQPost                              0x08004afd   Thumb Code   114  os_task.o(i.OSTaskQPost)
    OSTaskResume                             0x08004b79   Thumb Code   124  os_task.o(i.OSTaskResume)
    OSTaskReturnHook                         0x08004c01   Thumb Code    20  os_cpu_c.o(i.OSTaskReturnHook)
    OSTaskSemPend                            0x08004c19   Thumb Code   560  os_task.o(i.OSTaskSemPend)
    OSTaskSemPost                            0x08004e51   Thumb Code    98  os_task.o(i.OSTaskSemPost)
    OSTaskStkChk                             0x08004ebd   Thumb Code   204  os_task.o(i.OSTaskStkChk)
    OSTaskStkInit                            0x08004f8d   Thumb Code   600  os_cpu_c.o(i.OSTaskStkInit)
    OSTaskSuspend                            0x08005251   Thumb Code    78  os_task.o(i.OSTaskSuspend)
    OSTaskSwHook                             0x080052b1   Thumb Code   194  os_cpu_c.o(i.OSTaskSwHook)
    OSTimeDly                                0x08005385   Thumb Code   296  os_time.o(i.OSTimeDly)
    OSTimeTick                               0x080054b5   Thumb Code    54  os_time.o(i.OSTimeTick)
    OSTimeTickHook                           0x080054f9   Thumb Code    16  os_cpu_c.o(i.OSTimeTickHook)
    OSVersion                                0x0800550d   Thumb Code    12  os_core.o(i.OSVersion)
    OS_CPU_SysTickHandler                    0x08005519   Thumb Code    60  os_cpu_c.o(i.OS_CPU_SysTickHandler)
    OS_CPU_SysTickInit                       0x08005559   Thumb Code    44  os_cpu_c.o(i.OS_CPU_SysTickInit)
    OS_Dbg_Init                              0x08005589   Thumb Code   148  os_dbg.o(i.OS_Dbg_Init)
    OS_FlagInit                              0x08005735   Thumb Code    14  os_flag.o(i.OS_FlagInit)
    OS_FlagPost                              0x0800574d   Thumb Code   626  os_flag.o(i.OS_FlagPost)
    OS_FlagTaskRdy                           0x080059c9   Thumb Code   100  os_flag.o(i.OS_FlagTaskRdy)
    OS_IdleTask                              0x08005a2d   Thumb Code    66  os_core.o(i.OS_IdleTask)
    OS_IdleTaskInit                          0x08005a79   Thumb Code    66  os_core.o(i.OS_IdleTaskInit)
    OS_IntQPost                              0x08005ae9   Thumb Code   224  os_int.o(i.OS_IntQPost)
    OS_IntQRePost                            0x08005bed   Thumb Code   360  os_int.o(i.OS_IntQRePost)
    OS_IntQTask                              0x08005d91   Thumb Code   180  os_int.o(i.OS_IntQTask)
    OS_IntQTaskInit                          0x08005e55   Thumb Code   206  os_int.o(i.OS_IntQTaskInit)
    OS_MemDbgListAdd                         0x08005f7d   Thumb Code    34  os_mem.o(i.OS_MemDbgListAdd)
    OS_MemInit                               0x08005fa5   Thumb Code    14  os_mem.o(i.OS_MemInit)
    OS_MsgPoolInit                           0x08005fbd   Thumb Code   110  os_msg.o(i.OS_MsgPoolInit)
    OS_MsgQFreeAll                           0x08006039   Thumb Code    62  os_msg.o(i.OS_MsgQFreeAll)
    OS_MsgQGet                               0x0800607d   Thumb Code    98  os_msg.o(i.OS_MsgQGet)
    OS_MsgQInit                              0x080060e5   Thumb Code    14  os_msg.o(i.OS_MsgQInit)
    OS_MsgQPut                               0x080060f5   Thumb Code   254  os_msg.o(i.OS_MsgQPut)
    OS_MutexDbgListAdd                       0x080061f9   Thumb Code    38  os_mutex.o(i.OS_MutexDbgListAdd)
    OS_MutexGrpAdd                           0x08006229   Thumb Code     8  os_mutex.o(i.OS_MutexGrpAdd)
    OS_MutexGrpPostAll                       0x08006231   Thumb Code    96  os_mutex.o(i.OS_MutexGrpPostAll)
    OS_MutexGrpPrioFindHighest               0x08006291   Thumb Code    44  os_mutex.o(i.OS_MutexGrpPrioFindHighest)
    OS_MutexGrpRemove                        0x080062bd   Thumb Code    28  os_mutex.o(i.OS_MutexGrpRemove)
    OS_MutexInit                             0x080062d9   Thumb Code    14  os_mutex.o(i.OS_MutexInit)
    OS_Pend                                  0x080062f1   Thumb Code   100  os_core.o(i.OS_Pend)
    OS_PendDataInit                          0x08006359   Thumb Code    40  os_core.o(i.OS_PendDataInit)
    OS_PendDbgNameAdd                        0x08006381   Thumb Code    66  os_core.o(i.OS_PendDbgNameAdd)
    OS_PendDbgNameRemove                     0x080063dd   Thumb Code    30  os_core.o(i.OS_PendDbgNameRemove)
    OS_PendListChangePrio                    0x08006401   Thumb Code    58  os_core.o(i.OS_PendListChangePrio)
    OS_PendListInit                          0x0800643b   Thumb Code    10  os_core.o(i.OS_PendListInit)
    OS_PendListInsertPrio                    0x08006445   Thumb Code   102  os_core.o(i.OS_PendListInsertPrio)
    OS_PendListRemove                        0x080064ab   Thumb Code    52  os_core.o(i.OS_PendListRemove)
    OS_PendListRemove1                       0x080064df   Thumb Code    66  os_core.o(i.OS_PendListRemove1)
    OS_Post                                  0x08006521   Thumb Code   214  os_core.o(i.OS_Post)
    OS_Post1                                 0x080065f7   Thumb Code    44  os_core.o(i.OS_Post1)
    OS_PrioGetHighest                        0x08006625   Thumb Code    36  os_prio.o(i.OS_PrioGetHighest)
    OS_PrioInit                              0x0800664d   Thumb Code    20  os_prio.o(i.OS_PrioInit)
    OS_PrioInsert                            0x08006665   Thumb Code    32  os_prio.o(i.OS_PrioInsert)
    OS_PrioRemove                            0x08006689   Thumb Code    32  os_prio.o(i.OS_PrioRemove)
    OS_QInit                                 0x080066ad   Thumb Code    14  os_q.o(i.OS_QInit)
    OS_QPost                                 0x080066c5   Thumb Code   382  os_q.o(i.OS_QPost)
    OS_RdyListInit                           0x0800684d   Thumb Code    32  os_core.o(i.OS_RdyListInit)
    OS_RdyListInsert                         0x08006871   Thumb Code    40  os_core.o(i.OS_RdyListInsert)
    OS_RdyListInsertHead                     0x0800689d   Thumb Code    58  os_core.o(i.OS_RdyListInsertHead)
    OS_RdyListInsertTail                     0x080068dd   Thumb Code    56  os_core.o(i.OS_RdyListInsertTail)
    OS_RdyListMoveHeadToTail                 0x08006919   Thumb Code    68  os_core.o(i.OS_RdyListMoveHeadToTail)
    OS_RdyListRemove                         0x0800695d   Thumb Code    86  os_core.o(i.OS_RdyListRemove)
    OS_Sched0                                0x080069b9   Thumb Code    68  os_core.o(i.OS_Sched0)
    OS_SchedLockTimeMeasStart                0x08006a0d   Thumb Code    20  os_core.o(i.OS_SchedLockTimeMeasStart)
    OS_SchedLockTimeMeasStop                 0x08006a29   Thumb Code    44  os_core.o(i.OS_SchedLockTimeMeasStop)
    OS_SchedRoundRobin                       0x08006a65   Thumb Code   218  os_core.o(i.OS_SchedRoundRobin)
    OS_SemInit                               0x08006b51   Thumb Code    14  os_sem.o(i.OS_SemInit)
    OS_SemPost                               0x08006b69   Thumb Code   404  os_sem.o(i.OS_SemPost)
    OS_StatTask                              0x08006d01   Thumb Code   876  os_stat.o(i.OS_StatTask)
    OS_StatTaskInit                          0x080070b5   Thumb Code   136  os_stat.o(i.OS_StatTaskInit)
    OS_TaskBlock                             0x08007181   Thumb Code    40  os_core.o(i.OS_TaskBlock)
    OS_TaskChangePrio                        0x080071ad   Thumb Code   232  os_task.o(i.OS_TaskChangePrio)
    OS_TaskDbgListAdd                        0x08007299   Thumb Code    42  os_task.o(i.OS_TaskDbgListAdd)
    OS_TaskDbgListRemove                     0x080072c9   Thumb Code    64  os_task.o(i.OS_TaskDbgListRemove)
    OS_TaskInit                              0x0800730d   Thumb Code    18  os_task.o(i.OS_TaskInit)
    OS_TaskInitTCB                           0x0800732d   Thumb Code   194  os_task.o(i.OS_TaskInitTCB)
    OS_TaskQPost                             0x080073fd   Thumb Code   606  os_task.o(i.OS_TaskQPost)
    OS_TaskResume                            0x08007669   Thumb Code   374  os_task.o(i.OS_TaskResume)
    OS_TaskReturn                            0x080077e5   Thumb Code    20  os_task.o(i.OS_TaskReturn)
    OS_TaskSemPost                           0x080077fd   Thumb Code  1438  os_task.o(i.OS_TaskSemPost)
    OS_TaskSuspend                           0x08007da5   Thumb Code   392  os_task.o(i.OS_TaskSuspend)
    OS_TickListInsert                        0x08007f35   Thumb Code   134  os_tick.o(i.OS_TickListInsert)
    OS_TickListInsertDly                     0x08007fbd   Thumb Code   180  os_tick.o(i.OS_TickListInsertDly)
    OS_TickListRemove                        0x08008079   Thumb Code    88  os_tick.o(i.OS_TickListRemove)
    OS_TickListResetPeak                     0x080080d1   Thumb Code     2  os_tick.o(i.OS_TickListResetPeak)
    OS_TickTask                              0x080083b1   Thumb Code   236  os_tick.o(i.OS_TickTask)
    OS_TickTaskInit                          0x080084ad   Thumb Code   140  os_tick.o(i.OS_TickTaskInit)
    OS_TmrInit                               0x08008575   Thumb Code   200  os_tmr.o(i.OS_TmrInit)
    OS_TmrResetPeak                          0x080086c1   Thumb Code     2  os_tmr.o(i.OS_TmrResetPeak)
    OS_TmrTask                               0x080086c5   Thumb Code   134  os_tmr.o(i.OS_TmrTask)
    OS_TmrUnlink                             0x08008759   Thumb Code    58  os_tmr.o(i.OS_TmrUnlink)
    RCC_AHB1PeriphClockCmd                   0x080087b1   Thumb Code    26  stm32f4xx_rcc.o(i.RCC_AHB1PeriphClockCmd)
    RCC_APB1PeriphClockCmd                   0x080087d1   Thumb Code    26  stm32f4xx_rcc.o(i.RCC_APB1PeriphClockCmd)
    RCC_APB2PeriphClockCmd                   0x080087f1   Thumb Code    26  stm32f4xx_rcc.o(i.RCC_APB2PeriphClockCmd)
    RCC_GetClocksFreq                        0x08008811   Thumb Code   214  stm32f4xx_rcc.o(i.RCC_GetClocksFreq)
    SVC_Handler                              0x080088f9   Thumb Code     2  stm32f4xx_it.o(i.SVC_Handler)
    SYSCFG_EXTILineConfig                    0x080088fd   Thumb Code    60  stm32f4xx_syscfg.o(i.SYSCFG_EXTILineConfig)
    SystemInit                               0x08008a29   Thumb Code    88  system_stm32f4xx.o(i.SystemInit)
    TIM6_DAC_IRQHandler                      0x08008a91   Thumb Code    30  stm32f4xx_it.o(i.TIM6_DAC_IRQHandler)
    TIM_ClearFlag                            0x08008ab5   Thumb Code     6  stm32f4xx_tim.o(i.TIM_ClearFlag)
    TIM_ClearITPendingBit                    0x08008abb   Thumb Code     6  stm32f4xx_tim.o(i.TIM_ClearITPendingBit)
    TIM_Cmd                                  0x08008ac1   Thumb Code    24  stm32f4xx_tim.o(i.TIM_Cmd)
    TIM_GetITStatus                          0x08008ad9   Thumb Code    34  stm32f4xx_tim.o(i.TIM_GetITStatus)
    TIM_ITConfig                             0x08008afb   Thumb Code    18  stm32f4xx_tim.o(i.TIM_ITConfig)
    TIM_TimeBaseInit                         0x08008b4d   Thumb Code   104  stm32f4xx_tim.o(i.TIM_TimeBaseInit)
    TIMx_Configuration                       0x08008bd1   Thumb Code    12  bsp_timer.o(i.TIMx_Configuration)
    USART1_IRQHandler                        0x08008c09   Thumb Code    58  stm32f4xx_it.o(i.USART1_IRQHandler)
    USART2_IRQHandler                        0x08008c51   Thumb Code    58  stm32f4xx_it.o(i.USART2_IRQHandler)
    USART3_IRQHandler                        0x08008c99   Thumb Code    12  stm32f4xx_it.o(i.USART3_IRQHandler)
    USART_Cmd                                0x08008ca5   Thumb Code    24  stm32f4xx_usart.o(i.USART_Cmd)
    USART_GetFlagStatus                      0x08008cbd   Thumb Code    26  stm32f4xx_usart.o(i.USART_GetFlagStatus)
    USART_GetITStatus                        0x08008cd7   Thumb Code    84  stm32f4xx_usart.o(i.USART_GetITStatus)
    USART_ITConfig                           0x08008d2b   Thumb Code    74  stm32f4xx_usart.o(i.USART_ITConfig)
    USART_Init                               0x08008d75   Thumb Code   204  stm32f4xx_usart.o(i.USART_Init)
    USART_ReceiveData                        0x08008e49   Thumb Code    10  stm32f4xx_usart.o(i.USART_ReceiveData)
    USART_SendData                           0x08008e53   Thumb Code     8  stm32f4xx_usart.o(i.USART_SendData)
    USARTx_Config                            0x08008e5d   Thumb Code   452  bsp_usart.o(i.USARTx_Config)
    UsageFault_Handler                       0x08009035   Thumb Code     4  stm32f4xx_it.o(i.UsageFault_Handler)
    __0printf$8                              0x08009039   Thumb Code    22  printf8.o(i.__0printf$8)
    __1printf$8                              0x08009039   Thumb Code     0  printf8.o(i.__0printf$8)
    __2printf                                0x08009039   Thumb Code     0  printf8.o(i.__0printf$8)
    __scatterload_copy                       0x08009059   Thumb Code    14  handlers.o(i.__scatterload_copy)
    __scatterload_null                       0x08009067   Thumb Code     2  handlers.o(i.__scatterload_null)
    __scatterload_zeroinit                   0x08009069   Thumb Code    14  handlers.o(i.__scatterload_zeroinit)
    bsp_InitSPIBus                           0x080094dd   Thumb Code    90  bsp_spi_bus.o(i.bsp_InitSPIBus)
    bsp_spiDelay                             0x08009541   Thumb Code    12  bsp_spi_bus.o(i.bsp_spiDelay)
    bsp_spiRead1                             0x0800954d   Thumb Code    70  bsp_spi_bus.o(i.bsp_spiRead1)
    bsp_spi_InitAD7606                       0x08009599   Thumb Code   120  bsp_spi_ad7606.o(i.bsp_spi_InitAD7606)
    fputc                                    0x08009619   Thumb Code    32  bsp_usart.o(i.fputc)
    get_string_length                        0x0800963d   Thumb Code    16  bsp_usbdisk.o(i.get_string_length)
    main                                     0x0800964d   Thumb Code    70  app.o(i.main)
    signedshoutint2unsignedchar              0x080096b1   Thumb Code    36  bsp_lcd.o(i.signedshoutint2unsignedchar)
    struct_print                             0x080096d5   Thumb Code    86  bsp_lcd.o(i.struct_print)
    uart3putchar                             0x08009821   Thumb Code    36  bsp_usart.o(i.uart3putchar)
    usb_disk_add_file                        0x08009855   Thumb Code   182  bsp_usbdisk.o(i.usb_disk_add_file)
    usb_disk_connect                         0x0800990b   Thumb Code    94  bsp_usbdisk.o(i.usb_disk_connect)
    usb_disk_creat_file                      0x08009969   Thumb Code    22  bsp_usbdisk.o(i.usb_disk_creat_file)
    usb_disk_init                            0x0800997f   Thumb Code    54  bsp_usbdisk.o(i.usb_disk_init)
    usb_disk_open_file                       0x080099b5   Thumb Code    22  bsp_usbdisk.o(i.usb_disk_open_file)
    usb_disk_write_file                      0x080099cb   Thumb Code   184  bsp_usbdisk.o(i.usb_disk_write_file)
    usb_get_status                           0x08009a83   Thumb Code    14  bsp_usbdisk.o(i.usb_get_status)
    usb_set_file_locate                      0x08009a91   Thumb Code    48  bsp_usbdisk.o(i.usb_set_file_locate)
    usb_set_file_name                        0x08009ac1   Thumb Code    76  bsp_usbdisk.o(i.usb_set_file_name)
    usb_uart_get_data                        0x08009b0d   Thumb Code    74  bsp_usbdisk.o(i.usb_uart_get_data)
    usb_uart_send_cmd                        0x08009b69   Thumb Code    24  bsp_usbdisk.o(i.usb_uart_send_cmd)
    usb_uart_send_data                       0x08009b81   Thumb Code    12  bsp_usbdisk.o(i.usb_uart_send_data)
    OSCfg_IdleTaskStkBasePtr                 0x08009b98   Data           4  os_cfg_app.o(.constdata)
    OSCfg_IdleTaskStkLimit                   0x08009b9c   Data           4  os_cfg_app.o(.constdata)
    OSCfg_IdleTaskStkSize                    0x08009ba0   Data           4  os_cfg_app.o(.constdata)
    OSCfg_IdleTaskStkSizeRAM                 0x08009ba4   Data           4  os_cfg_app.o(.constdata)
    OSCfg_IntQBasePtr                        0x08009ba8   Data           4  os_cfg_app.o(.constdata)
    OSCfg_IntQSize                           0x08009bac   Data           2  os_cfg_app.o(.constdata)
    OSCfg_IntQSizeRAM                        0x08009bb0   Data           4  os_cfg_app.o(.constdata)
    OSCfg_IntQTaskStkBasePtr                 0x08009bb4   Data           4  os_cfg_app.o(.constdata)
    OSCfg_IntQTaskStkLimit                   0x08009bb8   Data           4  os_cfg_app.o(.constdata)
    OSCfg_IntQTaskStkSize                    0x08009bbc   Data           4  os_cfg_app.o(.constdata)
    OSCfg_IntQTaskStkSizeRAM                 0x08009bc0   Data           4  os_cfg_app.o(.constdata)
    OSCfg_ISRStkBasePtr                      0x08009bc4   Data           4  os_cfg_app.o(.constdata)
    OSCfg_ISRStkSize                         0x08009bc8   Data           4  os_cfg_app.o(.constdata)
    OSCfg_ISRStkSizeRAM                      0x08009bcc   Data           4  os_cfg_app.o(.constdata)
    OSCfg_MsgPoolSize                        0x08009bd0   Data           2  os_cfg_app.o(.constdata)
    OSCfg_MsgPoolSizeRAM                     0x08009bd4   Data           4  os_cfg_app.o(.constdata)
    OSCfg_MsgPoolBasePtr                     0x08009bd8   Data           4  os_cfg_app.o(.constdata)
    OSCfg_StatTaskPrio                       0x08009bdc   Data           1  os_cfg_app.o(.constdata)
    OSCfg_StatTaskRate_Hz                    0x08009be0   Data           4  os_cfg_app.o(.constdata)
    OSCfg_StatTaskStkBasePtr                 0x08009be4   Data           4  os_cfg_app.o(.constdata)
    OSCfg_StatTaskStkLimit                   0x08009be8   Data           4  os_cfg_app.o(.constdata)
    OSCfg_StatTaskStkSize                    0x08009bec   Data           4  os_cfg_app.o(.constdata)
    OSCfg_StatTaskStkSizeRAM                 0x08009bf0   Data           4  os_cfg_app.o(.constdata)
    OSCfg_StkSizeMin                         0x08009bf4   Data           4  os_cfg_app.o(.constdata)
    OSCfg_TickRate_Hz                        0x08009bf8   Data           4  os_cfg_app.o(.constdata)
    OSCfg_TickTaskPrio                       0x08009bfc   Data           1  os_cfg_app.o(.constdata)
    OSCfg_TickTaskStkBasePtr                 0x08009c00   Data           4  os_cfg_app.o(.constdata)
    OSCfg_TickTaskStkLimit                   0x08009c04   Data           4  os_cfg_app.o(.constdata)
    OSCfg_TickTaskStkSize                    0x08009c08   Data           4  os_cfg_app.o(.constdata)
    OSCfg_TickTaskStkSizeRAM                 0x08009c0c   Data           4  os_cfg_app.o(.constdata)
    OSCfg_TmrTaskPrio                        0x08009c10   Data           1  os_cfg_app.o(.constdata)
    OSCfg_TmrTaskRate_Hz                     0x08009c14   Data           4  os_cfg_app.o(.constdata)
    OSCfg_TmrTaskStkBasePtr                  0x08009c18   Data           4  os_cfg_app.o(.constdata)
    OSCfg_TmrTaskStkLimit                    0x08009c1c   Data           4  os_cfg_app.o(.constdata)
    OSCfg_TmrTaskStkSize                     0x08009c20   Data           4  os_cfg_app.o(.constdata)
    OSCfg_TmrTaskStkSizeRAM                  0x08009c24   Data           4  os_cfg_app.o(.constdata)
    OSCfg_DataSizeRAM                        0x08009c28   Data           4  os_cfg_app.o(.constdata)
    OSDbg_DbgEn                              0x08009c2c   Data           1  os_dbg.o(.constdata)
    OSDbg_ArgChkEn                           0x08009c2d   Data           1  os_dbg.o(.constdata)
    OSDbg_AppHooksEn                         0x08009c2e   Data           1  os_dbg.o(.constdata)
    OSDbg_EndiannessTest                     0x08009c30   Data           4  os_dbg.o(.constdata)
    OSDbg_CalledFromISRChkEn                 0x08009c34   Data           1  os_dbg.o(.constdata)
    OSDbg_FlagEn                             0x08009c35   Data           1  os_dbg.o(.constdata)
    OSDbg_FlagGrp                            0x08009c38   Data          40  os_dbg.o(.constdata)
    OSDbg_FlagDelEn                          0x08009c60   Data           1  os_dbg.o(.constdata)
    OSDbg_FlagModeClrEn                      0x08009c61   Data           1  os_dbg.o(.constdata)
    OSDbg_FlagPendAbortEn                    0x08009c62   Data           1  os_dbg.o(.constdata)
    OSDbg_FlagGrpSize                        0x08009c64   Data           2  os_dbg.o(.constdata)
    OSDbg_FlagWidth                          0x08009c66   Data           2  os_dbg.o(.constdata)
    OSDbg_IntQ                               0x08009c68   Data           2  os_dbg.o(.constdata)
    OSDbg_ISRPostDeferredEn                  0x08009c6a   Data           1  os_dbg.o(.constdata)
    OSDbg_Mem                                0x08009c6c   Data          32  os_dbg.o(.constdata)
    OSDbg_MemEn                              0x08009c8c   Data           1  os_dbg.o(.constdata)
    OSDbg_MemSize                            0x08009c8e   Data           2  os_dbg.o(.constdata)
    OSDbg_MsgEn                              0x08009c90   Data           1  os_dbg.o(.constdata)
    OSDbg_MsgSize                            0x08009c92   Data           2  os_dbg.o(.constdata)
    OSDbg_MsgPoolSize                        0x08009c94   Data           2  os_dbg.o(.constdata)
    OSDbg_MsgQSize                           0x08009c96   Data           2  os_dbg.o(.constdata)
    OSDbg_Mutex                              0x08009c98   Data          48  os_dbg.o(.constdata)
    OSDbg_MutexEn                            0x08009cc8   Data           1  os_dbg.o(.constdata)
    OSDbg_MutexDelEn                         0x08009cc9   Data           1  os_dbg.o(.constdata)
    OSDbg_MutexPendAbortEn                   0x08009cca   Data           1  os_dbg.o(.constdata)
    OSDbg_MutexSize                          0x08009ccc   Data           2  os_dbg.o(.constdata)
    OSDbg_ObjTypeChkEn                       0x08009cce   Data           1  os_dbg.o(.constdata)
    OSDbg_PendMultiEn                        0x08009ccf   Data           1  os_dbg.o(.constdata)
    OSDbg_PendDataSize                       0x08009cd0   Data           2  os_dbg.o(.constdata)
    OSDbg_PendListSize                       0x08009cd2   Data           2  os_dbg.o(.constdata)
    OSDbg_PendObjSize                        0x08009cd4   Data           2  os_dbg.o(.constdata)
    OSDbg_PrioMax                            0x08009cd6   Data           2  os_dbg.o(.constdata)
    OSDbg_PrioTblSize                        0x08009cd8   Data           2  os_dbg.o(.constdata)
    OSDbg_PtrSize                            0x08009cda   Data           2  os_dbg.o(.constdata)
    OSDbg_Q                                  0x08009cdc   Data          48  os_dbg.o(.constdata)
    OSDbg_QEn                                0x08009d0c   Data           1  os_dbg.o(.constdata)
    OSDbg_QDelEn                             0x08009d0d   Data           1  os_dbg.o(.constdata)
    OSDbg_QFlushEn                           0x08009d0e   Data           1  os_dbg.o(.constdata)
    OSDbg_QPendAbortEn                       0x08009d0f   Data           1  os_dbg.o(.constdata)
    OSDbg_QSize                              0x08009d10   Data           2  os_dbg.o(.constdata)
    OSDbg_SchedRoundRobinEn                  0x08009d12   Data           1  os_dbg.o(.constdata)
    OSDbg_Sem                                0x08009d14   Data          40  os_dbg.o(.constdata)
    OSDbg_SemEn                              0x08009d3c   Data           1  os_dbg.o(.constdata)
    OSDbg_SemDelEn                           0x08009d3d   Data           1  os_dbg.o(.constdata)
    OSDbg_SemPendAbortEn                     0x08009d3e   Data           1  os_dbg.o(.constdata)
    OSDbg_SemSetEn                           0x08009d3f   Data           1  os_dbg.o(.constdata)
    OSDbg_SemSize                            0x08009d40   Data           2  os_dbg.o(.constdata)
    OSDbg_RdyList                            0x08009d42   Data           2  os_dbg.o(.constdata)
    OSDbg_RdyListSize                        0x08009d44   Data           4  os_dbg.o(.constdata)
    OSDbg_StkWidth                           0x08009d48   Data           1  os_dbg.o(.constdata)
    OSDbg_StatTaskEn                         0x08009d49   Data           1  os_dbg.o(.constdata)
    OSDbg_StatTaskStkChkEn                   0x08009d4a   Data           1  os_dbg.o(.constdata)
    OSDbg_TaskChangePrioEn                   0x08009d4b   Data           1  os_dbg.o(.constdata)
    OSDbg_TaskDelEn                          0x08009d4c   Data           1  os_dbg.o(.constdata)
    OSDbg_TaskQEn                            0x08009d4d   Data           1  os_dbg.o(.constdata)
    OSDbg_TaskQPendAbortEn                   0x08009d4e   Data           1  os_dbg.o(.constdata)
    OSDbg_TaskProfileEn                      0x08009d4f   Data           1  os_dbg.o(.constdata)
    OSDbg_TaskRegTblSize                     0x08009d50   Data           2  os_dbg.o(.constdata)
    OSDbg_TaskSemPendAbortEn                 0x08009d52   Data           1  os_dbg.o(.constdata)
    OSDbg_TaskSuspendEn                      0x08009d53   Data           1  os_dbg.o(.constdata)
    OSDbg_TCBSize                            0x08009d54   Data           2  os_dbg.o(.constdata)
    OSDbg_TickListSize                       0x08009d56   Data           2  os_dbg.o(.constdata)
    OSDbg_TimeDlyHMSMEn                      0x08009d58   Data           1  os_dbg.o(.constdata)
    OSDbg_TimeDlyResumeEn                    0x08009d59   Data           1  os_dbg.o(.constdata)
    OSDbg_TLS_TblSize                        0x08009d5a   Data           2  os_dbg.o(.constdata)
    OSDbg_Tmr                                0x08009d5c   Data          48  os_dbg.o(.constdata)
    OSDbg_TmrEn                              0x08009d8c   Data           1  os_dbg.o(.constdata)
    OSDbg_TmrDelEn                           0x08009d8d   Data           1  os_dbg.o(.constdata)
    OSDbg_TmrSize                            0x08009d8e   Data           2  os_dbg.o(.constdata)
    OSDbg_VersionNbr                         0x08009d90   Data           2  os_dbg.o(.constdata)
    OSDbg_DataSize                           0x08009d94   Data           4  os_dbg.o(.constdata)
    Region$$Table$$Base                      0x08009f34   Number         0  anon$$obj.o(Region$$Table)
    Region$$Table$$Limit                     0x08009f54   Number         0  anon$$obj.o(Region$$Table)
    g_tAD7606                                0x20000010   Data           1  bsp_spi_ad7606.o(.data)
    TFT480800START                           0x20000011   Data           1  bsp_lcd.o(.data)
    TFT480800STOP                            0x20000012   Data           4  bsp_lcd.o(.data)
    TFT480800STOPUSER                        0x20000016   Data           4  bsp_lcd.o(.data)
    TFT480800STOPPC                          0x2000001a   Data           4  bsp_lcd.o(.data)
    uart3_data                               0x2000001e   Data           1  bsp_usbdisk.o(.data)
    uart3_data_state                         0x2000001f   Data           1  bsp_usbdisk.o(.data)
    txt_data1                                0x20000020   Data          17  bsp_usbdisk.o(.data)
    txt_data2                                0x20000031   Data          13  bsp_usbdisk.o(.data)
    txt_data3                                0x2000003e   Data           3  bsp_usbdisk.o(.data)
    CPU_TS_TmrFreq_Hz                        0x20000044   Data           4  cpu_core.o(.data)
    CPU_IntDisMeasCtr                        0x20000048   Data           2  cpu_core.o(.data)
    CPU_IntDisNestCtr                        0x2000004a   Data           2  cpu_core.o(.data)
    CPU_IntDisMeasStart_cnts                 0x2000004c   Data           4  cpu_core.o(.data)
    CPU_IntDisMeasStop_cnts                  0x20000050   Data           4  cpu_core.o(.data)
    CPU_IntDisMeasOvrhd_cnts                 0x20000054   Data           4  cpu_core.o(.data)
    CPU_IntDisMeasMaxCur_cnts                0x20000058   Data           4  cpu_core.o(.data)
    CPU_IntDisMeasMax_cnts                   0x2000005c   Data           4  cpu_core.o(.data)
    Mem_SegHeadPtr                           0x20000060   Data           4  lib_mem.o(.data)
    OSPrioTbl                                0x20000064   Data           8  os_prio.o(.data)
    OS_AppTaskCreateHookPtr                  0x2000006c   Data           4  os_var.o(.data)
    OS_AppTaskDelHookPtr                     0x20000070   Data           4  os_var.o(.data)
    OS_AppTaskReturnHookPtr                  0x20000074   Data           4  os_var.o(.data)
    OS_AppIdleTaskHookPtr                    0x20000078   Data           4  os_var.o(.data)
    OS_AppStatTaskHookPtr                    0x2000007c   Data           4  os_var.o(.data)
    OS_AppTaskSwHookPtr                      0x20000080   Data           4  os_var.o(.data)
    OS_AppTimeTickHookPtr                    0x20000084   Data           4  os_var.o(.data)
    OSIdleTaskCtr                            0x20000088   Data           4  os_var.o(.data)
    OSIntNestingCtr                          0x2000008c   Data           1  os_var.o(.data)
    OSIntDisTimeMax                          0x20000090   Data           4  os_var.o(.data)
    OSRunning                                0x20000094   Data           1  os_var.o(.data)
    OSIntQInPtr                              0x20000098   Data           4  os_var.o(.data)
    OSIntQOutPtr                             0x2000009c   Data           4  os_var.o(.data)
    OSIntQNbrEntries                         0x200000a0   Data           2  os_var.o(.data)
    OSIntQNbrEntriesMax                      0x200000a2   Data           2  os_var.o(.data)
    OSIntQOvfCtr                             0x200000a4   Data           2  os_var.o(.data)
    OSIntQTaskTimeMax                        0x200000a8   Data           4  os_var.o(.data)
    OSFlagDbgListPtr                         0x200000ac   Data           4  os_var.o(.data)
    OSFlagQty                                0x200000b0   Data           2  os_var.o(.data)
    OSMemDbgListPtr                          0x200000b4   Data           4  os_var.o(.data)
    OSMemQty                                 0x200000b8   Data           2  os_var.o(.data)
    OSMutexDbgListPtr                        0x200000bc   Data           4  os_var.o(.data)
    OSMutexQty                               0x200000c0   Data           2  os_var.o(.data)
    OSPrioCur                                0x200000c2   Data           1  os_var.o(.data)
    OSPrioHighRdy                            0x200000c3   Data           1  os_var.o(.data)
    OSPrioSaved                              0x200000c4   Data           1  os_var.o(.data)
    OSQDbgListPtr                            0x200000c8   Data           4  os_var.o(.data)
    OSQQty                                   0x200000cc   Data           2  os_var.o(.data)
    OSSchedLockTimeBegin                     0x200000d0   Data           4  os_var.o(.data)
    OSSchedLockTimeMax                       0x200000d4   Data           4  os_var.o(.data)
    OSSchedLockTimeMaxCur                    0x200000d8   Data           4  os_var.o(.data)
    OSSchedLockNestingCtr                    0x200000dc   Data           1  os_var.o(.data)
    OSSchedRoundRobinDfltTimeQuanta          0x200000e0   Data           4  os_var.o(.data)
    OSSchedRoundRobinEn                      0x200000e4   Data           1  os_var.o(.data)
    OSSemDbgListPtr                          0x200000e8   Data           4  os_var.o(.data)
    OSSemQty                                 0x200000ec   Data           2  os_var.o(.data)
    OSStatResetFlag                          0x200000ee   Data           1  os_var.o(.data)
    OSStatTaskCPUUsage                       0x200000f0   Data           2  os_var.o(.data)
    OSStatTaskCPUUsageMax                    0x200000f2   Data           2  os_var.o(.data)
    OSStatTaskCtr                            0x200000f4   Data           4  os_var.o(.data)
    OSStatTaskCtrMax                         0x200000f8   Data           4  os_var.o(.data)
    OSStatTaskCtrRun                         0x200000fc   Data           4  os_var.o(.data)
    OSStatTaskRdy                            0x20000100   Data           1  os_var.o(.data)
    OSStatTaskTimeMax                        0x20000104   Data           4  os_var.o(.data)
    OSTaskCtxSwCtr                           0x20000108   Data           4  os_var.o(.data)
    OSTaskDbgListPtr                         0x2000010c   Data           4  os_var.o(.data)
    OSTaskQty                                0x20000110   Data           2  os_var.o(.data)
    OSTaskRegNextAvailID                     0x20000112   Data           1  os_var.o(.data)
    OSTickCtr                                0x20000114   Data           4  os_var.o(.data)
    OSTickTaskTimeMax                        0x20000118   Data           4  os_var.o(.data)
    OSTickListDly                            0x2000011c   Data           8  os_var.o(.data)
    OSTickListTimeout                        0x20000124   Data           8  os_var.o(.data)
    OSTmrDbgListPtr                          0x2000012c   Data           4  os_var.o(.data)
    OSTmrListEntries                         0x20000130   Data           2  os_var.o(.data)
    OSTmrListPtr                             0x20000134   Data           4  os_var.o(.data)
    OSTmrQty                                 0x20000138   Data           2  os_var.o(.data)
    OSTmrTaskTimeMax                         0x2000013c   Data           4  os_var.o(.data)
    OSTmrTickCtr                             0x20000140   Data           4  os_var.o(.data)
    OSTmrUpdateCnt                           0x20000144   Data           4  os_var.o(.data)
    OSTmrUpdateCtr                           0x20000148   Data           4  os_var.o(.data)
    OSTCBCurPtr                              0x2000014c   Data           4  os_var.o(.data)
    OSTCBHighRdyPtr                          0x20000150   Data           4  os_var.o(.data)
    OS_CPU_ExceptStkBase                     0x20000154   Data           4  os_cpu_c.o(.data)
    __stdout                                 0x20000158   Data           4  stdout.o(.data)
    mem                                      0x2000015c   Data          32  app.o(.bss)
    ucArray                                  0x2000017c   Data         280  app.o(.bss)
    temp_data                                0x20000294   Data        1024  app.o(.bss)
    AppTaskUsart1TCB                         0x20000760   Data         204  app.o(.bss)
    AppTaskUsart2TCB                         0x2000082c   Data         204  app.o(.bss)
    AppTaskUsart3TCB                         0x200008f8   Data         204  app.o(.bss)
    AppTaskKey1TCB                           0x200009c4   Data         204  app.o(.bss)
    AppTaskKey2TCB                           0x20000a90   Data         204  app.o(.bss)
    s_volt                                   0x200067cc   Data          16  bsp_spi_ad7606.o(.bss)
    s_dat                                    0x200067dc   Data          16  bsp_spi_ad7606.o(.bss)
    adc_sys_cfg                              0x200067ec   Data          40  bsp_lcd.o(.bss)
    obj_cfg                                  0x20006814   Data          20  bsp_lcd.o(.bss)
    display_data                             0x20006828   Data          50  bsp_lcd.o(.bss)
    CPU_Name                                 0x2000685a   Data          16  cpu_core.o(.bss)
    Mem_Heap                                 0x2000686c   Data        3072  lib_mem.o(.bss)
    Mem_SegHeap                              0x2000746c   Data          20  lib_mem.o(.bss)
    OSCfg_IdleTaskStk                        0x20007480   Data         256  os_cfg_app.o(.bss)
    OSCfg_IntQ                               0x20007580   Data         320  os_cfg_app.o(.bss)
    OSCfg_IntQTaskStk                        0x200076c0   Data         400  os_cfg_app.o(.bss)
    OSCfg_ISRStk                             0x20007850   Data         400  os_cfg_app.o(.bss)
    OSCfg_MsgPool                            0x200079e0   Data        1600  os_cfg_app.o(.bss)
    OSCfg_StatTaskStk                        0x20008020   Data         400  os_cfg_app.o(.bss)
    OSCfg_TickTaskStk                        0x200081b0   Data         400  os_cfg_app.o(.bss)
    OSCfg_TmrTaskStk                         0x20008340   Data         400  os_cfg_app.o(.bss)
    OSIdleTaskTCB                            0x200084d0   Data         204  os_var.o(.bss)
    OSIntQTaskTCB                            0x2000859c   Data         204  os_var.o(.bss)
    OSMsgPool                                0x20008668   Data          12  os_var.o(.bss)
    OSRdyList                                0x20008674   Data         768  os_var.o(.bss)
    OSStatTaskTCB                            0x20008974   Data         204  os_var.o(.bss)
    OSTickTaskTCB                            0x20008a40   Data         204  os_var.o(.bss)
    OSTmrMutex                               0x20008b0c   Data          48  os_var.o(.bss)
    OSTmrTaskTCB                             0x20008b3c   Data         204  os_var.o(.bss)
    __initial_sp                             0x20009c08   Data           0  startup_stm32f40xx.o(STACK)



==============================================================================

Memory Map of the image

  Image Entry point : 0x08000189

  Load Region LR_IROM1 (Base: 0x08000000, Size: 0x0000a0b0, Max: 0x00100000, ABSOLUTE, COMPRESSED[0x00009f90])

    Execution Region ER_IROM1 (Base: 0x08000000, Size: 0x00009f54, Max: 0x00100000, ABSOLUTE)

    Base Addr    Size         Type   Attr      Idx    E Section Name        Object

    0x08000000   0x00000188   Data   RO            3    RESET               startup_stm32f40xx.o
    0x08000188   0x00000000   Code   RO         7878  * .ARM.Collect$$$$00000000  mc_w.l(entry.o)
    0x08000188   0x00000004   Code   RO         8156    .ARM.Collect$$$$00000001  mc_w.l(entry2.o)
    0x0800018c   0x00000004   Code   RO         8159    .ARM.Collect$$$$00000004  mc_w.l(entry5.o)
    0x08000190   0x00000000   Code   RO         8161    .ARM.Collect$$$$00000008  mc_w.l(entry7b.o)
    0x08000190   0x00000000   Code   RO         8163    .ARM.Collect$$$$0000000A  mc_w.l(entry8b.o)
    0x08000190   0x00000008   Code   RO         8164    .ARM.Collect$$$$0000000B  mc_w.l(entry9a.o)
    0x08000198   0x00000000   Code   RO         8166    .ARM.Collect$$$$0000000D  mc_w.l(entry10a.o)
    0x08000198   0x00000000   Code   RO         8168    .ARM.Collect$$$$0000000F  mc_w.l(entry11a.o)
    0x08000198   0x00000004   Code   RO         8157    .ARM.Collect$$$$00002712  mc_w.l(entry2.o)
    0x0800019c   0x0000004c   Code   RO            4    .text               startup_stm32f40xx.o
    0x080001e8   0x00000034   Code   RO         6088    .text               cpu_a.o
    0x0800021c   0x00000062   Code   RO         7881    .text               mc_w.l(uldiv.o)
    0x0800027e   0x00000024   Code   RO         7883    .text               mc_w.l(memcpya.o)
    0x080002a2   0x000000e4   Code   RO         8148    .text               mf_w.l(dmul.o)
    0x08000386   0x000000de   Code   RO         8150    .text               mf_w.l(ddiv.o)
    0x08000464   0x0000001a   Code   RO         8152    .text               mf_w.l(dfltui.o)
    0x0800047e   0x00000032   Code   RO         8154    .text               mf_w.l(dfixui.o)
    0x080004b0   0x0000001e   Code   RO         8173    .text               mc_w.l(llshl.o)
    0x080004ce   0x00000020   Code   RO         8175    .text               mc_w.l(llushr.o)
    0x080004ee   0x00000000   Code   RO         8177    .text               mc_w.l(iusefp.o)
    0x080004ee   0x000000ba   Code   RO         8178    .text               mf_w.l(depilogue.o)
    0x080005a8   0x00000024   Code   RO         8186    .text               mc_w.l(init.o)
    0x080005cc   0x00000056   Code   RO         8198    .text               mc_w.l(__dczerorl2.o)
    0x08000622   0x00000002   PAD
    0x08000624   0x0000010c   Code   RO         7790    CODE                os_cpu_a.o
    0x08000730   0x000000c4   Code   RO         5401    i.AD7606_ConfigGPIO  bsp_spi_ad7606.o
    0x080007f4   0x00000134   Code   RO         5402    i.AD7606_Disp       bsp_spi_ad7606.o
    0x08000928   0x000000b4   Code   RO         5403    i.AD7606_Mak        bsp_spi_ad7606.o
    0x080009dc   0x00000020   Code   RO         5404    i.AD7606_ReadAdc    bsp_spi_ad7606.o
    0x080009fc   0x00000054   Code   RO         5405    i.AD7606_Reset      bsp_spi_ad7606.o
    0x08000a50   0x0000005c   Code   RO         5406    i.AD7606_Scan       bsp_spi_ad7606.o
    0x08000aac   0x00000020   Code   RO         5407    i.AD7606_SetInputRange  bsp_spi_ad7606.o
    0x08000acc   0x00000030   Code   RO         5408    i.AD7606_StartConv  bsp_spi_ad7606.o
    0x08000afc   0x00000154   Code   RO         5583    i.AD7606_display_screen  bsp_lcd.o
    0x08000c50   0x000000f4   Code   RO         4986    i.AppTaskAdce       app.o
    0x08000d44   0x00000460   Code   RO         4987    i.AppTaskCmdLcd     app.o
    0x080011a4   0x00000034   Code   RO         4988    i.AppTaskCmdPc      app.o
    0x080011d8   0x00000022   Code   RO         4989    i.AppTaskDac1       app.o
    0x080011fa   0x00000024   Code   RO         4990    i.AppTaskDac2       app.o
    0x0800121e   0x00000002   PAD
    0x08001220   0x00000bc0   Code   RO         4991    i.AppTaskKey1       app.o
    0x08001de0   0x000000d8   Code   RO         4992    i.AppTaskKey2       app.o
    0x08001eb8   0x00000034   Code   RO         4993    i.AppTaskLed        app.o
    0x08001eec   0x000003c0   Code   RO         4994    i.AppTaskStart      app.o
    0x080022ac   0x000001e0   Code   RO         4995    i.AppTaskTest       app.o
    0x0800248c   0x00000188   Code   RO         4996    i.AppTaskUsart1     app.o
    0x08002614   0x00000194   Code   RO         4997    i.AppTaskUsart2     app.o
    0x080027a8   0x00000040   Code   RO         4998    i.AppTaskUsart3     app.o
    0x080027e8   0x00000012   Code   RO         4999    i.AppTaskWork       app.o
    0x080027fa   0x0000000e   Code   RO         5181    i.BSP_CPU_ClkFreq   bsp.o
    0x08002808   0x00000040   Code   RO         5182    i.BSP_Init          bsp.o
    0x08002848   0x00000004   Code   RO         4765    i.BusFault_Handler  stm32f4xx_it.o
    0x0800284c   0x00000010   Code   RO         5930    i.CPU_Init          cpu_core.o
    0x0800285c   0x00000084   Code   RO         5931    i.CPU_IntDisMeasInit  cpu_core.o
    0x080028e0   0x0000001c   Code   RO         5932    i.CPU_IntDisMeasMaxCalc  cpu_core.o
    0x080028fc   0x0000002c   Code   RO         5933    i.CPU_IntDisMeasMaxCurGet  cpu_core.o
    0x08002928   0x0000002c   Code   RO         5934    i.CPU_IntDisMeasMaxCurReset  cpu_core.o
    0x08002954   0x0000002c   Code   RO         5935    i.CPU_IntDisMeasMaxGet  cpu_core.o
    0x08002980   0x00000034   Code   RO         5936    i.CPU_IntDisMeasStart  cpu_core.o
    0x080029b4   0x00000054   Code   RO         5937    i.CPU_IntDisMeasStop  cpu_core.o
    0x08002a08   0x00000038   Code   RO         5938    i.CPU_NameClr       cpu_core.o
    0x08002a40   0x00000008   Code   RO         5940    i.CPU_NameInit      cpu_core.o
    0x08002a48   0x00000004   Code   RO         5942    i.CPU_SW_Exception  cpu_core.o
    0x08002a4c   0x00000014   Code   RO         5944    i.CPU_TS_Init       cpu_core.o
    0x08002a60   0x0000000c   Code   RO         5946    i.CPU_TS_TmrFreqSet  cpu_core.o
    0x08002a6c   0x00000034   Code   RO         5185    i.CPU_TS_TmrInit    bsp.o
    0x08002aa0   0x0000000c   Code   RO         5186    i.CPU_TS_TmrRd      bsp.o
    0x08002aac   0x00000028   Code   RO          937    i.DAC_Cmd           stm32f4xx_dac.o
    0x08002ad4   0x00000034   Code   RO          945    i.DAC_Init          stm32f4xx_dac.o
    0x08002b08   0x00000020   Code   RO          946    i.DAC_SetChannel1Data  stm32f4xx_dac.o
    0x08002b28   0x00000020   Code   RO          947    i.DAC_SetChannel2Data  stm32f4xx_dac.o
    0x08002b48   0x00000058   Code   RO         5355    i.Dac1_Init         bsp_dac.o
    0x08002ba0   0x0000007c   Code   RO         5356    i.Dac1_Set_Vol      bsp_dac.o
    0x08002c1c   0x00000058   Code   RO         5357    i.Dac2_Init         bsp_dac.o
    0x08002c74   0x0000007c   Code   RO         5358    i.Dac2_Set_Vol      bsp_dac.o
    0x08002cf0   0x00000002   Code   RO         4766    i.DebugMon_Handler  stm32f4xx_it.o
    0x08002cf2   0x00000002   PAD
    0x08002cf4   0x00000028   Code   RO         4767    i.EXTI0_IRQHandler  stm32f4xx_it.o
    0x08002d1c   0x0000002c   Code   RO         4768    i.EXTI15_10_IRQHandler  stm32f4xx_it.o
    0x08002d48   0x0000000c   Code   RO         1344    i.EXTI_ClearITPendingBit  stm32f4xx_exti.o
    0x08002d54   0x00000018   Code   RO         1348    i.EXTI_GetITStatus  stm32f4xx_exti.o
    0x08002d6c   0x00000094   Code   RO         1349    i.EXTI_Init         stm32f4xx_exti.o
    0x08002e00   0x00000088   Code   RO         5248    i.EXTI_Pxy_Config   bsp_exti.o
    0x08002e88   0x00000090   Code   RO         1857    i.GPIO_Init         stm32f4xx_gpio.o
    0x08002f18   0x00000046   Code   RO         1858    i.GPIO_PinAFConfig  stm32f4xx_gpio.o
    0x08002f5e   0x00000012   Code   RO         1861    i.GPIO_ReadInputDataBit  stm32f4xx_gpio.o
    0x08002f70   0x00000004   Code   RO         1864    i.GPIO_ResetBits    stm32f4xx_gpio.o
    0x08002f74   0x00000004   Code   RO         1865    i.GPIO_SetBits      stm32f4xx_gpio.o
    0x08002f78   0x00000004   Code   RO         4769    i.HardFault_Handler  stm32f4xx_it.o
    0x08002f7c   0x000000c0   Code   RO         5585    i.LCD_refresh_graph  bsp_lcd.o
    0x0800303c   0x0000009c   Code   RO         5586    i.LCD_refresh_text  bsp_lcd.o
    0x080030d8   0x0000006c   Code   RO         5587    i.LCD_screen_show   bsp_lcd.o
    0x08003144   0x00000054   Code   RO         5277    i.LED_GPIO_Config   bsp_led.o
    0x08003198   0x00000004   Code   RO         4770    i.MemManage_Handler  stm32f4xx_it.o
    0x0800319c   0x00000012   Code   RO         6290    i.Mem_Clr           lib_mem.o
    0x080031ae   0x00000002   PAD
    0x080031b0   0x0000004c   Code   RO         6300    i.Mem_Init          lib_mem.o
    0x080031fc   0x00000052   Code   RO         6313    i.Mem_SegCreate     lib_mem.o
    0x0800324e   0x00000002   PAD
    0x08003250   0x00000020   Code   RO         6314    i.Mem_SegCreateCritical  lib_mem.o
    0x08003270   0x00000054   Code   RO         6317    i.Mem_Set           lib_mem.o
    0x080032c4   0x00000002   Code   RO         4771    i.NMI_Handler       stm32f4xx_it.o
    0x080032c6   0x00000034   Code   RO         5249    i.NVIC_Configuration  bsp_exti.o
    0x080032fa   0x00000070   Code   RO         5304    i.NVIC_Configuration  bsp_usart.o
    0x0800336a   0x00000002   PAD
    0x0800336c   0x00000078   Code   RO          155    i.NVIC_Init         misc.o
    0x080033e4   0x00000014   Code   RO          156    i.NVIC_PriorityGroupConfig  misc.o
    0x080033f8   0x00000002   Code   RO         6625    i.OSCfg_Init        os_cfg_app.o
    0x080033fa   0x00000002   PAD
    0x080033fc   0x00000014   Code   RO         7793    i.OSIdleTaskHook    os_cpu_c.o
    0x08003410   0x0000018c   Code   RO         6648    i.OSInit            os_core.o
    0x0800359c   0x00000028   Code   RO         7794    i.OSInitHook        os_cpu_c.o
    0x080035c4   0x0000002c   Code   RO         6649    i.OSIntEnter        os_core.o
    0x080035f0   0x000000dc   Code   RO         6650    i.OSIntExit         os_core.o
    0x080036cc   0x00000144   Code   RO         7017    i.OSMemCreate       os_mem.o
    0x08003810   0x00000070   Code   RO         7018    i.OSMemGet          os_mem.o
    0x08003880   0x0000007c   Code   RO         7019    i.OSMemPut          os_mem.o
    0x080038fc   0x000000d0   Code   RO         7089    i.OSMutexCreate     os_mutex.o
    0x080039cc   0x00000244   Code   RO         7091    i.OSMutexPend       os_mutex.o
    0x08003c10   0x000002b8   Code   RO         7093    i.OSMutexPost       os_mutex.o
    0x08003ec8   0x000000a4   Code   RO         6651    i.OSSched           os_core.o
    0x08003f6c   0x00000068   Code   RO         6652    i.OSSchedLock       os_core.o
    0x08003fd4   0x0000006c   Code   RO         6653    i.OSSchedRoundRobinCfg  os_core.o
    0x08004040   0x0000008c   Code   RO         6655    i.OSSchedUnlock     os_core.o
    0x080040cc   0x00000068   Code   RO         6656    i.OSStart           os_core.o
    0x08004134   0x00000168   Code   RO         7384    i.OSStatReset       os_stat.o
    0x0800429c   0x00000100   Code   RO         7385    i.OSStatTaskCPUUsageInit  os_stat.o
    0x0800439c   0x00000014   Code   RO         7795    i.OSStatTaskHook    os_cpu_c.o
    0x080043b0   0x00000280   Code   RO         7415    i.OSTaskCreate      os_task.o
    0x08004630   0x00000018   Code   RO         7796    i.OSTaskCreateHook  os_cpu_c.o
    0x08004648   0x00000268   Code   RO         7416    i.OSTaskDel         os_task.o
    0x080048b0   0x00000018   Code   RO         7797    i.OSTaskDelHook     os_cpu_c.o
    0x080048c8   0x00000234   Code   RO         7418    i.OSTaskQPend       os_task.o
    0x08004afc   0x0000007c   Code   RO         7420    i.OSTaskQPost       os_task.o
    0x08004b78   0x00000088   Code   RO         7424    i.OSTaskResume      os_task.o
    0x08004c00   0x00000018   Code   RO         7798    i.OSTaskReturnHook  os_cpu_c.o
    0x08004c18   0x00000238   Code   RO         7425    i.OSTaskSemPend     os_task.o
    0x08004e50   0x0000006c   Code   RO         7427    i.OSTaskSemPost     os_task.o
    0x08004ebc   0x000000d0   Code   RO         7429    i.OSTaskStkChk      os_task.o
    0x08004f8c   0x000002c4   Code   RO         7799    i.OSTaskStkInit     os_cpu_c.o
    0x08005250   0x00000060   Code   RO         7430    i.OSTaskSuspend     os_task.o
    0x080052b0   0x000000d4   Code   RO         7800    i.OSTaskSwHook      os_cpu_c.o
    0x08005384   0x00000130   Code   RO         7640    i.OSTimeDly         os_time.o
    0x080054b4   0x00000044   Code   RO         7645    i.OSTimeTick        os_time.o
    0x080054f8   0x00000014   Code   RO         7801    i.OSTimeTickHook    os_cpu_c.o
    0x0800550c   0x0000000c   Code   RO         6657    i.OSVersion         os_core.o
    0x08005518   0x00000040   Code   RO         7802    i.OS_CPU_SysTickHandler  os_cpu_c.o
    0x08005558   0x00000030   Code   RO         7803    i.OS_CPU_SysTickInit  os_cpu_c.o
    0x08005588   0x000001ac   Code   RO         6888    i.OS_Dbg_Init       os_dbg.o
    0x08005734   0x00000018   Code   RO         6913    i.OS_FlagInit       os_flag.o
    0x0800574c   0x0000027c   Code   RO         6914    i.OS_FlagPost       os_flag.o
    0x080059c8   0x00000064   Code   RO         6915    i.OS_FlagTaskRdy    os_flag.o
    0x08005a2c   0x0000004c   Code   RO         6658    i.OS_IdleTask       os_core.o
    0x08005a78   0x00000070   Code   RO         6659    i.OS_IdleTaskInit   os_core.o
    0x08005ae8   0x00000104   Code   RO         6987    i.OS_IntQPost       os_int.o
    0x08005bec   0x000001a4   Code   RO         6988    i.OS_IntQRePost     os_int.o
    0x08005d90   0x000000c4   Code   RO         6989    i.OS_IntQTask       os_int.o
    0x08005e54   0x00000128   Code   RO         6990    i.OS_IntQTaskInit   os_int.o
    0x08005f7c   0x00000028   Code   RO         7020    i.OS_MemDbgListAdd  os_mem.o
    0x08005fa4   0x00000018   Code   RO         7021    i.OS_MemInit        os_mem.o
    0x08005fbc   0x0000007c   Code   RO         7053    i.OS_MsgPoolInit    os_msg.o
    0x08006038   0x00000044   Code   RO         7054    i.OS_MsgQFreeAll    os_msg.o
    0x0800607c   0x00000068   Code   RO         7055    i.OS_MsgQGet        os_msg.o
    0x080060e4   0x0000000e   Code   RO         7056    i.OS_MsgQInit       os_msg.o
    0x080060f2   0x00000002   PAD
    0x080060f4   0x00000104   Code   RO         7057    i.OS_MsgQPut        os_msg.o
    0x080061f8   0x00000030   Code   RO         7095    i.OS_MutexDbgListAdd  os_mutex.o
    0x08006228   0x00000008   Code   RO         7097    i.OS_MutexGrpAdd    os_mutex.o
    0x08006230   0x00000060   Code   RO         7098    i.OS_MutexGrpPostAll  os_mutex.o
    0x08006290   0x0000002c   Code   RO         7099    i.OS_MutexGrpPrioFindHighest  os_mutex.o
    0x080062bc   0x0000001c   Code   RO         7100    i.OS_MutexGrpRemove  os_mutex.o
    0x080062d8   0x00000018   Code   RO         7101    i.OS_MutexInit      os_mutex.o
    0x080062f0   0x00000068   Code   RO         6660    i.OS_Pend           os_core.o
    0x08006358   0x00000028   Code   RO         6663    i.OS_PendDataInit   os_core.o
    0x08006380   0x0000005c   Code   RO         6664    i.OS_PendDbgNameAdd  os_core.o
    0x080063dc   0x00000024   Code   RO         6665    i.OS_PendDbgNameRemove  os_core.o
    0x08006400   0x0000003a   Code   RO         6666    i.OS_PendListChangePrio  os_core.o
    0x0800643a   0x0000000a   Code   RO         6667    i.OS_PendListInit   os_core.o
    0x08006444   0x00000066   Code   RO         6669    i.OS_PendListInsertPrio  os_core.o
    0x080064aa   0x00000034   Code   RO         6670    i.OS_PendListRemove  os_core.o
    0x080064de   0x00000042   Code   RO         6671    i.OS_PendListRemove1  os_core.o
    0x08006520   0x000000d6   Code   RO         6674    i.OS_Post           os_core.o
    0x080065f6   0x0000002c   Code   RO         6675    i.OS_Post1          os_core.o
    0x08006622   0x00000002   PAD
    0x08006624   0x00000028   Code   RO         7203    i.OS_PrioGetHighest  os_prio.o
    0x0800664c   0x00000018   Code   RO         7204    i.OS_PrioInit       os_prio.o
    0x08006664   0x00000024   Code   RO         7205    i.OS_PrioInsert     os_prio.o
    0x08006688   0x00000024   Code   RO         7206    i.OS_PrioRemove     os_prio.o
    0x080066ac   0x00000018   Code   RO         7249    i.OS_QInit          os_q.o
    0x080066c4   0x00000188   Code   RO         7250    i.OS_QPost          os_q.o
    0x0800684c   0x00000024   Code   RO         6676    i.OS_RdyListInit    os_core.o
    0x08006870   0x0000002c   Code   RO         6677    i.OS_RdyListInsert  os_core.o
    0x0800689c   0x00000040   Code   RO         6678    i.OS_RdyListInsertHead  os_core.o
    0x080068dc   0x0000003c   Code   RO         6679    i.OS_RdyListInsertTail  os_core.o
    0x08006918   0x00000044   Code   RO         6680    i.OS_RdyListMoveHeadToTail  os_core.o
    0x0800695c   0x0000005c   Code   RO         6681    i.OS_RdyListRemove  os_core.o
    0x080069b8   0x00000054   Code   RO         6682    i.OS_Sched0         os_core.o
    0x08006a0c   0x0000001c   Code   RO         6683    i.OS_SchedLockTimeMeasStart  os_core.o
    0x08006a28   0x0000003c   Code   RO         6684    i.OS_SchedLockTimeMeasStop  os_core.o
    0x08006a64   0x000000ec   Code   RO         6685    i.OS_SchedRoundRobin  os_core.o
    0x08006b50   0x00000018   Code   RO         7321    i.OS_SemInit        os_sem.o
    0x08006b68   0x00000198   Code   RO         7322    i.OS_SemPost        os_sem.o
    0x08006d00   0x000003b4   Code   RO         7386    i.OS_StatTask       os_stat.o
    0x080070b4   0x000000cc   Code   RO         7387    i.OS_StatTaskInit   os_stat.o
    0x08007180   0x0000002c   Code   RO         6686    i.OS_TaskBlock      os_core.o
    0x080071ac   0x000000ec   Code   RO         7432    i.OS_TaskChangePrio  os_task.o
    0x08007298   0x00000030   Code   RO         7433    i.OS_TaskDbgListAdd  os_task.o
    0x080072c8   0x00000044   Code   RO         7434    i.OS_TaskDbgListRemove  os_task.o
    0x0800730c   0x00000020   Code   RO         7435    i.OS_TaskInit       os_task.o
    0x0800732c   0x000000d0   Code   RO         7436    i.OS_TaskInitTCB    os_task.o
    0x080073fc   0x0000026c   Code   RO         7437    i.OS_TaskQPost      os_task.o
    0x08007668   0x0000017c   Code   RO         7438    i.OS_TaskResume     os_task.o
    0x080077e4   0x00000018   Code   RO         7439    i.OS_TaskReturn     os_task.o
    0x080077fc   0x000005a8   Code   RO         7440    i.OS_TaskSemPost    os_task.o
    0x08007da4   0x00000190   Code   RO         7441    i.OS_TaskSuspend    os_task.o
    0x08007f34   0x00000086   Code   RO         7588    i.OS_TickListInsert  os_tick.o
    0x08007fba   0x00000002   PAD
    0x08007fbc   0x000000bc   Code   RO         7589    i.OS_TickListInsertDly  os_tick.o
    0x08008078   0x00000058   Code   RO         7590    i.OS_TickListRemove  os_tick.o
    0x080080d0   0x00000002   Code   RO         7591    i.OS_TickListResetPeak  os_tick.o
    0x080080d2   0x00000002   PAD
    0x080080d4   0x00000130   Code   RO         7592    i.OS_TickListUpdateDly  os_tick.o
    0x08008204   0x000001ac   Code   RO         7593    i.OS_TickListUpdateTimeout  os_tick.o
    0x080083b0   0x000000fc   Code   RO         7594    i.OS_TickTask       os_tick.o
    0x080084ac   0x000000c8   Code   RO         7595    i.OS_TickTaskInit   os_tick.o
    0x08008574   0x00000134   Code   RO         7691    i.OS_TmrInit        os_tmr.o
    0x080086a8   0x00000018   Code   RO         7692    i.OS_TmrLock        os_tmr.o
    0x080086c0   0x00000002   Code   RO         7693    i.OS_TmrResetPeak   os_tmr.o
    0x080086c2   0x00000002   PAD
    0x080086c4   0x00000094   Code   RO         7694    i.OS_TmrTask        os_tmr.o
    0x08008758   0x00000044   Code   RO         7695    i.OS_TmrUnlink      os_tmr.o
    0x0800879c   0x00000014   Code   RO         7696    i.OS_TmrUnlock      os_tmr.o
    0x080087b0   0x00000020   Code   RO         2561    i.RCC_AHB1PeriphClockCmd  stm32f4xx_rcc.o
    0x080087d0   0x00000020   Code   RO         2570    i.RCC_APB1PeriphClockCmd  stm32f4xx_rcc.o
    0x080087f0   0x00000020   Code   RO         2573    i.RCC_APB2PeriphClockCmd  stm32f4xx_rcc.o
    0x08008810   0x000000e8   Code   RO         2582    i.RCC_GetClocksFreq  stm32f4xx_rcc.o
    0x080088f8   0x00000002   Code   RO         4773    i.SVC_Handler       stm32f4xx_it.o
    0x080088fa   0x00000002   PAD
    0x080088fc   0x00000040   Code   RO         3884    i.SYSCFG_EXTILineConfig  stm32f4xx_syscfg.o
    0x0800893c   0x000000ec   Code   RO           13    i.SetSysClock       system_stm32f4xx.o
    0x08008a28   0x00000068   Code   RO           15    i.SystemInit        system_stm32f4xx.o
    0x08008a90   0x00000024   Code   RO         4775    i.TIM6_DAC_IRQHandler  stm32f4xx_it.o
    0x08008ab4   0x00000006   Code   RO         3951    i.TIM_ClearFlag     stm32f4xx_tim.o
    0x08008aba   0x00000006   Code   RO         3952    i.TIM_ClearITPendingBit  stm32f4xx_tim.o
    0x08008ac0   0x00000018   Code   RO         3957    i.TIM_Cmd           stm32f4xx_tim.o
    0x08008ad8   0x00000022   Code   RO         3978    i.TIM_GetITStatus   stm32f4xx_tim.o
    0x08008afa   0x00000012   Code   RO         3982    i.TIM_ITConfig      stm32f4xx_tim.o
    0x08008b0c   0x00000040   Code   RO         5669    i.TIM_Mode_Config   bsp_timer.o
    0x08008b4c   0x00000084   Code   RO         4029    i.TIM_TimeBaseInit  stm32f4xx_tim.o
    0x08008bd0   0x0000000c   Code   RO         5670    i.TIMx_Configuration  bsp_timer.o
    0x08008bdc   0x0000002a   Code   RO         5671    i.TIMx_NVIC_Configuration  bsp_timer.o
    0x08008c06   0x00000002   PAD
    0x08008c08   0x00000048   Code   RO         4776    i.USART1_IRQHandler  stm32f4xx_it.o
    0x08008c50   0x00000048   Code   RO         4777    i.USART2_IRQHandler  stm32f4xx_it.o
    0x08008c98   0x0000000c   Code   RO         4778    i.USART3_IRQHandler  stm32f4xx_it.o
    0x08008ca4   0x00000018   Code   RO         4511    i.USART_Cmd         stm32f4xx_usart.o
    0x08008cbc   0x0000001a   Code   RO         4514    i.USART_GetFlagStatus  stm32f4xx_usart.o
    0x08008cd6   0x00000054   Code   RO         4515    i.USART_GetITStatus  stm32f4xx_usart.o
    0x08008d2a   0x0000004a   Code   RO         4517    i.USART_ITConfig    stm32f4xx_usart.o
    0x08008d74   0x000000d4   Code   RO         4518    i.USART_Init        stm32f4xx_usart.o
    0x08008e48   0x0000000a   Code   RO         4525    i.USART_ReceiveData  stm32f4xx_usart.o
    0x08008e52   0x00000008   Code   RO         4528    i.USART_SendData    stm32f4xx_usart.o
    0x08008e5a   0x00000002   PAD
    0x08008e5c   0x000001d8   Code   RO         5305    i.USARTx_Config     bsp_usart.o
    0x08009034   0x00000004   Code   RO         4779    i.UsageFault_Handler  stm32f4xx_it.o
    0x08009038   0x00000020   Code   RO         8094    i.__0printf$8       mc_w.l(printf8.o)
    0x08009058   0x0000000e   Code   RO         8192    i.__scatterload_copy  mc_w.l(handlers.o)
    0x08009066   0x00000002   Code   RO         8193    i.__scatterload_null  mc_w.l(handlers.o)
    0x08009068   0x0000000e   Code   RO         8194    i.__scatterload_zeroinit  mc_w.l(handlers.o)
    0x08009076   0x00000002   PAD
    0x08009078   0x00000410   Code   RO         8101    i._printf_core      mc_w.l(printf8.o)
    0x08009488   0x00000024   Code   RO         8102    i._printf_post_padding  mc_w.l(printf8.o)
    0x080094ac   0x0000002e   Code   RO         8103    i._printf_pre_padding  mc_w.l(printf8.o)
    0x080094da   0x00000002   PAD
    0x080094dc   0x00000064   Code   RO         5493    i.bsp_InitSPIBus    bsp_spi_bus.o
    0x08009540   0x0000000c   Code   RO         5499    i.bsp_spiDelay      bsp_spi_bus.o
    0x0800954c   0x0000004c   Code   RO         5501    i.bsp_spiRead1      bsp_spi_bus.o
    0x08009598   0x00000080   Code   RO         5410    i.bsp_spi_InitAD7606  bsp_spi_ad7606.o
    0x08009618   0x00000024   Code   RO         5307    i.fputc             bsp_usart.o
    0x0800963c   0x00000010   Code   RO         5811    i.get_string_length  bsp_usbdisk.o
    0x0800964c   0x00000064   Code   RO         5000    i.main              app.o
    0x080096b0   0x00000024   Code   RO         5590    i.signedshoutint2unsignedchar  bsp_lcd.o
    0x080096d4   0x0000014c   Code   RO         5592    i.struct_print      bsp_lcd.o
    0x08009820   0x00000034   Code   RO         5308    i.uart3putchar      bsp_usart.o
    0x08009854   0x000000b6   Code   RO         5812    i.usb_disk_add_file  bsp_usbdisk.o
    0x0800990a   0x0000005e   Code   RO         5813    i.usb_disk_connect  bsp_usbdisk.o
    0x08009968   0x00000016   Code   RO         5814    i.usb_disk_creat_file  bsp_usbdisk.o
    0x0800997e   0x00000036   Code   RO         5816    i.usb_disk_init     bsp_usbdisk.o
    0x080099b4   0x00000016   Code   RO         5817    i.usb_disk_open_file  bsp_usbdisk.o
    0x080099ca   0x000000b8   Code   RO         5819    i.usb_disk_write_file  bsp_usbdisk.o
    0x08009a82   0x0000000e   Code   RO         5820    i.usb_get_status    bsp_usbdisk.o
    0x08009a90   0x00000030   Code   RO         5821    i.usb_set_file_locate  bsp_usbdisk.o
    0x08009ac0   0x0000004c   Code   RO         5822    i.usb_set_file_name  bsp_usbdisk.o
    0x08009b0c   0x0000005c   Code   RO         5823    i.usb_uart_get_data  bsp_usbdisk.o
    0x08009b68   0x00000018   Code   RO         5824    i.usb_uart_send_cmd  bsp_usbdisk.o
    0x08009b80   0x0000000c   Code   RO         5825    i.usb_uart_send_data  bsp_usbdisk.o
    0x08009b8c   0x00000006   Data   RO         5002    .constdata          app.o
    0x08009b92   0x00000002   PAD
    0x08009b94   0x00000004   Data   RO         5594    .constdata          bsp_lcd.o
    0x08009b98   0x00000094   Data   RO         6627    .constdata          os_cfg_app.o
    0x08009c2c   0x0000016c   Data   RO         6889    .constdata          os_dbg.o
    0x08009d98   0x0000019c   Data   RO         5003    .conststring        app.o
    0x08009f34   0x00000020   Data   RO         8190    Region$$Table       anon$$obj.o


    Execution Region RW_IRAM1 (Base: 0x20000000, Size: 0x00009c08, Max: 0x00020000, ABSOLUTE, COMPRESSED[0x0000003c])

    Base Addr    Size         Type   Attr      Idx    E Section Name        Object

    0x20000000   0x00000010   Data   RW         2614    .data               stm32f4xx_rcc.o
    0x20000010   0x00000001   Data   RW         5412    .data               bsp_spi_ad7606.o
    0x20000011   0x0000000d   Data   RW         5595    .data               bsp_lcd.o
    0x2000001e   0x00000023   Data   RW         5826    .data               bsp_usbdisk.o
    0x20000041   0x00000003   PAD
    0x20000044   0x0000001c   Data   RW         5950    .data               cpu_core.o
    0x20000060   0x00000004   Data   RW         6319    .data               lib_mem.o
    0x20000064   0x00000008   Data   RW         7207    .data               os_prio.o
    0x2000006c   0x000000e8   Data   RW         7777    .data               os_var.o
    0x20000154   0x00000004   Data   RW         7804    .data               os_cpu_c.o
    0x20000158   0x00000004   Data   RW         8170    .data               mc_w.l(stdout.o)
    0x2000015c   0x00006660   Zero   RW         5001    .bss                app.o
    0x200067bc   0x00000030   Zero   RW         5411    .bss                bsp_spi_ad7606.o
    0x200067ec   0x0000006e   Zero   RW         5593    .bss                bsp_lcd.o
    0x2000685a   0x00000010   Zero   RW         5948    .bss                cpu_core.o
    0x2000686a   0x00000002   PAD
    0x2000686c   0x00000c14   Zero   RW         6318    .bss                lib_mem.o
    0x20007480   0x00001050   Zero   RW         6626    .bss                os_cfg_app.o
    0x200084d0   0x00000738   Zero   RW         7776    .bss                os_var.o
    0x20008c08   0x00001000   Zero   RW            1    STACK               startup_stm32f40xx.o


==============================================================================

Image component sizes


      Code (inc. data)   RO Data    RW Data    ZI Data      Debug   Object Name

      7180       2294        418          0      26208      42138   app.o
       142         20          0          0          0       2297   bsp.o
       424         60          0          0          0       2718   bsp_dac.o
       188         10          0          0          0       1274   bsp_exti.o
      1164        448          4         13        110       6316   bsp_lcd.o
        84         10          0          0          0        630   bsp_led.o
      1100        168          0          1         48      10617   bsp_spi_ad7606.o
       188         16          0          0          0       1875   bsp_spi_bus.o
       118          6          0          0          0       1737   bsp_timer.o
       672         40          0          0          0       4087   bsp_usart.o
       840         18          0         35          0      10288   bsp_usbdisk.o
        52          0          0          0          0        380   cpu_a.o
         0          0          0          0          0       7872   cpu_c.o
       544         98          0         28         16      10395   cpu_core.o
       292         26          0          4       3092      15557   lib_mem.o
       140         24          0          0          0       1915   misc.o
         2          0        148          0       4176      20931   os_cfg_app.o
      3114        408          0          0          0      24237   os_core.o
       268         14          0          0          0        464   os_cpu_a.o
      1204        170          0          4          0      29083   os_cpu_c.o
       428        280        364          0          0       4901   os_dbg.o
       760         28          0          0          0       3313   os_flag.o
      1172        202          0          0          0       3770   os_int.o
       624         30          0          0          0       4540   os_mem.o
       570         32          0          0          0       4490   os_msg.o
      1732         64          0          0          0       7919   os_mutex.o
       136         16          0          8          0       3214   os_prio.o
       416         20          0          0          0       2362   os_q.o
       432         14          0          0          0       2378   os_sem.o
      1768        212          0          0          0       4367   os_stat.o
      6524        290          0          0          0      18872   os_task.o
      1596        110          0          0          0       7030   os_tick.o
       372         22          0          0          0       1897   os_time.o
       570        142          0          0          0       4415   os_tmr.o
         0          0          0        232       1848      19488   os_var.o
        76         16        392          0       4096       1036   startup_stm32f40xx.o
       156         24          0          0          0       3665   stm32f4xx_dac.o
       184         16          0          0          0       2580   stm32f4xx_exti.o
       240          0          0          0          0       4223   stm32f4xx_gpio.o
       298         42          0          0          0      47633   stm32f4xx_it.o
       328         36          0         16          0       5351   stm32f4xx_rcc.o
        64          4          0          0          0        768   stm32f4xx_syscfg.o
       220         28          0          0          0       5050   stm32f4xx_tim.o
       438          8          0          0          0       6361   stm32f4xx_usart.o
       340         32          0          0          0     301525   system_stm32f4xx.o

    ----------------------------------------------------------------------
     37188       5498       1360        344      39596     665959   Object Totals
         0          0         32          0          0          0   (incl. Generated)
        28          0          2          3          2          0   (incl. Padding)

    ----------------------------------------------------------------------

      Code (inc. data)   RO Data    RW Data    ZI Data      Debug   Library Member Name

        86          0          0          0          0          0   __dczerorl2.o
         0          0          0          0          0          0   entry.o
         0          0          0          0          0          0   entry10a.o
         0          0          0          0          0          0   entry11a.o
         8          4          0          0          0          0   entry2.o
         4          0          0          0          0          0   entry5.o
         0          0          0          0          0          0   entry7b.o
         0          0          0          0          0          0   entry8b.o
         8          4          0          0          0          0   entry9a.o
        30          0          0          0          0          0   handlers.o
        36          8          0          0          0         68   init.o
         0          0          0          0          0          0   iusefp.o
        30          0          0          0          0         68   llshl.o
        32          0          0          0          0         68   llushr.o
        36          0          0          0          0         68   memcpya.o
      1154         54          0          0          0        352   printf8.o
         0          0          0          4          0          0   stdout.o
        98          0          0          0          0         92   uldiv.o
       222          0          0          0          0        100   ddiv.o
       186          0          0          0          0        176   depilogue.o
        50          0          0          0          0         76   dfixui.o
        26          0          0          0          0         76   dfltui.o
       228          0          0          0          0         96   dmul.o

    ----------------------------------------------------------------------
      2240         70          0          4          0       1240   Library Totals
         6          0          0          0          0          0   (incl. Padding)

    ----------------------------------------------------------------------

      Code (inc. data)   RO Data    RW Data    ZI Data      Debug   Library Name

      1522         70          0          4          0        716   mc_w.l
       712          0          0          0          0        524   mf_w.l

    ----------------------------------------------------------------------
      2240         70          0          4          0       1240   Library Totals

    ----------------------------------------------------------------------

==============================================================================


      Code (inc. data)   RO Data    RW Data    ZI Data      Debug   

     39428       5568       1360        348      39596     642559   Grand Totals
     39428       5568       1360         60      39596     642559   ELF Image Totals (compressed)
     39428       5568       1360         60          0          0   ROM Totals

==============================================================================

    Total RO  Size (Code + RO Data)                40788 (  39.83kB)
    Total RW  Size (RW Data + ZI Data)             39944 (  39.01kB)
    Total ROM Size (Code + RO Data + RW Data)      40848 (  39.89kB)

==============================================================================

