Component: ARM Compiler 5.05 update 1 (build 106) Tool: armlink [4d0efa]

==============================================================================

Section Cross References

    main.o(i.PrintfHardInfo) refers to printf8.o(i.__0printf$8) for __2printf
    main.o(i.PrintfLogo) refers to printf8.o(i.__0printf$8) for __2printf
    main.o(i.main) refers to bsp.o(i.bsp_Init) for bsp_Init
    main.o(i.main) refers to printf8.o(i.__0printf$8) for __2printf
    main.o(i.main) refers to main.o(i.PrintfLogo) for PrintfLogo
    main.o(i.main) refers to main.o(i.PrintfHardInfo) for PrintfHardInfo
    main.o(i.main) refers to demo_spi_ad7606.o(i.Demo_spi_AD7606) for Demo_spi_AD7606
    demo_spi_ad7606.o(i.AD7606_Disp) refers to printf8.o(i.__0printf$8) for __2printf
    demo_spi_ad7606.o(i.AD7606_Disp) refers to demo_spi_ad7606.o(.bss) for s_volt
    demo_spi_ad7606.o(i.AD7606_Disp2) refers to printf8.o(i.__0printf$8) for __2printf
    demo_spi_ad7606.o(i.AD7606_Disp2) refers to demo_spi_ad7606.o(.bss) for s_volt
    demo_spi_ad7606.o(i.AD7606_Mak) refers to bsp_spi_ad7606.o(i.AD7606_ReadAdc) for AD7606_ReadAdc
    demo_spi_ad7606.o(i.AD7606_Mak) refers to demo_spi_ad7606.o(.bss) for s_dat
    demo_spi_ad7606.o(i.AD7606_Mak) refers to bsp_spi_ad7606.o(.data) for g_tAD7606
    demo_spi_ad7606.o(i.Demo_spi_AD7606) refers to bsp_spi_ad7606.o(i.bsp_spi_InitAD7606) for bsp_spi_InitAD7606
    demo_spi_ad7606.o(i.Demo_spi_AD7606) refers to bsp_timer.o(i.bsp_StartAutoTimer) for bsp_StartAutoTimer
    demo_spi_ad7606.o(i.Demo_spi_AD7606) refers to demo_spi_ad7606.o(i.DispMenu) for DispMenu
    demo_spi_ad7606.o(i.Demo_spi_AD7606) refers to bsp.o(i.bsp_Idle) for bsp_Idle
    demo_spi_ad7606.o(i.Demo_spi_AD7606) refers to bsp_timer.o(i.bsp_CheckTimer) for bsp_CheckTimer
    demo_spi_ad7606.o(i.Demo_spi_AD7606) refers to bsp_spi_ad7606.o(i.AD7606_Scan) for AD7606_Scan
    demo_spi_ad7606.o(i.Demo_spi_AD7606) refers to demo_spi_ad7606.o(i.AD7606_Mak) for AD7606_Mak
    demo_spi_ad7606.o(i.Demo_spi_AD7606) refers to demo_spi_ad7606.o(i.AD7606_Disp) for AD7606_Disp
    demo_spi_ad7606.o(i.Demo_spi_AD7606) refers to bsp_uart_fifo.o(i.comGetChar) for comGetChar
    demo_spi_ad7606.o(i.Demo_spi_AD7606) refers to bsp_spi_ad7606.o(i.AD7606_SetInputRange) for AD7606_SetInputRange
    demo_spi_ad7606.o(i.Demo_spi_AD7606) refers to bsp_spi_ad7606.o(.data) for g_tAD7606
    demo_spi_ad7606.o(i.DispMenu) refers to printf8.o(i.__0printf$8) for __2printf
    bsp_key.o(i.IsKeyDown10) refers to bsp_key.o(i.IsKeyDown1) for IsKeyDown1
    bsp_key.o(i.IsKeyDown10) refers to bsp_key.o(i.IsKeyDown2) for IsKeyDown2
    bsp_key.o(i.IsKeyDown9) refers to bsp_key.o(i.IsKeyDown1) for IsKeyDown1
    bsp_key.o(i.IsKeyDown9) refers to bsp_key.o(i.IsKeyDown2) for IsKeyDown2
    bsp_key.o(i.bsp_ClearKey) refers to bsp_key.o(.bss) for s_tKey
    bsp_key.o(i.bsp_DetectKey) refers to bsp_key.o(i.bsp_PutKey) for bsp_PutKey
    bsp_key.o(i.bsp_DetectKey) refers to bsp_key.o(.bss) for s_tBtn
    bsp_key.o(i.bsp_GetKey) refers to bsp_key.o(.bss) for s_tKey
    bsp_key.o(i.bsp_GetKey2) refers to bsp_key.o(.bss) for s_tKey
    bsp_key.o(i.bsp_GetKeyState) refers to bsp_key.o(.bss) for s_tBtn
    bsp_key.o(i.bsp_InitKey) refers to bsp_key.o(i.bsp_InitKeyVar) for bsp_InitKeyVar
    bsp_key.o(i.bsp_InitKey) refers to bsp_key.o(i.bsp_InitKeyHard) for bsp_InitKeyHard
    bsp_key.o(i.bsp_InitKeyHard) refers to stm32f4xx_rcc.o(i.RCC_AHB1PeriphClockCmd) for RCC_AHB1PeriphClockCmd
    bsp_key.o(i.bsp_InitKeyHard) refers to stm32f4xx_gpio.o(i.GPIO_Init) for GPIO_Init
    bsp_key.o(i.bsp_InitKeyVar) refers to bsp_key.o(.bss) for s_tKey
    bsp_key.o(i.bsp_InitKeyVar) refers to bsp_key.o(i.IsKeyDown1) for IsKeyDown1
    bsp_key.o(i.bsp_InitKeyVar) refers to bsp_key.o(i.IsKeyDown2) for IsKeyDown2
    bsp_key.o(i.bsp_InitKeyVar) refers to bsp_key.o(i.IsKeyDown3) for IsKeyDown3
    bsp_key.o(i.bsp_InitKeyVar) refers to bsp_key.o(i.IsKeyDown4) for IsKeyDown4
    bsp_key.o(i.bsp_InitKeyVar) refers to bsp_key.o(i.IsKeyDown5) for IsKeyDown5
    bsp_key.o(i.bsp_InitKeyVar) refers to bsp_key.o(i.IsKeyDown6) for IsKeyDown6
    bsp_key.o(i.bsp_InitKeyVar) refers to bsp_key.o(i.IsKeyDown7) for IsKeyDown7
    bsp_key.o(i.bsp_InitKeyVar) refers to bsp_key.o(i.IsKeyDown8) for IsKeyDown8
    bsp_key.o(i.bsp_InitKeyVar) refers to bsp_key.o(i.IsKeyDown9) for IsKeyDown9
    bsp_key.o(i.bsp_InitKeyVar) refers to bsp_key.o(i.IsKeyDown10) for IsKeyDown10
    bsp_key.o(i.bsp_KeyScan) refers to bsp_key.o(i.bsp_DetectKey) for bsp_DetectKey
    bsp_key.o(i.bsp_PutKey) refers to bsp_key.o(.bss) for s_tKey
    bsp_key.o(i.bsp_SetKeyParam) refers to bsp_key.o(.bss) for s_tBtn
    bsp_led.o(i.bsp_InitLed) refers to stm32f4xx_rcc.o(i.RCC_AHB1PeriphClockCmd) for RCC_AHB1PeriphClockCmd
    bsp_led.o(i.bsp_InitLed) refers to bsp_led.o(i.bsp_LedOff) for bsp_LedOff
    bsp_led.o(i.bsp_InitLed) refers to stm32f4xx_gpio.o(i.GPIO_Init) for GPIO_Init
[...]
    printf2.o(i.__0fprintf$2) refers to bsp_uart_fifo.o(i.fputc) for fputc
    printf2.o(i.__0printf$2) refers to printf2.o(i._printf_core) for _printf_core
    printf2.o(i.__0printf$2) refers to bsp_uart_fifo.o(i.fputc) for fputc
    printf2.o(i.__0printf$2) refers to stdout.o(.data) for __stdout
    printf2.o(i.__0snprintf$2) refers to printf2.o(i._printf_core) for _printf_core
    printf2.o(i.__0snprintf$2) refers to printf2.o(i._snputc) for _snputc
    printf2.o(i.__0sprintf$2) refers to printf2.o(i._printf_core) for _printf_core
    printf2.o(i.__0sprintf$2) refers to printf2.o(i._sputc) for _sputc
    printf2.o(i.__0vfprintf$2) refers to printf2.o(i._printf_core) for _printf_core
    printf2.o(i.__0vfprintf$2) refers to bsp_uart_fifo.o(i.fputc) for fputc
    printf2.o(i.__0vprintf$2) refers to printf2.o(i._printf_core) for _printf_core
    printf2.o(i.__0vprintf$2) refers to bsp_uart_fifo.o(i.fputc) for fputc
    printf2.o(i.__0vprintf$2) refers to stdout.o(.data) for __stdout
    printf2.o(i.__0vsnprintf$2) refers to printf2.o(i._printf_core) for _printf_core
    printf2.o(i.__0vsnprintf$2) refers to printf2.o(i._snputc) for _snputc
    printf2.o(i.__0vsprintf$2) refers to printf2.o(i._printf_core) for _printf_core
    printf2.o(i.__0vsprintf$2) refers to printf2.o(i._sputc) for _sputc
    printf3.o(i.__0fprintf$3) refers to printf3.o(i._printf_core) for _printf_core
    printf3.o(i.__0fprintf$3) refers to bsp_uart_fifo.o(i.fputc) for fputc
    printf3.o(i.__0printf$3) refers to printf3.o(i._printf_core) for _printf_core
    printf3.o(i.__0printf$3) refers to bsp_uart_fifo.o(i.fputc) for fputc
    printf3.o(i.__0printf$3) refers to stdout.o(.data) for __stdout
    printf3.o(i.__0snprintf$3) refers to printf3.o(i._printf_core) for _printf_core
    printf3.o(i.__0snprintf$3) refers to printf3.o(i._snputc) for _snputc
    printf3.o(i.__0sprintf$3) refers to printf3.o(i._printf_core) for _printf_core
    printf3.o(i.__0sprintf$3) refers to printf3.o(i._sputc) for _sputc
    printf3.o(i.__0vfprintf$3) refers to printf3.o(i._printf_core) for _printf_core
    printf3.o(i.__0vfprintf$3) refers to bsp_uart_fifo.o(i.fputc) for fputc
    printf3.o(i.__0vprintf$3) refers to printf3.o(i._printf_core) for _printf_core
    printf3.o(i.__0vprintf$3) refers to bsp_uart_fifo.o(i.fputc) for fputc
    printf3.o(i.__0vprintf$3) refers to stdout.o(.data) for __stdout
    printf3.o(i.__0vsnprintf$3) refers to printf3.o(i._printf_core) for _printf_core
    printf3.o(i.__0vsnprintf$3) refers to printf3.o(i._snputc) for _snputc
    printf3.o(i.__0vsprintf$3) refers to printf3.o(i._printf_core) for _printf_core
    printf3.o(i.__0vsprintf$3) refers to printf3.o(i._sputc) for _sputc
    printf3.o(i._printf_core) refers to uidiv.o(.text) for __aeabi_uidivmod
    printf4.o(i.__0fprintf$4) refers to printf4.o(i._printf_core) for _printf_core
    printf4.o(i.__0fprintf$4) refers to bsp_uart_fifo.o(i.fputc) for fputc
    printf4.o(i.__0printf$4) refers to printf4.o(i._printf_core) for _printf_core
    printf4.o(i.__0printf$4) refers to bsp_uart_fifo.o(i.fputc) for fputc
    printf4.o(i.__0printf$4) refers to stdout.o(.data) for __stdout
    printf4.o(i.__0snprintf$4) refers to printf4.o(i._printf_core) for _printf_core
    printf4.o(i.__0snprintf$4) refers to printf4.o(i._snputc) for _snputc
    printf4.o(i.__0sprintf$4) refers to printf4.o(i._printf_core) for _printf_core
    printf4.o(i.__0sprintf$4) refers to printf4.o(i._sputc) for _sputc
    printf4.o(i.__0vfprintf$4) refers to printf4.o(i._printf_core) for _printf_core
    printf4.o(i.__0vfprintf$4) refers to bsp_uart_fifo.o(i.fputc) for fputc
    printf4.o(i.__0vprintf$4) refers to printf4.o(i._printf_core) for _printf_core
    printf4.o(i.__0vprintf$4) refers to bsp_uart_fifo.o(i.fputc) for fputc
    printf4.o(i.__0vprintf$4) refers to stdout.o(.data) for __stdout
    printf4.o(i.__0vsnprintf$4) refers to printf4.o(i._printf_core) for _printf_core
    printf4.o(i.__0vsnprintf$4) refers to printf4.o(i._snputc) for _snputc
    printf4.o(i.__0vsprintf$4) refers to printf4.o(i._printf_core) for _printf_core
    printf4.o(i.__0vsprintf$4) refers to printf4.o(i._sputc) for _sputc
    printf4.o(i._printf_core) refers to uldiv.o(.text) for __aeabi_uldivmod
    printf5.o(i.__0fprintf$5) refers to printf5.o(i._printf_core) for _printf_core
    printf5.o(i.__0fprintf$5) refers to bsp_uart_fifo.o(i.fputc) for fputc
    printf5.o(i.__0printf$5) refers to printf5.o(i._printf_core) for _printf_core
    printf5.o(i.__0printf$5) refers to bsp_uart_fifo.o(i.fputc) for fputc
    printf5.o(i.__0printf$5) refers to stdout.o(.data) for __stdout
    printf5.o(i.__0snprintf$5) refers to printf5.o(i._printf_core) for _printf_core
    printf5.o(i.__0snprintf$5) refers to printf5.o(i._snputc) for _snputc
    printf5.o(i.__0sprintf$5) refers to printf5.o(i._printf_core) for _printf_core
    printf5.o(i.__0sprintf$5) refers to printf5.o(i._sputc) for _sputc
    printf5.o(i.__0vfprintf$5) refers to printf5.o(i._printf_core) for _printf_core
    printf5.o(i.__0vfprintf$5) refers to bsp_uart_fifo.o(i.fputc) for fputc
    printf5.o(i.__0vprintf$5) refers to printf5.o(i._printf_core) for _printf_core
    printf5.o(i.__0vprintf$5) refers to bsp_uart_fifo.o(i.fputc) for fputc
    printf5.o(i.__0vprintf$5) refers to stdout.o(.data) for __stdout
    printf5.o(i.__0vsnprintf$5) refers to printf5.o(i._printf_core) for _printf_core
    printf5.o(i.__0vsnprintf$5) refers to printf5.o(i._snputc) for _snputc
    printf5.o(i.__0vsprintf$5) refers to printf5.o(i._printf_core) for _printf_core
    printf5.o(i.__0vsprintf$5) refers to printf5.o(i._sputc) for _sputc
    printf5.o(i._printf_core) refers to uldiv.o(.text) for __aeabi_uldivmod
    printf6.o(i.__0fprintf$6) refers to printf6.o(i._printf_core) for _printf_core
    printf6.o(i.__0fprintf$6) refers to bsp_uart_fifo.o(i.fputc) for fputc
    printf6.o(i.__0printf$6) refers to printf6.o(i._printf_core) for _printf_core
    printf6.o(i.__0printf$6) refers to bsp_uart_fifo.o(i.fputc) for fputc
    printf6.o(i.__0printf$6) refers to stdout.o(.data) for __stdout
    printf6.o(i.__0snprintf$6) refers to printf6.o(i._printf_core) for _printf_core
    printf6.o(i.__0snprintf$6) refers to printf6.o(i._snputc) for _snputc
    printf6.o(i.__0sprintf$6) refers to printf6.o(i._printf_core) for _printf_core
    printf6.o(i.__0sprintf$6) refers to printf6.o(i._sputc) for _sputc
    printf6.o(i.__0vfprintf$6) refers to printf6.o(i._printf_core) for _printf_core
    printf6.o(i.__0vfprintf$6) refers to bsp_uart_fifo.o(i.fputc) for fputc
    printf6.o(i.__0vprintf$6) refers to printf6.o(i._printf_core) for _printf_core
    printf6.o(i.__0vprintf$6) refers to bsp_uart_fifo.o(i.fputc) for fputc
    printf6.o(i.__0vprintf$6) refers to stdout.o(.data) for __stdout
    printf6.o(i.__0vsnprintf$6) refers to printf6.o(i._printf_core) for _printf_core
    printf6.o(i.__0vsnprintf$6) refers to printf6.o(i._snputc) for _snputc
    printf6.o(i.__0vsprintf$6) refers to printf6.o(i._printf_core) for _printf_core
    printf6.o(i.__0vsprintf$6) refers to printf6.o(i._sputc) for _sputc
    printf6.o(i._printf_core) refers to printf6.o(i._printf_pre_padding) for _printf_pre_padding
    printf6.o(i._printf_core) refers to uidiv.o(.text) for __aeabi_uidivmod
    printf6.o(i._printf_core) refers to printf6.o(i._printf_post_padding) for _printf_post_padding
    printf7.o(i.__0fprintf$7) refers to printf7.o(i._printf_core) for _printf_core
    printf7.o(i.__0fprintf$7) refers to bsp_uart_fifo.o(i.fputc) for fputc
    printf7.o(i.__0printf$7) refers to printf7.o(i._printf_core) for _printf_core
    printf7.o(i.__0printf$7) refers to bsp_uart_fifo.o(i.fputc) for fputc
    printf7.o(i.__0printf$7) refers to stdout.o(.data) for __stdout
    printf7.o(i.__0snprintf$7) refers to printf7.o(i._printf_core) for _printf_core
    printf7.o(i.__0snprintf$7) refers to printf7.o(i._snputc) for _snputc
    printf7.o(i.__0sprintf$7) refers to printf7.o(i._printf_core) for _printf_core
    printf7.o(i.__0sprintf$7) refers to printf7.o(i._sputc) for _sputc
    printf7.o(i.__0vfprintf$7) refers to printf7.o(i._printf_core) for _printf_core
    printf7.o(i.__0vfprintf$7) refers to bsp_uart_fifo.o(i.fputc) for fputc
    printf7.o(i.__0vprintf$7) refers to printf7.o(i._printf_core) for _printf_core
    printf7.o(i.__0vprintf$7) refers to bsp_uart_fifo.o(i.fputc) for fputc
    printf7.o(i.__0vprintf$7) refers to stdout.o(.data) for __stdout
    printf7.o(i.__0vsnprintf$7) refers to printf7.o(i._printf_core) for _printf_core
    printf7.o(i.__0vsnprintf$7) refers to printf7.o(i._snputc) for _snputc
    printf7.o(i.__0vsprintf$7) refers to printf7.o(i._printf_core) for _printf_core
    printf7.o(i.__0vsprintf$7) refers to printf7.o(i._sputc) for _sputc
    printf7.o(i._printf_core) refers to printf7.o(i._printf_pre_padding) for _printf_pre_padding
    printf7.o(i._printf_core) refers to uldiv.o(.text) for __aeabi_uldivmod
    printf7.o(i._printf_core) refers to printf7.o(i._printf_post_padding) for _printf_post_padding
    printf8.o(i.__0fprintf$8) refers to printf8.o(i._printf_core) for _printf_core
    printf8.o(i.__0fprintf$8) refers to bsp_uart_fifo.o(i.fputc) for fputc
    printf8.o(i.__0printf$8) refers to printf8.o(i._printf_core) for _printf_core
    printf8.o(i.__0printf$8) refers to bsp_uart_fifo.o(i.fputc) for fputc
    printf8.o(i.__0printf$8) refers to stdout.o(.data) for __stdout
    printf8.o(i.__0snprintf$8) refers to printf8.o(i._printf_core) for _printf_core
    printf8.o(i.__0snprintf$8) refers to printf8.o(i._snputc) for _snputc
    printf8.o(i.__0sprintf$8) refers to printf8.o(i._printf_core) for _printf_core
    printf8.o(i.__0sprintf$8) refers to printf8.o(i._sputc) for _sputc
    printf8.o(i.__0vfprintf$8) refers to printf8.o(i._printf_core) for _printf_core
    printf8.o(i.__0vfprintf$8) refers to bsp_uart_fifo.o(i.fputc) for fputc
    printf8.o(i.__0vprintf$8) refers to printf8.o(i._printf_core) for _printf_core
    printf8.o(i.__0vprintf$8) refers to bsp_uart_fifo.o(i.fputc) for fputc
    printf8.o(i.__0vprintf$8) refers to stdout.o(.data) for __stdout
    printf8.o(i.__0vsnprintf$8) refers to printf8.o(i._printf_core) for _printf_core
    printf8.o(i.__0vsnprintf$8) refers to printf8.o(i._snputc) for _snputc
    printf8.o(i.__0vsprintf$8) refers to printf8.o(i._printf_core) for _printf_core
    printf8.o(i.__0vsprintf$8) refers to printf8.o(i._sputc) for _sputc
    printf8.o(i._printf_core) refers to printf8.o(i._printf_pre_padding) for _printf_pre_padding
    printf8.o(i._printf_core) refers to uldiv.o(.text) for __aeabi_uldivmod
    printf8.o(i._printf_core) refers to printf8.o(i._printf_post_padding) for _printf_post_padding
    printfa.o(i.__0fprintf) refers (Special) to iusefp.o(.text) for __I$use$fp
    printfa.o(i.__0fprintf) refers to printfa.o(i._printf_core) for _printf_core
    printfa.o(i.__0fprintf) refers to bsp_uart_fifo.o(i.fputc) for fputc
    printfa.o(i.__0printf) refers (Special) to iusefp.o(.text) for __I$use$fp
    printfa.o(i.__0printf) refers to printfa.o(i._printf_core) for _printf_core
    printfa.o(i.__0printf) refers to bsp_uart_fifo.o(i.fputc) for fputc
    printfa.o(i.__0printf) refers to stdout.o(.data) for __stdout
    printfa.o(i.__0snprintf) refers (Special) to iusefp.o(.text) for __I$use$fp
    printfa.o(i.__0snprintf) refers to printfa.o(i._printf_core) for _printf_core
    printfa.o(i.__0snprintf) refers to printfa.o(i._snputc) for _snputc
    printfa.o(i.__0sprintf) refers (Special) to iusefp.o(.text) for __I$use$fp
    printfa.o(i.__0sprintf) refers to printfa.o(i._printf_core) for _printf_core
    printfa.o(i.__0sprintf) refers to printfa.o(i._sputc) for _sputc
    printfa.o(i.__0vfprintf) refers (Special) to iusefp.o(.text) for __I$use$fp
    printfa.o(i.__0vfprintf) refers to printfa.o(i._printf_core) for _printf_core
    printfa.o(i.__0vfprintf) refers to bsp_uart_fifo.o(i.fputc) for fputc
    printfa.o(i.__0vprintf) refers (Special) to iusefp.o(.text) for __I$use$fp
    printfa.o(i.__0vprintf) refers to printfa.o(i._printf_core) for _printf_core
    printfa.o(i.__0vprintf) refers to bsp_uart_fifo.o(i.fputc) for fputc
    printfa.o(i.__0vprintf) refers to stdout.o(.data) for __stdout
    printfa.o(i.__0vsnprintf) refers (Special) to iusefp.o(.text) for __I$use$fp
    printfa.o(i.__0vsnprintf) refers to printfa.o(i._printf_core) for _printf_core
    printfa.o(i.__0vsnprintf) refers to printfa.o(i._snputc) for _snputc
    printfa.o(i.__0vsprintf) refers (Special) to iusefp.o(.text) for __I$use$fp
    printfa.o(i.__0vsprintf) refers to printfa.o(i._printf_core) for _printf_core
    printfa.o(i.__0vsprintf) refers to printfa.o(i._sputc) for _sputc
    printfa.o(i._fp_digits) refers (Special) to iusefp.o(.text) for __I$use$fp
    printfa.o(i._fp_digits) refers to dmul.o(.text) for __aeabi_dmul
    printfa.o(i._fp_digits) refers to ddiv.o(.text) for __aeabi_ddiv
    printfa.o(i._fp_digits) refers to cdrcmple.o(.text) for __aeabi_cdrcmple
    printfa.o(i._fp_digits) refers to dadd.o(.text) for __aeabi_dadd
    printfa.o(i._fp_digits) refers to dfixul.o(.text) for __aeabi_d2ulz
    printfa.o(i._fp_digits) refers to uldiv.o(.text) for __aeabi_uldivmod
    printfa.o(i._printf_core) refers (Special) to iusefp.o(.text) for __I$use$fp
    printfa.o(i._printf_core) refers to printfa.o(i._printf_pre_padding) for _printf_pre_padding
    printfa.o(i._printf_core) refers to uldiv.o(.text) for __aeabi_uldivmod
    printfa.o(i._printf_core) refers to printfa.o(i._printf_post_padding) for _printf_post_padding
    printfa.o(i._printf_core) refers to printfa.o(i._fp_digits) for _fp_digits
    printfa.o(i._printf_core) refers to uidiv.o(.text) for __aeabi_uidivmod
    printfa.o(i._printf_post_padding) refers (Special) to iusefp.o(.text) for __I$use$fp
    printfa.o(i._printf_pre_padding) refers (Special) to iusefp.o(.text) for __I$use$fp
    printfa.o(i._snputc) refers (Special) to iusefp.o(.text) for __I$use$fp
    printfa.o(i._sputc) refers (Special) to iusefp.o(.text) for __I$use$fp
    entry2.o(.ARM.Collect$$$$00000001) refers to entry2.o(.ARM.Collect$$$$00002712) for __lit__00000000
    entry2.o(.ARM.Collect$$$$00002712) refers to startup_stm32f40_41xxx.o(STACK) for __initial_sp
    entry2.o(__vectab_stack_and_reset_area) refers to startup_stm32f40_41xxx.o(STACK) for __initial_sp
    entry2.o(__vectab_stack_and_reset_area) refers to entry.o(.ARM.Collect$$$$00000000) for __main
    entry5.o(.ARM.Collect$$$$00000004) refers to init.o(.text) for __scatterload
    entry9a.o(.ARM.Collect$$$$0000000B) refers to main.o(i.main) for main
    entry9b.o(.ARM.Collect$$$$0000000C) refers to main.o(i.main) for main
    uldiv.o(.text) refers to llushr.o(.text) for __aeabi_llsr
    uldiv.o(.text) refers to llshl.o(.text) for __aeabi_llsl
    dadd.o(.text) refers to llshl.o(.text) for __aeabi_llsl
    dadd.o(.text) refers to llsshr.o(.text) for __aeabi_lasr
    dadd.o(.text) refers to depilogue.o(.text) for _double_epilogue
    dmul.o(.text) refers to depilogue.o(.text) for _double_epilogue
    ddiv.o(.text) refers to depilogue.o(.text) for _double_round
    dfixul.o(.text) refers to llushr.o(.text) for __aeabi_llsr
    dfixul.o(.text) refers to llshl.o(.text) for __aeabi_llsl
    init.o(.text) refers to entry5.o(.ARM.Collect$$$$00000004) for __main_after_scatterload
    depilogue.o(.text) refers to llshl.o(.text) for __aeabi_llsl
    depilogue.o(.text) refers to llushr.o(.text) for __aeabi_llsr


==============================================================================

Removing Unused input sections from the image.

    Removing main.o(.rev16_text), (4 bytes).
    Removing main.o(.revsh_text), (4 bytes).
    Removing demo_spi_ad7606.o(.rev16_text), (4 bytes).
    Removing demo_spi_ad7606.o(.revsh_text), (4 bytes).
    Removing demo_spi_ad7606.o(i.AD7606_Disp2), (308 bytes).
    Removing bsp_key.o(.rev16_text), (4 bytes).
    Removing bsp_key.o(.revsh_text), (4 bytes).
    Removing bsp_key.o(i.bsp_ClearKey), (16 bytes).
    Removing bsp_key.o(i.bsp_GetKey), (52 bytes).
    Removing bsp_key.o(i.bsp_GetKey2), (52 bytes).
    Removing bsp_key.o(i.bsp_GetKeyState), (16 bytes).
    Removing bsp_key.o(i.bsp_SetKeyParam), (36 bytes).
    Removing bsp_led.o(.rev16_text), (4 bytes).
    Removing bsp_led.o(.revsh_text), (4 bytes).
    Removing bsp_led.o(i.bsp_InitLed), (124 bytes).
    Removing bsp_led.o(i.bsp_IsLedOn), (108 bytes).
    Removing bsp_led.o(i.bsp_LedOff), (64 bytes).
    Removing bsp_led.o(i.bsp_LedOn), (64 bytes).
    Removing bsp_led.o(i.bsp_LedToggle), (84 bytes).
    Removing bsp_timer.o(.rev16_text), (4 bytes).
    Removing bsp_timer.o(.revsh_text), (4 bytes).
    Removing bsp_timer.o(i.bsp_DelayMS), (68 bytes).
    Removing bsp_timer.o(i.bsp_DelayUS), (84 bytes).
    Removing bsp_timer.o(i.bsp_GetRunTime), (28 bytes).
    Removing bsp_timer.o(i.bsp_StartTimer), (164 bytes).
    Removing bsp_timer.o(i.bsp_StopTimer), (152 bytes).
    Removing bsp_uart_fifo.o(.rev16_text), (4 bytes).
    Removing bsp_uart_fifo.o(.revsh_text), (4 bytes).
    Removing bsp_uart_fifo.o(i.comClearRxFifo), (28 bytes).
    Removing bsp_uart_fifo.o(i.comClearTxFifo), (28 bytes).
    Removing bsp_uart_fifo.o(i.fgetc), (24 bytes).
    Removing stm32f4xx_it.o(.rev16_text), (4 bytes).
    Removing stm32f4xx_it.o(.revsh_text), (4 bytes).
    Removing stm32f4xx_assert.o(.rev16_text), (4 bytes).
    Removing stm32f4xx_assert.o(.revsh_text), (4 bytes).
    Removing bsp.o(.rev16_text), (4 bytes).
    Removing bsp.o(.revsh_text), (4 bytes).
    Removing bsp_spi_bus.o(.rev16_text), (4 bytes).
    Removing bsp_spi_bus.o(.revsh_text), (4 bytes).
    Removing bsp_spi_bus.o(i.bsp_SPI_Init), (20 bytes).
    Removing bsp_spi_bus.o(i.bsp_SetSpiSck), (36 bytes).
    Removing bsp_spi_bus.o(i.bsp_SpiBusBusy), (12 bytes).
    Removing bsp_spi_bus.o(i.bsp_SpiBusEnter), (12 bytes).
    Removing bsp_spi_bus.o(i.bsp_SpiBusExit), (12 bytes).
    Removing bsp_spi_bus.o(i.bsp_spiRead0), (76 bytes).
    Removing bsp_spi_bus.o(i.bsp_spiWrite0), (88 bytes).
    Removing bsp_spi_bus.o(i.bsp_spiWrite1), (84 bytes).
    Removing bsp_spi_bus.o(.data), (1 bytes).
    Removing bsp_spi_ad7606.o(.rev16_text), (4 bytes).
    Removing bsp_spi_ad7606.o(.revsh_text), (4 bytes).
    Removing bsp_spi_ad7606.o(i.AD7606_CfgSpiHard), (84 bytes).
    Removing startup_stm32f40_41xxx.o(HEAP), (512 bytes).
    Removing stm32f4xx_rcc.o(.rev16_text), (4 bytes).
    Removing stm32f4xx_rcc.o(.revsh_text), (4 bytes).
    Removing stm32f4xx_rcc.o(i.RCC_AHB1PeriphClockLPModeCmd), (32 bytes).
    Removing stm32f4xx_rcc.o(i.RCC_AHB1PeriphResetCmd), (32 bytes).
    Removing stm32f4xx_rcc.o(i.RCC_AHB2PeriphClockCmd), (32 bytes).
    Removing stm32f4xx_rcc.o(i.RCC_AHB2PeriphClockLPModeCmd), (32 bytes).
    Removing stm32f4xx_rcc.o(i.RCC_AHB2PeriphResetCmd), (32 bytes).
    Removing stm32f4xx_rcc.o(i.RCC_AHB3PeriphClockCmd), (32 bytes).
    Removing stm32f4xx_rcc.o(i.RCC_AHB3PeriphClockLPModeCmd), (32 bytes).
    Removing stm32f4xx_rcc.o(i.RCC_AHB3PeriphResetCmd), (32 bytes).
    Removing stm32f4xx_rcc.o(i.RCC_APB1PeriphClockLPModeCmd), (32 bytes).
    Removing stm32f4xx_rcc.o(i.RCC_APB1PeriphResetCmd), (32 bytes).
    Removing stm32f4xx_rcc.o(i.RCC_APB2PeriphClockLPModeCmd), (32 bytes).
    Removing stm32f4xx_rcc.o(i.RCC_APB2PeriphResetCmd), (32 bytes).
    Removing stm32f4xx_rcc.o(i.RCC_AdjustHSICalibrationValue), (24 bytes).
    Removing stm32f4xx_rcc.o(i.RCC_BackupResetCmd), (12 bytes).
    Removing stm32f4xx_rcc.o(i.RCC_ClearFlag), (20 bytes).
    Removing stm32f4xx_rcc.o(i.RCC_ClearITPendingBit), (12 bytes).
    Removing stm32f4xx_rcc.o(i.RCC_ClockSecuritySystemCmd), (12 bytes).
    Removing stm32f4xx_rcc.o(i.RCC_DeInit), (100 bytes).
    Removing stm32f4xx_rcc.o(i.RCC_GetFlagStatus), (64 bytes).
    Removing stm32f4xx_rcc.o(i.RCC_GetITStatus), (24 bytes).
    Removing stm32f4xx_rcc.o(i.RCC_GetSYSCLKSource), (16 bytes).
    Removing stm32f4xx_rcc.o(i.RCC_HCLKConfig), (24 bytes).
    Removing stm32f4xx_rcc.o(i.RCC_HSEConfig), (16 bytes).
    Removing stm32f4xx_rcc.o(i.RCC_HSICmd), (12 bytes).
    Removing stm32f4xx_rcc.o(i.RCC_I2SCLKConfig), (12 bytes).
    Removing stm32f4xx_rcc.o(i.RCC_ITConfig), (32 bytes).
    Removing stm32f4xx_rcc.o(i.RCC_LSEConfig), (44 bytes).
    Removing stm32f4xx_rcc.o(i.RCC_LSICmd), (12 bytes).
    Removing stm32f4xx_rcc.o(i.RCC_LTDCCLKDivConfig), (24 bytes).
    Removing stm32f4xx_rcc.o(i.RCC_MCO1Config), (28 bytes).
    Removing stm32f4xx_rcc.o(i.RCC_MCO2Config), (28 bytes).
    Removing stm32f4xx_rcc.o(i.RCC_PCLK1Config), (24 bytes).
    Removing stm32f4xx_rcc.o(i.RCC_PCLK2Config), (24 bytes).
    Removing stm32f4xx_rcc.o(i.RCC_PLLCmd), (12 bytes).
    Removing stm32f4xx_rcc.o(i.RCC_PLLConfig), (36 bytes).
    Removing stm32f4xx_rcc.o(i.RCC_PLLI2SCmd), (12 bytes).
    Removing stm32f4xx_rcc.o(i.RCC_PLLI2SConfig), (16 bytes).
    Removing stm32f4xx_rcc.o(i.RCC_PLLSAICmd), (12 bytes).
    Removing stm32f4xx_rcc.o(i.RCC_PLLSAIConfig), (24 bytes).
    Removing stm32f4xx_rcc.o(i.RCC_RTCCLKCmd), (12 bytes).
    Removing stm32f4xx_rcc.o(i.RCC_RTCCLKConfig), (60 bytes).
    Removing stm32f4xx_rcc.o(i.RCC_SAIBlockACLKConfig), (24 bytes).
    Removing stm32f4xx_rcc.o(i.RCC_SAIBlockBCLKConfig), (24 bytes).
    Removing stm32f4xx_rcc.o(i.RCC_SAIPLLI2SClkDivConfig), (28 bytes).
    Removing stm32f4xx_rcc.o(i.RCC_SAIPLLSAIClkDivConfig), (28 bytes).
    Removing stm32f4xx_rcc.o(i.RCC_SYSCLKConfig), (24 bytes).
    Removing stm32f4xx_rcc.o(i.RCC_TIMCLKPresConfig), (12 bytes).
    Removing stm32f4xx_rcc.o(i.RCC_WaitForHSEStartUp), (56 bytes).
    Removing stm32f4xx_syscfg.o(.rev16_text), (4 bytes).
    Removing stm32f4xx_syscfg.o(.revsh_text), (4 bytes).
    Removing stm32f4xx_syscfg.o(i.SYSCFG_CompensationCellCmd), (12 bytes).
    Removing stm32f4xx_syscfg.o(i.SYSCFG_DeInit), (22 bytes).
    Removing stm32f4xx_syscfg.o(i.SYSCFG_ETH_MediaInterfaceConfig), (12 bytes).
    Removing stm32f4xx_syscfg.o(i.SYSCFG_EXTILineConfig), (64 bytes).
    Removing stm32f4xx_syscfg.o(i.SYSCFG_GetCompensationCellStatus), (24 bytes).
    Removing stm32f4xx_syscfg.o(i.SYSCFG_MemoryRemapConfig), (12 bytes).
    Removing stm32f4xx_syscfg.o(i.SYSCFG_MemorySwappingBank), (12 bytes).
    Removing misc.o(.rev16_text), (4 bytes).
    Removing misc.o(.revsh_text), (4 bytes).
    Removing misc.o(i.NVIC_SetVectorTable), (20 bytes).
    Removing misc.o(i.NVIC_SystemLPConfig), (32 bytes).
    Removing misc.o(i.SysTick_CLKSourceConfig), (40 bytes).
    Removing stm32f4xx_gpio.o(.rev16_text), (4 bytes).
    Removing stm32f4xx_gpio.o(.revsh_text), (4 bytes).
    Removing stm32f4xx_gpio.o(i.GPIO_DeInit), (312 bytes).
    Removing stm32f4xx_gpio.o(i.GPIO_PinLockConfig), (34 bytes).
    Removing stm32f4xx_gpio.o(i.GPIO_ReadInputData), (8 bytes).
    Removing stm32f4xx_gpio.o(i.GPIO_ReadOutputData), (8 bytes).
    Removing stm32f4xx_gpio.o(i.GPIO_ReadOutputDataBit), (18 bytes).
    Removing stm32f4xx_gpio.o(i.GPIO_StructInit), (18 bytes).
    Removing stm32f4xx_gpio.o(i.GPIO_ToggleBits), (8 bytes).
    Removing stm32f4xx_gpio.o(i.GPIO_Write), (4 bytes).
    Removing stm32f4xx_gpio.o(i.GPIO_WriteBit), (10 bytes).
    Removing stm32f4xx_usart.o(.rev16_text), (4 bytes).
    Removing stm32f4xx_usart.o(.revsh_text), (4 bytes).
    Removing stm32f4xx_usart.o(i.USART_ClearITPendingBit), (30 bytes).
    Removing stm32f4xx_usart.o(i.USART_ClockInit), (32 bytes).
    Removing stm32f4xx_usart.o(i.USART_ClockStructInit), (12 bytes).
    Removing stm32f4xx_usart.o(i.USART_DMACmd), (18 bytes).
    Removing stm32f4xx_usart.o(i.USART_DeInit), (240 bytes).
    Removing stm32f4xx_usart.o(i.USART_GetFlagStatus), (26 bytes).
    Removing stm32f4xx_usart.o(i.USART_HalfDuplexCmd), (24 bytes).
    Removing stm32f4xx_usart.o(i.USART_IrDACmd), (24 bytes).
    Removing stm32f4xx_usart.o(i.USART_IrDAConfig), (18 bytes).
    Removing stm32f4xx_usart.o(i.USART_LINBreakDetectLengthConfig), (18 bytes).
    Removing stm32f4xx_usart.o(i.USART_LINCmd), (24 bytes).
    Removing stm32f4xx_usart.o(i.USART_OneBitMethodCmd), (24 bytes).
    Removing stm32f4xx_usart.o(i.USART_OverSampling8Cmd), (22 bytes).
    Removing stm32f4xx_usart.o(i.USART_ReceiverWakeUpCmd), (24 bytes).
    Removing stm32f4xx_usart.o(i.USART_SendBreak), (10 bytes).
    Removing stm32f4xx_usart.o(i.USART_SetAddress), (18 bytes).
    Removing stm32f4xx_usart.o(i.USART_SetGuardTime), (16 bytes).
    Removing stm32f4xx_usart.o(i.USART_SetPrescaler), (16 bytes).
    Removing stm32f4xx_usart.o(i.USART_SmartCardCmd), (24 bytes).
    Removing stm32f4xx_usart.o(i.USART_SmartCardNACKCmd), (24 bytes).
    Removing stm32f4xx_usart.o(i.USART_StructInit), (24 bytes).
    Removing stm32f4xx_usart.o(i.USART_WakeUpConfig), (18 bytes).
    Removing stm32f4xx_spi.o(.rev16_text), (4 bytes).
    Removing stm32f4xx_spi.o(.revsh_text), (4 bytes).
    Removing stm32f4xx_spi.o(i.I2S_Cmd), (24 bytes).
    Removing stm32f4xx_spi.o(i.I2S_FullDuplexConfig), (80 bytes).
    Removing stm32f4xx_spi.o(i.I2S_Init), (360 bytes).
    Removing stm32f4xx_spi.o(i.I2S_StructInit), (20 bytes).
    Removing stm32f4xx_spi.o(i.SPI_BiDirectionalLineConfig), (28 bytes).
    Removing stm32f4xx_spi.o(i.SPI_CalculateCRC), (24 bytes).
    Removing stm32f4xx_spi.o(i.SPI_Cmd), (24 bytes).
    Removing stm32f4xx_spi.o(i.SPI_DataSizeConfig), (18 bytes).
    Removing stm32f4xx_spi.o(i.SPI_GetCRC), (16 bytes).
    Removing stm32f4xx_spi.o(i.SPI_GetCRCPolynomial), (6 bytes).
    Removing stm32f4xx_spi.o(i.SPI_I2S_ClearFlag), (6 bytes).
    Removing stm32f4xx_spi.o(i.SPI_I2S_ClearITPendingBit), (20 bytes).
    Removing stm32f4xx_spi.o(i.SPI_I2S_DMACmd), (18 bytes).
    Removing stm32f4xx_spi.o(i.SPI_I2S_DeInit), (176 bytes).
    Removing stm32f4xx_spi.o(i.SPI_I2S_GetFlagStatus), (18 bytes).
    Removing stm32f4xx_spi.o(i.SPI_I2S_GetITStatus), (52 bytes).
    Removing stm32f4xx_spi.o(i.SPI_I2S_ITConfig), (32 bytes).
    Removing stm32f4xx_spi.o(i.SPI_I2S_ReceiveData), (6 bytes).
    Removing stm32f4xx_spi.o(i.SPI_I2S_SendData), (4 bytes).
    Removing stm32f4xx_spi.o(i.SPI_Init), (60 bytes).
    Removing stm32f4xx_spi.o(i.SPI_NSSInternalSoftwareConfig), (30 bytes).
    Removing stm32f4xx_spi.o(i.SPI_SSOutputCmd), (24 bytes).
    Removing stm32f4xx_spi.o(i.SPI_StructInit), (24 bytes).
    Removing stm32f4xx_spi.o(i.SPI_TIModeCmd), (24 bytes).
    Removing stm32f4xx_spi.o(i.SPI_TransmitCRC), (10 bytes).
    Removing system_stm32f4xx.o(.rev16_text), (4 bytes).
    Removing system_stm32f4xx.o(.revsh_text), (4 bytes).
    Removing system_stm32f4xx.o(i.SystemCoreClockUpdate), (192 bytes).
    Removing dadd.o(.text), (334 bytes).
    Removing dmul.o(.text), (228 bytes).
    Removing ddiv.o(.text), (222 bytes).
    Removing dfixul.o(.text), (48 bytes).
    Removing cdrcmple.o(.text), (48 bytes).
    Removing depilogue.o(.text), (186 bytes).

187 unused section(s) (total 7627 bytes) removed from the image.

==============================================================================

Image Symbol Table

    Local Symbols

    Symbol Name                              Value     Ov Type        Size  Object(Section)

    ../clib/microlib/division.c              0x00000000   Number         0  uidiv.o ABSOLUTE
    ../clib/microlib/division.c              0x00000000   Number         0  uldiv.o ABSOLUTE
    ../clib/microlib/init/entry.s            0x00000000   Number         0  entry9a.o ABSOLUTE
    ../clib/microlib/init/entry.s            0x00000000   Number         0  entry8b.o ABSOLUTE
    ../clib/microlib/init/entry.s            0x00000000   Number         0  entry2.o ABSOLUTE
    ../clib/microlib/init/entry.s            0x00000000   Number         0  entry5.o ABSOLUTE
    ../clib/microlib/init/entry.s            0x00000000   Number         0  entry8a.o ABSOLUTE
    ../clib/microlib/init/entry.s            0x00000000   Number         0  entry7a.o ABSOLUTE
    ../clib/microlib/init/entry.s            0x00000000   Number         0  entry7b.o ABSOLUTE
    ../clib/microlib/init/entry.s            0x00000000   Number         0  entry9b.o ABSOLUTE
    ../clib/microlib/init/entry.s            0x00000000   Number         0  entry10b.o ABSOLUTE
    ../clib/microlib/init/entry.s            0x00000000   Number         0  entry11a.o ABSOLUTE
    ../clib/microlib/init/entry.s            0x00000000   Number         0  entry.o ABSOLUTE
    ../clib/microlib/init/entry.s            0x00000000   Number         0  entry10a.o ABSOLUTE
    ../clib/microlib/init/entry.s            0x00000000   Number         0  entry11b.o ABSOLUTE
    ../clib/microlib/longlong.c              0x00000000   Number         0  llsshr.o ABSOLUTE
    ../clib/microlib/longlong.c              0x00000000   Number         0  llushr.o ABSOLUTE
    ../clib/microlib/longlong.c              0x00000000   Number         0  llshl.o ABSOLUTE
    ../clib/microlib/printf/printf.c         0x00000000   Number         0  printf4.o ABSOLUTE
    ../clib/microlib/printf/printf.c         0x00000000   Number         0  printfa.o ABSOLUTE
    ../clib/microlib/printf/printf.c         0x00000000   Number         0  printf1.o ABSOLUTE
    ../clib/microlib/printf/printf.c         0x00000000   Number         0  printf3.o ABSOLUTE
    ../clib/microlib/printf/printf.c         0x00000000   Number         0  printfb.o ABSOLUTE
    ../clib/microlib/printf/printf.c         0x00000000   Number         0  printf8.o ABSOLUTE
    ../clib/microlib/printf/printf.c         0x00000000   Number         0  printf7.o ABSOLUTE
    ../clib/microlib/printf/printf.c         0x00000000   Number         0  printf2.o ABSOLUTE
    ../clib/microlib/printf/printf.c         0x00000000   Number         0  printf6.o ABSOLUTE
    ../clib/microlib/printf/printf.c         0x00000000   Number         0  printf0.o ABSOLUTE
    ../clib/microlib/printf/printf.c         0x00000000   Number         0  printf5.o ABSOLUTE
    ../clib/microlib/printf/stubs.s          0x00000000   Number         0  stubs.o ABSOLUTE
    ../clib/microlib/stdio/streams.c         0x00000000   Number         0  stdout.o ABSOLUTE
    ../clib/microlib/stubs.s                 0x00000000   Number         0  iusefp.o ABSOLUTE
    ../fplib/microlib/fpadd.c                0x00000000   Number         0  dadd.o ABSOLUTE
    ../fplib/microlib/fpdiv.c                0x00000000   Number         0  ddiv.o ABSOLUTE
    ../fplib/microlib/fpepilogue.c           0x00000000   Number         0  depilogue.o ABSOLUTE
    ../fplib/microlib/fpfix.c                0x00000000   Number         0  dfixul.o ABSOLUTE
    ../fplib/microlib/fpmul.c                0x00000000   Number         0  dmul.o ABSOLUTE
    ..\..\Libraries\CMSIS\Device\ST\STM32F4xx\Source\Templates\arm\startup_stm32f40_41xxx.s 0x00000000   Number         0  startup_stm32f40_41xxx.o ABSOLUTE
    ..\..\Libraries\STM32F4xx_StdPeriph_Driver\src\misc.c 0x00000000   Number         0  misc.o ABSOLUTE
    ..\..\Libraries\STM32F4xx_StdPeriph_Driver\src\stm32f4xx_gpio.c 0x00000000   Number         0  stm32f4xx_gpio.o ABSOLUTE
    ..\..\Libraries\STM32F4xx_StdPeriph_Driver\src\stm32f4xx_rcc.c 0x00000000   Number         0  stm32f4xx_rcc.o ABSOLUTE
    ..\..\Libraries\STM32F4xx_StdPeriph_Driver\src\stm32f4xx_spi.c 0x00000000   Number         0  stm32f4xx_spi.o ABSOLUTE
    ..\..\Libraries\STM32F4xx_StdPeriph_Driver\src\stm32f4xx_syscfg.c 0x00000000   Number         0  stm32f4xx_syscfg.o ABSOLUTE
    ..\..\Libraries\STM32F4xx_StdPeriph_Driver\src\stm32f4xx_usart.c 0x00000000   Number         0  stm32f4xx_usart.o ABSOLUTE
    ..\..\User\bsp_stm32f4xx\bsp.c           0x00000000   Number         0  bsp.o ABSOLUTE
    ..\..\User\bsp_stm32f4xx\src\bsp_key.c   0x00000000   Number         0  bsp_key.o ABSOLUTE
    ..\..\User\bsp_stm32f4xx\src\bsp_led.c   0x00000000   Number         0  bsp_led.o ABSOLUTE
    ..\..\User\bsp_stm32f4xx\src\bsp_spi_ad7606.c 0x00000000   Number         0  bsp_spi_ad7606.o ABSOLUTE
    ..\..\User\bsp_stm32f4xx\src\bsp_spi_bus.c 0x00000000   Number         0  bsp_spi_bus.o ABSOLUTE
    ..\..\User\bsp_stm32f4xx\src\bsp_timer.c 0x00000000   Number         0  bsp_timer.o ABSOLUTE
    ..\..\User\bsp_stm32f4xx\src\bsp_uart_fifo.c 0x00000000   Number         0  bsp_uart_fifo.o ABSOLUTE
    ..\..\User\bsp_stm32f4xx\stm32f4xx_assert.c 0x00000000   Number         0  stm32f4xx_assert.o ABSOLUTE
    ..\..\User\bsp_stm32f4xx\stm32f4xx_it.c  0x00000000   Number         0  stm32f4xx_it.o ABSOLUTE
    ..\..\User\bsp_stm32f4xx\system_stm32f4xx.c 0x00000000   Number         0  system_stm32f4xx.o ABSOLUTE
    ..\..\User\demo_spi_ad7606.c             0x00000000   Number         0  demo_spi_ad7606.o ABSOLUTE
    ..\..\User\main.c                        0x00000000   Number         0  main.o ABSOLUTE
    ..\\..\\Libraries\\STM32F4xx_StdPeriph_Driver\\src\\misc.c 0x00000000   Number         0  misc.o ABSOLUTE
    ..\\..\\Libraries\\STM32F4xx_StdPeriph_Driver\\src\\stm32f4xx_gpio.c 0x00000000   Number         0  stm32f4xx_gpio.o ABSOLUTE
    ..\\..\\Libraries\\STM32F4xx_StdPeriph_Driver\\src\\stm32f4xx_rcc.c 0x00000000   Number         0  stm32f4xx_rcc.o ABSOLUTE
    ..\\..\\Libraries\\STM32F4xx_StdPeriph_Driver\\src\\stm32f4xx_spi.c 0x00000000   Number         0  stm32f4xx_spi.o ABSOLUTE
    ..\\..\\Libraries\\STM32F4xx_StdPeriph_Driver\\src\\stm32f4xx_syscfg.c 0x00000000   Number         0  stm32f4xx_syscfg.o ABSOLUTE
    ..\\..\\Libraries\\STM32F4xx_StdPeriph_Driver\\src\\stm32f4xx_usart.c 0x00000000   Number         0  stm32f4xx_usart.o ABSOLUTE
    ..\\..\\User\\bsp_stm32f4xx\\bsp.c       0x00000000   Number         0  bsp.o ABSOLUTE
    ..\\..\\User\\bsp_stm32f4xx\\src\\bsp_key.c 0x00000000   Number         0  bsp_key.o ABSOLUTE
    ..\\..\\User\\bsp_stm32f4xx\\src\\bsp_led.c 0x00000000   Number         0  bsp_led.o ABSOLUTE
    ..\\..\\User\\bsp_stm32f4xx\\src\\bsp_spi_ad7606.c 0x00000000   Number         0  bsp_spi_ad7606.o ABSOLUTE
    ..\\..\\User\\bsp_stm32f4xx\\src\\bsp_spi_bus.c 0x00000000   Number         0  bsp_spi_bus.o ABSOLUTE
    ..\\..\\User\\bsp_stm32f4xx\\src\\bsp_timer.c 0x00000000   Number         0  bsp_timer.o ABSOLUTE
    ..\\..\\User\\bsp_stm32f4xx\\src\\bsp_uart_fifo.c 0x00000000   Number         0  bsp_uart_fifo.o ABSOLUTE
    ..\\..\\User\\bsp_stm32f4xx\\stm32f4xx_assert.c 0x00000000   Number         0  stm32f4xx_assert.o ABSOLUTE
    ..\\..\\User\\bsp_stm32f4xx\\stm32f4xx_it.c 0x00000000   Number         0  stm32f4xx_it.o ABSOLUTE
    ..\\..\\User\\bsp_stm32f4xx\\system_stm32f4xx.c 0x00000000   Number         0  system_stm32f4xx.o ABSOLUTE
    ..\\..\\User\\demo_spi_ad7606.c          0x00000000   Number         0  demo_spi_ad7606.o ABSOLUTE
    ..\\..\\User\\main.c                     0x00000000   Number         0  main.o ABSOLUTE
    cdrcmple.s                               0x00000000   Number         0  cdrcmple.o ABSOLUTE
    dc.s                                     0x00000000   Number         0  dc.o ABSOLUTE
    handlers.s                               0x00000000   Number         0  handlers.o ABSOLUTE
    init.s                                   0x00000000   Number         0  init.o ABSOLUTE
    RESET                                    0x08000000   Section      392  startup_stm32f40_41xxx.o(RESET)
    .ARM.Collect$$$$00000000                 0x08000188   Section        0  entry.o(.ARM.Collect$$$$00000000)
    .ARM.Collect$$$$00000001                 0x08000188   Section        4  entry2.o(.ARM.Collect$$$$00000001)
    .ARM.Collect$$$$00000004                 0x0800018c   Section        4  entry5.o(.ARM.Collect$$$$00000004)
    .ARM.Collect$$$$00000008                 0x08000190   Section        0  entry7b.o(.ARM.Collect$$$$00000008)
    .ARM.Collect$$$$0000000A                 0x08000190   Section        0  entry8b.o(.ARM.Collect$$$$0000000A)
    .ARM.Collect$$$$0000000B                 0x08000190   Section        8  entry9a.o(.ARM.Collect$$$$0000000B)
    .ARM.Collect$$$$0000000D                 0x08000198   Section        0  entry10a.o(.ARM.Collect$$$$0000000D)
    .ARM.Collect$$$$0000000F                 0x08000198   Section        0  entry11a.o(.ARM.Collect$$$$0000000F)
    .ARM.Collect$$$$00002712                 0x08000198   Section        4  entry2.o(.ARM.Collect$$$$00002712)
    __lit__00000000                          0x08000198   Data           4  entry2.o(.ARM.Collect$$$$00002712)
    .text                                    0x0800019c   Section       36  startup_stm32f40_41xxx.o(.text)
    $v0                                      0x0800019c   Number         0  startup_stm32f40_41xxx.o(.text)
    .text                                    0x080001c0   Section        0  uldiv.o(.text)
    .text                                    0x08000224   Section       36  init.o(.text)
    .text                                    0x08000248   Section        0  llshl.o(.text)
    .text                                    0x08000266   Section        0  llushr.o(.text)
    i.AD7606_ConfigGPIO                      0x08000288   Section        0  bsp_spi_ad7606.o(i.AD7606_ConfigGPIO)
    AD7606_ConfigGPIO                        0x08000289   Thumb Code   174  bsp_spi_ad7606.o(i.AD7606_ConfigGPIO)
    i.AD7606_Disp                            0x08000348   Section        0  demo_spi_ad7606.o(i.AD7606_Disp)
    AD7606_Disp                              0x08000349   Thumb Code   386  demo_spi_ad7606.o(i.AD7606_Disp)
    i.AD7606_Mak                             0x08000538   Section        0  demo_spi_ad7606.o(i.AD7606_Mak)
    AD7606_Mak                               0x08000539   Thumb Code    86  demo_spi_ad7606.o(i.AD7606_Mak)
    i.AD7606_ReadAdc                         0x0800059c   Section        0  bsp_spi_ad7606.o(i.AD7606_ReadAdc)
    i.AD7606_Reset                           0x080005bc   Section        0  bsp_spi_ad7606.o(i.AD7606_Reset)
    i.AD7606_Scan                            0x080005fc   Section        0  bsp_spi_ad7606.o(i.AD7606_Scan)
    i.AD7606_SetInputRange                   0x08000658   Section        0  bsp_spi_ad7606.o(i.AD7606_SetInputRange)
    i.AD7606_StartConv                       0x08000678   Section        0  bsp_spi_ad7606.o(i.AD7606_StartConv)
    i.BusFault_Handler                       0x080006a0   Section        0  stm32f4xx_it.o(i.BusFault_Handler)
    i.ComToUart                              0x080006a4   Section        0  bsp_uart_fifo.o(i.ComToUart)
    i.ConfigUartNVIC                         0x080006e8   Section        0  bsp_uart_fifo.o(i.ConfigUartNVIC)
    ConfigUartNVIC                           0x080006e9   Thumb Code   106  bsp_uart_fifo.o(i.ConfigUartNVIC)
    i.DebugMon_Handler                       0x08000752   Section        0  stm32f4xx_it.o(i.DebugMon_Handler)
    i.Demo_spi_AD7606                        0x08000754   Section        0  demo_spi_ad7606.o(i.Demo_spi_AD7606)
    i.DispMenu                               0x080007c4   Section        0  demo_spi_ad7606.o(i.DispMenu)
    DispMenu                                 0x080007c5   Thumb Code    28  demo_spi_ad7606.o(i.DispMenu)
    i.GPIO_Init                              0x08000848   Section        0  stm32f4xx_gpio.o(i.GPIO_Init)
    i.GPIO_PinAFConfig                       0x080008d8   Section        0  stm32f4xx_gpio.o(i.GPIO_PinAFConfig)
    i.GPIO_ReadInputDataBit                  0x0800091e   Section        0  stm32f4xx_gpio.o(i.GPIO_ReadInputDataBit)
    i.GPIO_ResetBits                         0x08000930   Section        0  stm32f4xx_gpio.o(i.GPIO_ResetBits)
    i.GPIO_SetBits                           0x08000934   Section        0  stm32f4xx_gpio.o(i.GPIO_SetBits)
    i.HardFault_Handler                      0x08000938   Section        0  stm32f4xx_it.o(i.HardFault_Handler)
    i.InitHardUart                           0x08000990   Section        0  bsp_uart_fifo.o(i.InitHardUart)
    InitHardUart                             0x08000991   Thumb Code   710  bsp_uart_fifo.o(i.InitHardUart)
    i.IsKeyDown1                             0x08000c78   Section        0  bsp_key.o(i.IsKeyDown1)
    IsKeyDown1                               0x08000c79   Thumb Code    18  bsp_key.o(i.IsKeyDown1)
    i.IsKeyDown10                            0x08000c90   Section        0  bsp_key.o(i.IsKeyDown10)
    IsKeyDown10                              0x08000c91   Thumb Code    22  bsp_key.o(i.IsKeyDown10)
    i.IsKeyDown2                             0x08000ca8   Section        0  bsp_key.o(i.IsKeyDown2)
    IsKeyDown2                               0x08000ca9   Thumb Code    18  bsp_key.o(i.IsKeyDown2)
    i.IsKeyDown3                             0x08000cc0   Section        0  bsp_key.o(i.IsKeyDown3)
    IsKeyDown3                               0x08000cc1   Thumb Code    18  bsp_key.o(i.IsKeyDown3)
    i.IsKeyDown4                             0x08000cd8   Section        0  bsp_key.o(i.IsKeyDown4)
    IsKeyDown4                               0x08000cd9   Thumb Code    18  bsp_key.o(i.IsKeyDown4)
    i.IsKeyDown5                             0x08000cf0   Section        0  bsp_key.o(i.IsKeyDown5)
    IsKeyDown5                               0x08000cf1   Thumb Code    18  bsp_key.o(i.IsKeyDown5)
    i.IsKeyDown6                             0x08000d08   Section        0  bsp_key.o(i.IsKeyDown6)
    IsKeyDown6                               0x08000d09   Thumb Code    18  bsp_key.o(i.IsKeyDown6)
    i.IsKeyDown7                             0x08000d20   Section        0  bsp_key.o(i.IsKeyDown7)
    IsKeyDown7                               0x08000d21   Thumb Code    18  bsp_key.o(i.IsKeyDown7)
    i.IsKeyDown8                             0x08000d38   Section        0  bsp_key.o(i.IsKeyDown8)
    IsKeyDown8                               0x08000d39   Thumb Code    18  bsp_key.o(i.IsKeyDown8)
    i.IsKeyDown9                             0x08000d50   Section        0  bsp_key.o(i.IsKeyDown9)
    IsKeyDown9                               0x08000d51   Thumb Code    22  bsp_key.o(i.IsKeyDown9)
    i.MemManage_Handler                      0x08000d66   Section        0  stm32f4xx_it.o(i.MemManage_Handler)
    i.NMI_Handler                            0x08000d6a   Section        0  stm32f4xx_it.o(i.NMI_Handler)
    i.NVIC_Init                              0x08000d6c   Section        0  misc.o(i.NVIC_Init)
    i.NVIC_PriorityGroupConfig               0x08000de4   Section        0  misc.o(i.NVIC_PriorityGroupConfig)
    i.PendSV_Handler                         0x08000df8   Section        0  stm32f4xx_it.o(i.PendSV_Handler)
    i.PrintfHardInfo                         0x08000dfc   Section        0  main.o(i.PrintfHardInfo)
    PrintfHardInfo                           0x08000dfd   Thumb Code    94  main.o(i.PrintfHardInfo)
    i.PrintfLogo                             0x080010dc   Section        0  main.o(i.PrintfLogo)
    PrintfLogo                               0x080010dd   Thumb Code    76  main.o(i.PrintfLogo)
    i.RCC_AHB1PeriphClockCmd                 0x08001280   Section        0  stm32f4xx_rcc.o(i.RCC_AHB1PeriphClockCmd)
    i.RCC_APB1PeriphClockCmd                 0x080012a0   Section        0  stm32f4xx_rcc.o(i.RCC_APB1PeriphClockCmd)
    i.RCC_APB2PeriphClockCmd                 0x080012c0   Section        0  stm32f4xx_rcc.o(i.RCC_APB2PeriphClockCmd)
    i.RCC_GetClocksFreq                      0x080012e0   Section        0  stm32f4xx_rcc.o(i.RCC_GetClocksFreq)
    i.SVC_Handler                            0x080013c8   Section        0  stm32f4xx_it.o(i.SVC_Handler)
    i.SetSysClock                            0x080013cc   Section        0  system_stm32f4xx.o(i.SetSysClock)
    SetSysClock                              0x080013cd   Thumb Code   220  system_stm32f4xx.o(i.SetSysClock)
    i.SysTick_Handler                        0x080014b8   Section        0  bsp_timer.o(i.SysTick_Handler)
    i.SysTick_ISR                            0x080014c0   Section        0  bsp_timer.o(i.SysTick_ISR)
    i.SystemInit                             0x08001544   Section        0  system_stm32f4xx.o(i.SystemInit)
    i.USART1_IRQHandler                      0x080015ac   Section        0  bsp_uart_fifo.o(i.USART1_IRQHandler)
    i.USART2_IRQHandler                      0x080015bc   Section        0  bsp_uart_fifo.o(i.USART2_IRQHandler)
    i.USART3_IRQHandler                      0x080015cc   Section        0  bsp_uart_fifo.o(i.USART3_IRQHandler)
    i.USART3_SendBefor                       0x080015dc   Section        0  bsp_uart_fifo.o(i.USART3_SendBefor)
    i.USART3_SendOver                        0x080015e8   Section        0  bsp_uart_fifo.o(i.USART3_SendOver)
    i.USART6_IRQHandler                      0x080015f4   Section        0  bsp_uart_fifo.o(i.USART6_IRQHandler)
    i.USART_ClearFlag                        0x08001604   Section        0  stm32f4xx_usart.o(i.USART_ClearFlag)
    i.USART_Cmd                              0x08001616   Section        0  stm32f4xx_usart.o(i.USART_Cmd)
    i.USART_GetITStatus                      0x0800162e   Section        0  stm32f4xx_usart.o(i.USART_GetITStatus)
    i.USART_ITConfig                         0x08001682   Section        0  stm32f4xx_usart.o(i.USART_ITConfig)
    i.USART_Init                             0x080016cc   Section        0  stm32f4xx_usart.o(i.USART_Init)
    i.USART_ReceiveData                      0x080017a0   Section        0  stm32f4xx_usart.o(i.USART_ReceiveData)
    i.USART_SendData                         0x080017aa   Section        0  stm32f4xx_usart.o(i.USART_SendData)
    i.UartGetChar                            0x080017b2   Section        0  bsp_uart_fifo.o(i.UartGetChar)
    UartGetChar                              0x080017b3   Thumb Code    74  bsp_uart_fifo.o(i.UartGetChar)
    i.UartIRQ                                0x080017fc   Section        0  bsp_uart_fifo.o(i.UartIRQ)
    UartIRQ                                  0x080017fd   Thumb Code   230  bsp_uart_fifo.o(i.UartIRQ)
    i.UartSend                               0x080018e2   Section        0  bsp_uart_fifo.o(i.UartSend)
    UartSend                                 0x080018e3   Thumb Code   114  bsp_uart_fifo.o(i.UartSend)
    i.UartVarInit                            0x08001954   Section        0  bsp_uart_fifo.o(i.UartVarInit)
    UartVarInit                              0x08001955   Thumb Code   176  bsp_uart_fifo.o(i.UartVarInit)
    i.UsageFault_Handler                     0x08001a4c   Section        0  stm32f4xx_it.o(i.UsageFault_Handler)
    i.__0printf$8                            0x08001a50   Section        0  printf8.o(i.__0printf$8)
    i.__scatterload_copy                     0x08001a70   Section       14  handlers.o(i.__scatterload_copy)
    i.__scatterload_null                     0x08001a7e   Section        2  handlers.o(i.__scatterload_null)
    i.__scatterload_zeroinit                 0x08001a80   Section       14  handlers.o(i.__scatterload_zeroinit)
    i.__set_PRIMASK                          0x08001a8e   Section        0  bsp_timer.o(i.__set_PRIMASK)
    __set_PRIMASK                            0x08001a8f   Thumb Code     6  bsp_timer.o(i.__set_PRIMASK)
    i.__set_PRIMASK                          0x08001a94   Section        0  bsp_uart_fifo.o(i.__set_PRIMASK)
    __set_PRIMASK                            0x08001a95   Thumb Code     6  bsp_uart_fifo.o(i.__set_PRIMASK)
    i._printf_core                           0x08001a9c   Section        0  printf8.o(i._printf_core)
    _printf_core                             0x08001a9d   Thumb Code   996  printf8.o(i._printf_core)
    i._printf_post_padding                   0x08001eac   Section        0  printf8.o(i._printf_post_padding)
    _printf_post_padding                     0x08001ead   Thumb Code    36  printf8.o(i._printf_post_padding)
    i._printf_pre_padding                    0x08001ed0   Section        0  printf8.o(i._printf_pre_padding)
    _printf_pre_padding                      0x08001ed1   Thumb Code    46  printf8.o(i._printf_pre_padding)
    i.bsp_CheckTimer                         0x08001f00   Section        0  bsp_timer.o(i.bsp_CheckTimer)
    i.bsp_DetectKey                          0x08001f34   Section        0  bsp_key.o(i.bsp_DetectKey)
    bsp_DetectKey                            0x08001f35   Thumb Code   198  bsp_key.o(i.bsp_DetectKey)
    i.bsp_Idle                               0x08002000   Section        0  bsp.o(i.bsp_Idle)
    i.bsp_Init                               0x08002002   Section        0  bsp.o(i.bsp_Init)
    i.bsp_InitKey                            0x08002016   Section        0  bsp_key.o(i.bsp_InitKey)
    i.bsp_InitKeyHard                        0x08002024   Section        0  bsp_key.o(i.bsp_InitKeyHard)
    bsp_InitKeyHard                          0x08002025   Thumb Code   138  bsp_key.o(i.bsp_InitKeyHard)
    i.bsp_InitKeyVar                         0x080020c4   Section        0  bsp_key.o(i.bsp_InitKeyVar)
    bsp_InitKeyVar                           0x080020c5   Thumb Code   164  bsp_key.o(i.bsp_InitKeyVar)
    i.bsp_InitSPIBus                         0x08002198   Section        0  bsp_spi_bus.o(i.bsp_InitSPIBus)
    i.bsp_InitTimer                          0x080021fc   Section        0  bsp_timer.o(i.bsp_InitTimer)
    i.bsp_InitUart                           0x08002294   Section        0  bsp_uart_fifo.o(i.bsp_InitUart)
    i.bsp_KeyScan                            0x080022a4   Section        0  bsp_key.o(i.bsp_KeyScan)
    i.bsp_PutKey                             0x080022bc   Section        0  bsp_key.o(i.bsp_PutKey)
    i.bsp_RunPer10ms                         0x080022dc   Section        0  bsp.o(i.bsp_RunPer10ms)
    i.bsp_RunPer1ms                          0x080022e4   Section        0  bsp.o(i.bsp_RunPer1ms)
    i.bsp_SoftTimerDec                       0x080022e6   Section        0  bsp_timer.o(i.bsp_SoftTimerDec)
    bsp_SoftTimerDec                         0x080022e7   Thumb Code    28  bsp_timer.o(i.bsp_SoftTimerDec)
    i.bsp_StartAutoTimer                     0x08002304   Section        0  bsp_timer.o(i.bsp_StartAutoTimer)
    i.bsp_spiDelay                           0x080023ac   Section        0  bsp_spi_bus.o(i.bsp_spiDelay)
    i.bsp_spiRead1                           0x080023b8   Section        0  bsp_spi_bus.o(i.bsp_spiRead1)
    i.bsp_spi_InitAD7606                     0x08002404   Section        0  bsp_spi_ad7606.o(i.bsp_spi_InitAD7606)
    i.comGetChar                             0x08002428   Section        0  bsp_uart_fifo.o(i.comGetChar)
    i.comSendBuf                             0x08002446   Section        0  bsp_uart_fifo.o(i.comSendBuf)
    i.comSendChar                            0x08002474   Section        0  bsp_uart_fifo.o(i.comSendChar)
    i.fputc                                  0x08002484   Section        0  bsp_uart_fifo.o(i.fputc)
    i.main                                   0x08002498   Section        0  main.o(i.main)
    .constdata                               0x080024bc   Section       48  bsp_timer.o(.constdata)
    __FUNCTION__                             0x080024bc   Data          15  bsp_timer.o(.constdata)
    __FUNCTION__                             0x080024cb   Data          19  bsp_timer.o(.constdata)
    __FUNCTION__                             0x080024de   Data          14  bsp_timer.o(.constdata)
    .data                                    0x20000000   Section       13  bsp_timer.o(.data)
    s_uiDelayCount                           0x20000000   Data           4  bsp_timer.o(.data)
    s_ucTimeOutFlag                          0x20000004   Data           1  bsp_timer.o(.data)
    s_count                                  0x2000000c   Data           1  bsp_timer.o(.data)
    .data                                    0x2000000d   Section        1  bsp_uart_fifo.o(.data)
    g_TxBuf2                                 0x2000000d   Data           1  bsp_uart_fifo.o(.data)
    .data                                    0x2000000e   Section        1  bsp_spi_ad7606.o(.data)
    .data                                    0x2000000f   Section       16  stm32f4xx_rcc.o(.data)
    APBAHBPrescTable                         0x2000000f   Data          16  stm32f4xx_rcc.o(.data)
    .data                                    0x20000020   Section       20  system_stm32f4xx.o(.data)
    .data                                    0x20000034   Section        4  stdout.o(.data)
    .bss                                     0x20000038   Section       32  demo_spi_ad7606.o(.bss)
    s_volt                                   0x20000038   Data          16  demo_spi_ad7606.o(.bss)
    s_dat                                    0x20000048   Data          16  demo_spi_ad7606.o(.bss)
    .bss                                     0x20000058   Section      173  bsp_key.o(.bss)
    s_tBtn                                   0x20000058   Data         160  bsp_key.o(.bss)
    s_tKey                                   0x200000f8   Data          13  bsp_key.o(.bss)
    .bss                                     0x20000108   Section       48  bsp_timer.o(.bss)
    s_tTmr                                   0x20000108   Data          48  bsp_timer.o(.bss)
    .bss                                     0x20000138   Section     8352  bsp_uart_fifo.o(.bss)
    g_tUart1                                 0x20000138   Data          40  bsp_uart_fifo.o(.bss)
    g_TxBuf1                                 0x20000160   Data        1024  bsp_uart_fifo.o(.bss)
    g_RxBuf1                                 0x20000560   Data        1024  bsp_uart_fifo.o(.bss)
    g_tUart2                                 0x20000960   Data          40  bsp_uart_fifo.o(.bss)
    g_RxBuf2                                 0x20000988   Data        2048  bsp_uart_fifo.o(.bss)
    g_tUart3                                 0x20001188   Data          40  bsp_uart_fifo.o(.bss)
    g_TxBuf3                                 0x200011b0   Data        1024  bsp_uart_fifo.o(.bss)
    g_RxBuf3                                 0x200015b0   Data        1024  bsp_uart_fifo.o(.bss)
    g_tUart6                                 0x200019b0   Data          40  bsp_uart_fifo.o(.bss)
    g_TxBuf6                                 0x200019d8   Data        1024  bsp_uart_fifo.o(.bss)
    g_RxBuf6                                 0x20001dd8   Data        1024  bsp_uart_fifo.o(.bss)
    .bss                                     0x200021d8   Section       16  bsp_spi_ad7606.o(.bss)
    s_adc_now                                0x200021d8   Data          16  bsp_spi_ad7606.o(.bss)
    STACK                                    0x200021e8   Section    16384  startup_stm32f40_41xxx.o(STACK)

    Global Symbols

    Symbol Name                              Value     Ov Type        Size  Object(Section)

    BuildAttributes$$THM_ISAv4$E$P$D$K$B$S$7EM$VFPi3$EXTD16$VFPS$VFMA$PE$A:L22UL41UL21$X:L11$S22US41US21$IEEE1$IW$USESV6$~STKCKD$USESV7$~SHL$OSPACE$ROPI$EBA8$MICROLIB$REQ8$PRES8$EABIv2 0x00000000   Number         0  anon$$obj.o ABSOLUTE
    __ARM_use_no_argv                        0x00000000   Number         0  main.o ABSOLUTE
    _printf_a                                0x00000000   Number         0  stubs.o ABSOLUTE
    _printf_c                                0x00000000   Number         0  stubs.o ABSOLUTE
    _printf_charcount                        0x00000000   Number         0  stubs.o ABSOLUTE
    _printf_d                                0x00000000   Number         0  stubs.o ABSOLUTE
    _printf_e                                0x00000000   Number         0  stubs.o ABSOLUTE
    _printf_f                                0x00000000   Number         0  stubs.o ABSOLUTE
    _printf_flags                            0x00000000   Number         0  stubs.o ABSOLUTE
    _printf_fp_dec                           0x00000000   Number         0  stubs.o ABSOLUTE
    _printf_fp_hex                           0x00000000   Number         0  stubs.o ABSOLUTE
    _printf_g                                0x00000000   Number         0  stubs.o ABSOLUTE
    _printf_i                                0x00000000   Number         0  stubs.o ABSOLUTE
    _printf_int_dec                          0x00000000   Number         0  stubs.o ABSOLUTE
    _printf_l                                0x00000000   Number         0  stubs.o ABSOLUTE
    _printf_lc                               0x00000000   Number         0  stubs.o ABSOLUTE
    _printf_ll                               0x00000000   Number         0  stubs.o ABSOLUTE
    _printf_lld                              0x00000000   Number         0  stubs.o ABSOLUTE
    _printf_lli                              0x00000000   Number         0  stubs.o ABSOLUTE
    _printf_llo                              0x00000000   Number         0  stubs.o ABSOLUTE
    _printf_llu                              0x00000000   Number         0  stubs.o ABSOLUTE
    _printf_llx                              0x00000000   Number         0  stubs.o ABSOLUTE
    _printf_longlong_dec                     0x00000000   Number         0  stubs.o ABSOLUTE
    _printf_longlong_hex                     0x00000000   Number         0  stubs.o ABSOLUTE
    _printf_longlong_oct                     0x00000000   Number         0  stubs.o ABSOLUTE
    _printf_ls                               0x00000000   Number         0  stubs.o ABSOLUTE
    _printf_mbtowc                           0x00000000   Number         0  stubs.o ABSOLUTE
    _printf_n                                0x00000000   Number         0  stubs.o ABSOLUTE
    _printf_o                                0x00000000   Number         0  stubs.o ABSOLUTE
    _printf_p                                0x00000000   Number         0  stubs.o ABSOLUTE
    _printf_percent                          0x00000000   Number         0  stubs.o ABSOLUTE
    _printf_pre_padding                      0x00000000   Number         0  stubs.o ABSOLUTE
    _printf_return_value                     0x00000000   Number         0  stubs.o ABSOLUTE
    _printf_s                                0x00000000   Number         0  stubs.o ABSOLUTE
    _printf_sizespec                         0x00000000   Number         0  stubs.o ABSOLUTE
    _printf_str                              0x00000000   Number         0  stubs.o ABSOLUTE
    _printf_truncate_signed                  0x00000000   Number         0  stubs.o ABSOLUTE
    _printf_truncate_unsigned                0x00000000   Number         0  stubs.o ABSOLUTE
    _printf_u                                0x00000000   Number         0  stubs.o ABSOLUTE
    _printf_wc                               0x00000000   Number         0  stubs.o ABSOLUTE
    _printf_wctomb                           0x00000000   Number         0  stubs.o ABSOLUTE
    _printf_widthprec                        0x00000000   Number         0  stubs.o ABSOLUTE
    _printf_x                                0x00000000   Number         0  stubs.o ABSOLUTE
    __cpp_initialize__aeabi_                  - Undefined Weak Reference
    __cxa_finalize                            - Undefined Weak Reference
    __decompress                              - Undefined Weak Reference
    _clock_init                               - Undefined Weak Reference
    _microlib_exit                            - Undefined Weak Reference
    __Vectors_Size                           0x00000188   Number         0  startup_stm32f40_41xxx.o ABSOLUTE
    __Vectors                                0x08000000   Data           4  startup_stm32f40_41xxx.o(RESET)
    __Vectors_End                            0x08000188   Data           0  startup_stm32f40_41xxx.o(RESET)
    __main                                   0x08000189   Thumb Code     0  entry.o(.ARM.Collect$$$$00000000)
    _main_stk                                0x08000189   Thumb Code     0  entry2.o(.ARM.Collect$$$$00000001)
    _main_scatterload                        0x0800018d   Thumb Code     0  entry5.o(.ARM.Collect$$$$00000004)
    __main_after_scatterload                 0x08000191   Thumb Code     0  entry5.o(.ARM.Collect$$$$00000004)
    _main_clock                              0x08000191   Thumb Code     0  entry7b.o(.ARM.Collect$$$$00000008)
    _main_cpp_init                           0x08000191   Thumb Code     0  entry8b.o(.ARM.Collect$$$$0000000A)
    _main_init                               0x08000191   Thumb Code     0  entry9a.o(.ARM.Collect$$$$0000000B)
    __rt_final_cpp                           0x08000199   Thumb Code     0  entry10a.o(.ARM.Collect$$$$0000000D)
    __rt_final_exit                          0x08000199   Thumb Code     0  entry11a.o(.ARM.Collect$$$$0000000F)
    Reset_Handler                            0x0800019d   Thumb Code     8  startup_stm32f40_41xxx.o(.text)
    ADC_IRQHandler                           0x080001b7   Thumb Code     0  startup_stm32f40_41xxx.o(.text)
    CAN1_RX0_IRQHandler                      0x080001b7   Thumb Code     0  startup_stm32f40_41xxx.o(.text)
    CAN1_RX1_IRQHandler                      0x080001b7   Thumb Code     0  startup_stm32f40_41xxx.o(.text)
    CAN1_SCE_IRQHandler                      0x080001b7   Thumb Code     0  startup_stm32f40_41xxx.o(.text)
    CAN1_TX_IRQHandler                       0x080001b7   Thumb Code     0  startup_stm32f40_41xxx.o(.text)
    CAN2_RX0_IRQHandler                      0x080001b7   Thumb Code     0  startup_stm32f40_41xxx.o(.text)
    CAN2_RX1_IRQHandler                      0x080001b7   Thumb Code     0  startup_stm32f40_41xxx.o(.text)
    CAN2_SCE_IRQHandler                      0x080001b7   Thumb Code     0  startup_stm32f40_41xxx.o(.text)
    CAN2_TX_IRQHandler                       0x080001b7   Thumb Code     0  startup_stm32f40_41xxx.o(.text)
    CRYP_IRQHandler                          0x080001b7   Thumb Code     0  startup_stm32f40_41xxx.o(.text)
    DCMI_IRQHandler                          0x080001b7   Thumb Code     0  startup_stm32f40_41xxx.o(.text)
    DMA1_Stream0_IRQHandler                  0x080001b7   Thumb Code     0  startup_stm32f40_41xxx.o(.text)
    DMA1_Stream1_IRQHandler                  0x080001b7   Thumb Code     0  startup_stm32f40_41xxx.o(.text)
    DMA1_Stream2_IRQHandler                  0x080001b7   Thumb Code     0  startup_stm32f40_41xxx.o(.text)
    DMA1_Stream3_IRQHandler                  0x080001b7   Thumb Code     0  startup_stm32f40_41xxx.o(.text)
    DMA1_Stream4_IRQHandler                  0x080001b7   Thumb Code     0  startup_stm32f40_41xxx.o(.text)
    DMA1_Stream5_IRQHandler                  0x080001b7   Thumb Code     0  startup_stm32f40_41xxx.o(.text)
    DMA1_Stream6_IRQHandler                  0x080001b7   Thumb Code     0  startup_stm32f40_41xxx.o(.text)
    DMA1_Stream7_IRQHandler                  0x080001b7   Thumb Code     0  startup_stm32f40_41xxx.o(.text)
    DMA2_Stream0_IRQHandler                  0x080001b7   Thumb Code     0  startup_stm32f40_41xxx.o(.text)
    DMA2_Stream1_IRQHandler                  0x080001b7   Thumb Code     0  startup_stm32f40_41xxx.o(.text)
    DMA2_Stream2_IRQHandler                  0x080001b7   Thumb Code     0  startup_stm32f40_41xxx.o(.text)
    DMA2_Stream3_IRQHandler                  0x080001b7   Thumb Code     0  startup_stm32f40_41xxx.o(.text)
    DMA2_Stream4_IRQHandler                  0x080001b7   Thumb Code     0  startup_stm32f40_41xxx.o(.text)
    DMA2_Stream5_IRQHandler                  0x080001b7   Thumb Code     0  startup_stm32f40_41xxx.o(.text)
    DMA2_Stream6_IRQHandler                  0x080001b7   Thumb Code     0  startup_stm32f40_41xxx.o(.text)
    DMA2_Stream7_IRQHandler                  0x080001b7   Thumb Code     0  startup_stm32f40_41xxx.o(.text)
    ETH_IRQHandler                           0x080001b7   Thumb Code     0  startup_stm32f40_41xxx.o(.text)
    ETH_WKUP_IRQHandler                      0x080001b7   Thumb Code     0  startup_stm32f40_41xxx.o(.text)
    EXTI0_IRQHandler                         0x080001b7   Thumb Code     0  startup_stm32f40_41xxx.o(.text)
    EXTI15_10_IRQHandler                     0x080001b7   Thumb Code     0  startup_stm32f40_41xxx.o(.text)
    EXTI1_IRQHandler                         0x080001b7   Thumb Code     0  startup_stm32f40_41xxx.o(.text)
    EXTI2_IRQHandler                         0x080001b7   Thumb Code     0  startup_stm32f40_41xxx.o(.text)
    EXTI3_IRQHandler                         0x080001b7   Thumb Code     0  startup_stm32f40_41xxx.o(.text)
    EXTI4_IRQHandler                         0x080001b7   Thumb Code     0  startup_stm32f40_41xxx.o(.text)
    EXTI9_5_IRQHandler                       0x080001b7   Thumb Code     0  startup_stm32f40_41xxx.o(.text)
    FLASH_IRQHandler                         0x080001b7   Thumb Code     0  startup_stm32f40_41xxx.o(.text)
    FPU_IRQHandler                           0x080001b7   Thumb Code     0  startup_stm32f40_41xxx.o(.text)
    FSMC_IRQHandler                          0x080001b7   Thumb Code     0  startup_stm32f40_41xxx.o(.text)
    HASH_RNG_IRQHandler                      0x080001b7   Thumb Code     0  startup_stm32f40_41xxx.o(.text)
    I2C1_ER_IRQHandler                       0x080001b7   Thumb Code     0  startup_stm32f40_41xxx.o(.text)
    I2C1_EV_IRQHandler                       0x080001b7   Thumb Code     0  startup_stm32f40_41xxx.o(.text)
    I2C2_ER_IRQHandler                       0x080001b7   Thumb Code     0  startup_stm32f40_41xxx.o(.text)
    I2C2_EV_IRQHandler                       0x080001b7   Thumb Code     0  startup_stm32f40_41xxx.o(.text)
    I2C3_ER_IRQHandler                       0x080001b7   Thumb Code     0  startup_stm32f40_41xxx.o(.text)
    I2C3_EV_IRQHandler                       0x080001b7   Thumb Code     0  startup_stm32f40_41xxx.o(.text)
    OTG_FS_IRQHandler                        0x080001b7   Thumb Code     0  startup_stm32f40_41xxx.o(.text)
    OTG_FS_WKUP_IRQHandler                   0x080001b7   Thumb Code     0  startup_stm32f40_41xxx.o(.text)
    OTG_HS_EP1_IN_IRQHandler                 0x080001b7   Thumb Code     0  startup_stm32f40_41xxx.o(.text)
    OTG_HS_EP1_OUT_IRQHandler                0x080001b7   Thumb Code     0  startup_stm32f40_41xxx.o(.text)
    OTG_HS_IRQHandler                        0x080001b7   Thumb Code     0  startup_stm32f40_41xxx.o(.text)
    OTG_HS_WKUP_IRQHandler                   0x080001b7   Thumb Code     0  startup_stm32f40_41xxx.o(.text)
    PVD_IRQHandler                           0x080001b7   Thumb Code     0  startup_stm32f40_41xxx.o(.text)
    RCC_IRQHandler                           0x080001b7   Thumb Code     0  startup_stm32f40_41xxx.o(.text)
    RTC_Alarm_IRQHandler                     0x080001b7   Thumb Code     0  startup_stm32f40_41xxx.o(.text)
    RTC_WKUP_IRQHandler                      0x080001b7   Thumb Code     0  startup_stm32f40_41xxx.o(.text)
    SDIO_IRQHandler                          0x080001b7   Thumb Code     0  startup_stm32f40_41xxx.o(.text)
    SPI1_IRQHandler                          0x080001b7   Thumb Code     0  startup_stm32f40_41xxx.o(.text)
    SPI2_IRQHandler                          0x080001b7   Thumb Code     0  startup_stm32f40_41xxx.o(.text)
    SPI3_IRQHandler                          0x080001b7   Thumb Code     0  startup_stm32f40_41xxx.o(.text)
    TAMP_STAMP_IRQHandler                    0x080001b7   Thumb Code     0  startup_stm32f40_41xxx.o(.text)
    TIM1_BRK_TIM9_IRQHandler                 0x080001b7   Thumb Code     0  startup_stm32f40_41xxx.o(.text)
    TIM1_CC_IRQHandler                       0x080001b7   Thumb Code     0  startup_stm32f40_41xxx.o(.text)
    TIM1_TRG_COM_TIM11_IRQHandler            0x080001b7   Thumb Code     0  startup_stm32f40_41xxx.o(.text)
    TIM1_UP_TIM10_IRQHandler                 0x080001b7   Thumb Code     0  startup_stm32f40_41xxx.o(.text)
    TIM2_IRQHandler                          0x080001b7   Thumb Code     0  startup_stm32f40_41xxx.o(.text)
    TIM3_IRQHandler                          0x080001b7   Thumb Code     0  startup_stm32f40_41xxx.o(.text)
    TIM4_IRQHandler                          0x080001b7   Thumb Code     0  startup_stm32f40_41xxx.o(.text)
    TIM5_IRQHandler                          0x080001b7   Thumb Code     0  startup_stm32f40_41xxx.o(.text)
    TIM6_DAC_IRQHandler                      0x080001b7   Thumb Code     0  startup_stm32f40_41xxx.o(.text)
    TIM7_IRQHandler                          0x080001b7   Thumb Code     0  startup_stm32f40_41xxx.o(.text)
    TIM8_BRK_TIM12_IRQHandler                0x080001b7   Thumb Code     0  startup_stm32f40_41xxx.o(.text)
    TIM8_CC_IRQHandler                       0x080001b7   Thumb Code     0  startup_stm32f40_41xxx.o(.text)
    TIM8_TRG_COM_TIM14_IRQHandler            0x080001b7   Thumb Code     0  startup_stm32f40_41xxx.o(.text)
    TIM8_UP_TIM13_IRQHandler                 0x080001b7   Thumb Code     0  startup_stm32f40_41xxx.o(.text)
    UART4_IRQHandler                         0x080001b7   Thumb Code     0  startup_stm32f40_41xxx.o(.text)
    UART5_IRQHandler                         0x080001b7   Thumb Code     0  startup_stm32f40_41xxx.o(.text)
    WWDG_IRQHandler                          0x080001b7   Thumb Code     0  startup_stm32f40_41xxx.o(.text)
    __aeabi_uldivmod                         0x080001c1   Thumb Code    98  uldiv.o(.text)
    __scatterload                            0x08000225   Thumb Code    28  init.o(.text)
    __scatterload_rt2                        0x08000225   Thumb Code     0  init.o(.text)
    __aeabi_llsl                             0x08000249   Thumb Code    30  llshl.o(.text)
    _ll_shift_l                              0x08000249   Thumb Code     0  llshl.o(.text)
    __aeabi_llsr                             0x08000267   Thumb Code    32  llushr.o(.text)
    _ll_ushift_r                             0x08000267   Thumb Code     0  llushr.o(.text)
    AD7606_ReadAdc                           0x0800059d   Thumb Code    28  bsp_spi_ad7606.o(i.AD7606_ReadAdc)
    AD7606_Reset                             0x080005bd   Thumb Code    60  bsp_spi_ad7606.o(i.AD7606_Reset)
    AD7606_Scan                              0x080005fd   Thumb Code    78  bsp_spi_ad7606.o(i.AD7606_Scan)
    AD7606_SetInputRange                     0x08000659   Thumb Code    26  bsp_spi_ad7606.o(i.AD7606_SetInputRange)
    AD7606_StartConv                         0x08000679   Thumb Code    36  bsp_spi_ad7606.o(i.AD7606_StartConv)
    BusFault_Handler                         0x080006a1   Thumb Code     4  stm32f4xx_it.o(i.BusFault_Handler)
    ComToUart                                0x080006a5   Thumb Code    52  bsp_uart_fifo.o(i.ComToUart)
    DebugMon_Handler                         0x08000753   Thumb Code     2  stm32f4xx_it.o(i.DebugMon_Handler)
    Demo_spi_AD7606                          0x08000755   Thumb Code   108  demo_spi_ad7606.o(i.Demo_spi_AD7606)
    GPIO_Init                                0x08000849   Thumb Code   144  stm32f4xx_gpio.o(i.GPIO_Init)
    GPIO_PinAFConfig                         0x080008d9   Thumb Code    70  stm32f4xx_gpio.o(i.GPIO_PinAFConfig)
    GPIO_ReadInputDataBit                    0x0800091f   Thumb Code    18  stm32f4xx_gpio.o(i.GPIO_ReadInputDataBit)
    GPIO_ResetBits                           0x08000931   Thumb Code     4  stm32f4xx_gpio.o(i.GPIO_ResetBits)
    GPIO_SetBits                             0x08000935   Thumb Code     4  stm32f4xx_gpio.o(i.GPIO_SetBits)
    HardFault_Handler                        0x08000939   Thumb Code    38  stm32f4xx_it.o(i.HardFault_Handler)
    MemManage_Handler                        0x08000d67   Thumb Code     4  stm32f4xx_it.o(i.MemManage_Handler)
    NMI_Handler                              0x08000d6b   Thumb Code     2  stm32f4xx_it.o(i.NMI_Handler)
    NVIC_Init                                0x08000d6d   Thumb Code   106  misc.o(i.NVIC_Init)
    NVIC_PriorityGroupConfig                 0x08000de5   Thumb Code    10  misc.o(i.NVIC_PriorityGroupConfig)
    PendSV_Handler                           0x08000df9   Thumb Code     2  stm32f4xx_it.o(i.PendSV_Handler)
    RCC_AHB1PeriphClockCmd                   0x08001281   Thumb Code    26  stm32f4xx_rcc.o(i.RCC_AHB1PeriphClockCmd)
    RCC_APB1PeriphClockCmd                   0x080012a1   Thumb Code    26  stm32f4xx_rcc.o(i.RCC_APB1PeriphClockCmd)
    RCC_APB2PeriphClockCmd                   0x080012c1   Thumb Code    26  stm32f4xx_rcc.o(i.RCC_APB2PeriphClockCmd)
    RCC_GetClocksFreq                        0x080012e1   Thumb Code   214  stm32f4xx_rcc.o(i.RCC_GetClocksFreq)
    SVC_Handler                              0x080013c9   Thumb Code     2  stm32f4xx_it.o(i.SVC_Handler)
    SysTick_Handler                          0x080014b9   Thumb Code     8  bsp_timer.o(i.SysTick_Handler)
    SysTick_ISR                              0x080014c1   Thumb Code   110  bsp_timer.o(i.SysTick_ISR)
    SystemInit                               0x08001545   Thumb Code    88  system_stm32f4xx.o(i.SystemInit)
    USART1_IRQHandler                        0x080015ad   Thumb Code    10  bsp_uart_fifo.o(i.USART1_IRQHandler)
    USART2_IRQHandler                        0x080015bd   Thumb Code    10  bsp_uart_fifo.o(i.USART2_IRQHandler)
    USART3_IRQHandler                        0x080015cd   Thumb Code    10  bsp_uart_fifo.o(i.USART3_IRQHandler)
    USART3_SendBefor                         0x080015dd   Thumb Code     8  bsp_uart_fifo.o(i.USART3_SendBefor)
    USART3_SendOver                          0x080015e9   Thumb Code     8  bsp_uart_fifo.o(i.USART3_SendOver)
    USART6_IRQHandler                        0x080015f5   Thumb Code    10  bsp_uart_fifo.o(i.USART6_IRQHandler)
    USART_ClearFlag                          0x08001605   Thumb Code    18  stm32f4xx_usart.o(i.USART_ClearFlag)
    USART_Cmd                                0x08001617   Thumb Code    24  stm32f4xx_usart.o(i.USART_Cmd)
    USART_GetITStatus                        0x0800162f   Thumb Code    84  stm32f4xx_usart.o(i.USART_GetITStatus)
    USART_ITConfig                           0x08001683   Thumb Code    74  stm32f4xx_usart.o(i.USART_ITConfig)
    USART_Init                               0x080016cd   Thumb Code   204  stm32f4xx_usart.o(i.USART_Init)
    USART_ReceiveData                        0x080017a1   Thumb Code    10  stm32f4xx_usart.o(i.USART_ReceiveData)
    USART_SendData                           0x080017ab   Thumb Code     8  stm32f4xx_usart.o(i.USART_SendData)
    UsageFault_Handler                       0x08001a4d   Thumb Code     4  stm32f4xx_it.o(i.UsageFault_Handler)
    __0printf$8                              0x08001a51   Thumb Code    22  printf8.o(i.__0printf$8)
    __1printf$8                              0x08001a51   Thumb Code     0  printf8.o(i.__0printf$8)
    __2printf                                0x08001a51   Thumb Code     0  printf8.o(i.__0printf$8)
    __scatterload_copy                       0x08001a71   Thumb Code    14  handlers.o(i.__scatterload_copy)
    __scatterload_null                       0x08001a7f   Thumb Code     2  handlers.o(i.__scatterload_null)
    __scatterload_zeroinit                   0x08001a81   Thumb Code    14  handlers.o(i.__scatterload_zeroinit)
    bsp_CheckTimer                           0x08001f01   Thumb Code    48  bsp_timer.o(i.bsp_CheckTimer)
    bsp_Idle                                 0x08002001   Thumb Code     2  bsp.o(i.bsp_Idle)
    bsp_Init                                 0x08002003   Thumb Code    20  bsp.o(i.bsp_Init)
    bsp_InitKey                              0x08002017   Thumb Code    12  bsp_key.o(i.bsp_InitKey)
    bsp_InitSPIBus                           0x08002199   Thumb Code    90  bsp_spi_bus.o(i.bsp_InitSPIBus)
    bsp_InitTimer                            0x080021fd   Thumb Code   136  bsp_timer.o(i.bsp_InitTimer)
    bsp_InitUart                             0x08002295   Thumb Code    16  bsp_uart_fifo.o(i.bsp_InitUart)
    bsp_KeyScan                              0x080022a5   Thumb Code    22  bsp_key.o(i.bsp_KeyScan)
    bsp_PutKey                               0x080022bd   Thumb Code    28  bsp_key.o(i.bsp_PutKey)
    bsp_RunPer10ms                           0x080022dd   Thumb Code     8  bsp.o(i.bsp_RunPer10ms)
    bsp_RunPer1ms                            0x080022e5   Thumb Code     2  bsp.o(i.bsp_RunPer1ms)
    bsp_StartAutoTimer                       0x08002305   Thumb Code    84  bsp_timer.o(i.bsp_StartAutoTimer)
    bsp_spiDelay                             0x080023ad   Thumb Code    12  bsp_spi_bus.o(i.bsp_spiDelay)
    bsp_spiRead1                             0x080023b9   Thumb Code    68  bsp_spi_bus.o(i.bsp_spiRead1)
    bsp_spi_InitAD7606                       0x08002405   Thumb Code    28  bsp_spi_ad7606.o(i.bsp_spi_InitAD7606)
    comGetChar                               0x08002429   Thumb Code    30  bsp_uart_fifo.o(i.comGetChar)
    comSendBuf                               0x08002447   Thumb Code    46  bsp_uart_fifo.o(i.comSendBuf)
    comSendChar                              0x08002475   Thumb Code    16  bsp_uart_fifo.o(i.comSendChar)
    fputc                                    0x08002485   Thumb Code    18  bsp_uart_fifo.o(i.fputc)
    main                                     0x08002499   Thumb Code    28  main.o(i.main)
    Region$$Table$$Base                      0x080024ec   Number         0  anon$$obj.o(Region$$Table)
    Region$$Table$$Limit                     0x0800250c   Number         0  anon$$obj.o(Region$$Table)
    g_iRunTime                               0x20000008   Data           4  bsp_timer.o(.data)
    g_tAD7606                                0x2000000e   Data           1  bsp_spi_ad7606.o(.data)
    SystemCoreClock                          0x20000020   Data           4  system_stm32f4xx.o(.data)
    AHBPrescTable                            0x20000024   Data          16  system_stm32f4xx.o(.data)
    __stdout                                 0x20000034   Data           4  stdout.o(.data)
    __initial_sp                             0x200061e8   Data           0  startup_stm32f40_41xxx.o(STACK)



==============================================================================

Memory Map of the image

  Image Entry point : 0x08000189

  Load Region LR_IROM1 (Base: 0x08000000, Size: 0x00002544, Max: 0x00100000, ABSOLUTE)

    Execution Region ER_IROM1 (Base: 0x08000000, Size: 0x0000250c, Max: 0x00100000, ABSOLUTE)

    Base Addr    Size         Type   Attr      Idx    E Section Name        Object

    0x08000000   0x00000188   Data   RO         1045    RESET               startup_stm32f40_41xxx.o
    0x08000188   0x00000000   Code   RO         1965  * .ARM.Collect$$$$00000000  mc_w.l(entry.o)
    0x08000188   0x00000004   Code   RO         2229    .ARM.Collect$$$$00000001  mc_w.l(entry2.o)
    0x0800018c   0x00000004   Code   RO         2232    .ARM.Collect$$$$00000004  mc_w.l(entry5.o)
    0x08000190   0x00000000   Code   RO         2234    .ARM.Collect$$$$00000008  mc_w.l(entry7b.o)
    0x08000190   0x00000000   Code   RO         2236    .ARM.Collect$$$$0000000A  mc_w.l(entry8b.o)
    0x08000190   0x00000008   Code   RO         2237    .ARM.Collect$$$$0000000B  mc_w.l(entry9a.o)
    0x08000198   0x00000000   Code   RO         2239    .ARM.Collect$$$$0000000D  mc_w.l(entry10a.o)
    0x08000198   0x00000000   Code   RO         2241    .ARM.Collect$$$$0000000F  mc_w.l(entry11a.o)
    0x08000198   0x00000004   Code   RO         2230    .ARM.Collect$$$$00002712  mc_w.l(entry2.o)
    0x0800019c   0x00000024   Code   RO         1046    .text               startup_stm32f40_41xxx.o
    0x080001c0   0x00000062   Code   RO         2246    .text               mc_w.l(uldiv.o)
    0x08000222   0x00000002   PAD
    0x08000224   0x00000024   Code   RO         2259    .text               mc_w.l(init.o)
    0x08000248   0x0000001e   Code   RO         2261    .text               mc_w.l(llshl.o)
    0x08000266   0x00000020   Code   RO         2263    .text               mc_w.l(llushr.o)
    0x08000286   0x00000002   PAD
    0x08000288   0x000000c0   Code   RO          978    i.AD7606_ConfigGPIO  bsp_spi_ad7606.o
    0x08000348   0x000001f0   Code   RO          176    i.AD7606_Disp       demo_spi_ad7606.o
    0x08000538   0x00000064   Code   RO          178    i.AD7606_Mak        demo_spi_ad7606.o
    0x0800059c   0x00000020   Code   RO          979    i.AD7606_ReadAdc    bsp_spi_ad7606.o
    0x080005bc   0x00000040   Code   RO          980    i.AD7606_Reset      bsp_spi_ad7606.o
    0x080005fc   0x0000005c   Code   RO          981    i.AD7606_Scan       bsp_spi_ad7606.o
    0x08000658   0x00000020   Code   RO          982    i.AD7606_SetInputRange  bsp_spi_ad7606.o
    0x08000678   0x00000028   Code   RO          983    i.AD7606_StartConv  bsp_spi_ad7606.o
    0x080006a0   0x00000004   Code   RO          777    i.BusFault_Handler  stm32f4xx_it.o
    0x080006a4   0x00000044   Code   RO          635    i.ComToUart         bsp_uart_fifo.o
    0x080006e8   0x0000006a   Code   RO          636    i.ConfigUartNVIC    bsp_uart_fifo.o
    0x08000752   0x00000002   Code   RO          778    i.DebugMon_Handler  stm32f4xx_it.o
    0x08000754   0x00000070   Code   RO          179    i.Demo_spi_AD7606   demo_spi_ad7606.o
    0x080007c4   0x00000084   Code   RO          180    i.DispMenu          demo_spi_ad7606.o
    0x08000848   0x00000090   Code   RO         1481    i.GPIO_Init         stm32f4xx_gpio.o
    0x080008d8   0x00000046   Code   RO         1482    i.GPIO_PinAFConfig  stm32f4xx_gpio.o
    0x0800091e   0x00000012   Code   RO         1485    i.GPIO_ReadInputDataBit  stm32f4xx_gpio.o
    0x08000930   0x00000004   Code   RO         1488    i.GPIO_ResetBits    stm32f4xx_gpio.o
    0x08000934   0x00000004   Code   RO         1489    i.GPIO_SetBits      stm32f4xx_gpio.o
    0x08000938   0x00000058   Code   RO          779    i.HardFault_Handler  stm32f4xx_it.o
    0x08000990   0x000002e8   Code   RO          637    i.InitHardUart      bsp_uart_fifo.o
    0x08000c78   0x00000018   Code   RO          349    i.IsKeyDown1        bsp_key.o
    0x08000c90   0x00000016   Code   RO          350    i.IsKeyDown10       bsp_key.o
    0x08000ca6   0x00000002   PAD
    0x08000ca8   0x00000018   Code   RO          351    i.IsKeyDown2        bsp_key.o
    0x08000cc0   0x00000018   Code   RO          352    i.IsKeyDown3        bsp_key.o
    0x08000cd8   0x00000018   Code   RO          353    i.IsKeyDown4        bsp_key.o
    0x08000cf0   0x00000018   Code   RO          354    i.IsKeyDown5        bsp_key.o
    0x08000d08   0x00000018   Code   RO          355    i.IsKeyDown6        bsp_key.o
    0x08000d20   0x00000018   Code   RO          356    i.IsKeyDown7        bsp_key.o
    0x08000d38   0x00000018   Code   RO          357    i.IsKeyDown8        bsp_key.o
    0x08000d50   0x00000016   Code   RO          358    i.IsKeyDown9        bsp_key.o
    0x08000d66   0x00000004   Code   RO          780    i.MemManage_Handler  stm32f4xx_it.o
    0x08000d6a   0x00000002   Code   RO          781    i.NMI_Handler       stm32f4xx_it.o
    0x08000d6c   0x00000078   Code   RO         1436    i.NVIC_Init         misc.o
    0x08000de4   0x00000014   Code   RO         1437    i.NVIC_PriorityGroupConfig  misc.o
    0x08000df8   0x00000002   Code   RO          782    i.PendSV_Handler    stm32f4xx_it.o
    0x08000dfa   0x00000002   PAD
    0x08000dfc   0x000002e0   Code   RO            3    i.PrintfHardInfo    main.o
    0x080010dc   0x000001a4   Code   RO            4    i.PrintfLogo        main.o
    0x08001280   0x00000020   Code   RO         1052    i.RCC_AHB1PeriphClockCmd  stm32f4xx_rcc.o
    0x080012a0   0x00000020   Code   RO         1061    i.RCC_APB1PeriphClockCmd  stm32f4xx_rcc.o
    0x080012c0   0x00000020   Code   RO         1064    i.RCC_APB2PeriphClockCmd  stm32f4xx_rcc.o
    0x080012e0   0x000000e8   Code   RO         1073    i.RCC_GetClocksFreq  stm32f4xx_rcc.o
    0x080013c8   0x00000002   Code   RO          783    i.SVC_Handler       stm32f4xx_it.o
    0x080013ca   0x00000002   PAD
    0x080013cc   0x000000ec   Code   RO         1930    i.SetSysClock       system_stm32f4xx.o
    0x080014b8   0x00000008   Code   RO          539    i.SysTick_Handler   bsp_timer.o
    0x080014c0   0x00000084   Code   RO          540    i.SysTick_ISR       bsp_timer.o
    0x08001544   0x00000068   Code   RO         1932    i.SystemInit        system_stm32f4xx.o
    0x080015ac   0x00000010   Code   RO          638    i.USART1_IRQHandler  bsp_uart_fifo.o
    0x080015bc   0x00000010   Code   RO          639    i.USART2_IRQHandler  bsp_uart_fifo.o
    0x080015cc   0x00000010   Code   RO          640    i.USART3_IRQHandler  bsp_uart_fifo.o
    0x080015dc   0x0000000c   Code   RO          641    i.USART3_SendBefor  bsp_uart_fifo.o
    0x080015e8   0x0000000c   Code   RO          642    i.USART3_SendOver   bsp_uart_fifo.o
    0x080015f4   0x00000010   Code   RO          643    i.USART6_IRQHandler  bsp_uart_fifo.o
    0x08001604   0x00000012   Code   RO         1578    i.USART_ClearFlag   stm32f4xx_usart.o
    0x08001616   0x00000018   Code   RO         1582    i.USART_Cmd         stm32f4xx_usart.o
    0x0800162e   0x00000054   Code   RO         1586    i.USART_GetITStatus  stm32f4xx_usart.o
    0x08001682   0x0000004a   Code   RO         1588    i.USART_ITConfig    stm32f4xx_usart.o
    0x080016cc   0x000000d4   Code   RO         1589    i.USART_Init        stm32f4xx_usart.o
    0x080017a0   0x0000000a   Code   RO         1596    i.USART_ReceiveData  stm32f4xx_usart.o
    0x080017aa   0x00000008   Code   RO         1599    i.USART_SendData    stm32f4xx_usart.o
    0x080017b2   0x0000004a   Code   RO          644    i.UartGetChar       bsp_uart_fifo.o
    0x080017fc   0x000000e6   Code   RO          645    i.UartIRQ           bsp_uart_fifo.o
    0x080018e2   0x00000072   Code   RO          646    i.UartSend          bsp_uart_fifo.o
    0x08001954   0x000000f8   Code   RO          647    i.UartVarInit       bsp_uart_fifo.o
    0x08001a4c   0x00000004   Code   RO          784    i.UsageFault_Handler  stm32f4xx_it.o
    0x08001a50   0x00000020   Code   RO         2175    i.__0printf$8       mc_w.l(printf8.o)
    0x08001a70   0x0000000e   Code   RO         2271    i.__scatterload_copy  mc_w.l(handlers.o)
    0x08001a7e   0x00000002   Code   RO         2272    i.__scatterload_null  mc_w.l(handlers.o)
    0x08001a80   0x0000000e   Code   RO         2273    i.__scatterload_zeroinit  mc_w.l(handlers.o)
    0x08001a8e   0x00000006   Code   RO          541    i.__set_PRIMASK     bsp_timer.o
    0x08001a94   0x00000006   Code   RO          648    i.__set_PRIMASK     bsp_uart_fifo.o
    0x08001a9a   0x00000002   PAD
    0x08001a9c   0x00000410   Code   RO         2182    i._printf_core      mc_w.l(printf8.o)
    0x08001eac   0x00000024   Code   RO         2183    i._printf_post_padding  mc_w.l(printf8.o)
    0x08001ed0   0x0000002e   Code   RO         2184    i._printf_pre_padding  mc_w.l(printf8.o)
    0x08001efe   0x00000002   PAD
    0x08001f00   0x00000034   Code   RO          542    i.bsp_CheckTimer    bsp_timer.o
    0x08001f34   0x000000cc   Code   RO          360    i.bsp_DetectKey     bsp_key.o
    0x08002000   0x00000002   Code   RO          856    i.bsp_Idle          bsp.o
    0x08002002   0x00000014   Code   RO          857    i.bsp_Init          bsp.o
    0x08002016   0x0000000c   Code   RO          364    i.bsp_InitKey       bsp_key.o
    0x08002022   0x00000002   PAD
    0x08002024   0x000000a0   Code   RO          365    i.bsp_InitKeyHard   bsp_key.o
    0x080020c4   0x000000d4   Code   RO          366    i.bsp_InitKeyVar    bsp_key.o
    0x08002198   0x00000064   Code   RO          894    i.bsp_InitSPIBus    bsp_spi_bus.o
    0x080021fc   0x00000098   Code   RO          546    i.bsp_InitTimer     bsp_timer.o
    0x08002294   0x00000010   Code   RO          649    i.bsp_InitUart      bsp_uart_fifo.o
    0x080022a4   0x00000016   Code   RO          367    i.bsp_KeyScan       bsp_key.o
    0x080022ba   0x00000002   PAD
    0x080022bc   0x00000020   Code   RO          368    i.bsp_PutKey        bsp_key.o
    0x080022dc   0x00000008   Code   RO          858    i.bsp_RunPer10ms    bsp.o
    0x080022e4   0x00000002   Code   RO          859    i.bsp_RunPer1ms     bsp.o
    0x080022e6   0x0000001c   Code   RO          547    i.bsp_SoftTimerDec  bsp_timer.o
    0x08002302   0x00000002   PAD
    0x08002304   0x000000a8   Code   RO          548    i.bsp_StartAutoTimer  bsp_timer.o
    0x080023ac   0x0000000c   Code   RO          900    i.bsp_spiDelay      bsp_spi_bus.o
    0x080023b8   0x0000004c   Code   RO          902    i.bsp_spiRead1      bsp_spi_bus.o
    0x08002404   0x00000024   Code   RO          984    i.bsp_spi_InitAD7606  bsp_spi_ad7606.o
    0x08002428   0x0000001e   Code   RO          652    i.comGetChar        bsp_uart_fifo.o
    0x08002446   0x0000002e   Code   RO          653    i.comSendBuf        bsp_uart_fifo.o
    0x08002474   0x00000010   Code   RO          654    i.comSendChar       bsp_uart_fifo.o
    0x08002484   0x00000012   Code   RO          656    i.fputc             bsp_uart_fifo.o
    0x08002496   0x00000002   PAD
    0x08002498   0x00000024   Code   RO            5    i.main              main.o
    0x080024bc   0x00000030   Data   RO          552    .constdata          bsp_timer.o
    0x080024ec   0x00000020   Data   RO         2269    Region$$Table       anon$$obj.o


    Execution Region RW_IRAM1 (Base: 0x20000000, Size: 0x000061e8, Max: 0x00020000, ABSOLUTE)

    Base Addr    Size         Type   Attr      Idx    E Section Name        Object

    0x20000000   0x0000000d   Data   RW          553    .data               bsp_timer.o
    0x2000000d   0x00000001   Data   RW          658    .data               bsp_uart_fifo.o
    0x2000000e   0x00000001   Data   RW          986    .data               bsp_spi_ad7606.o
    0x2000000f   0x00000010   Data   RW         1104    .data               stm32f4xx_rcc.o
    0x2000001f   0x00000001   PAD
    0x20000020   0x00000014   Data   RW         1933    .data               system_stm32f4xx.o
    0x20000034   0x00000004   Data   RW         2243    .data               mc_w.l(stdout.o)
    0x20000038   0x00000020   Zero   RW          181    .bss                demo_spi_ad7606.o
    0x20000058   0x000000ad   Zero   RW          370    .bss                bsp_key.o
    0x20000105   0x00000003   PAD
    0x20000108   0x00000030   Zero   RW          551    .bss                bsp_timer.o
    0x20000138   0x000020a0   Zero   RW          657    .bss                bsp_uart_fifo.o
    0x200021d8   0x00000010   Zero   RW          985    .bss                bsp_spi_ad7606.o
    0x200021e8   0x00004000   Zero   RW         1043    STACK               startup_stm32f40_41xxx.o


==============================================================================

Image component sizes


      Code (inc. data)   RO Data    RW Data    ZI Data      Debug   Object Name

        32          0          0          0          0       2135   bsp.o
       878        128          0          0        173      14301   bsp_key.o
       488         58          0          1         16       7369   bsp_spi_ad7606.o
       188         18          0          0          0       1915   bsp_spi_bus.o
       546        126         48         13         48      34571   bsp_timer.o
      1804        154          0          1       8352      13700   bsp_uart_fifo.o
       840        232          0          0         32       3106   demo_spi_ad7606.o
      1192        994          0          0          0     264655   main.o
       140         24          0          0          0       1903   misc.o
        36          8        392          0      16384        972   startup_stm32f40_41xxx.o
       240          0          0          0          0       4191   stm32f4xx_gpio.o
       108         50          0          0          0       4468   stm32f4xx_it.o
       328         36          0         16          0       5275   stm32f4xx_rcc.o
       430          8          0          0          0       6261   stm32f4xx_usart.o
       340         32          0         20          0       2153   system_stm32f4xx.o

    ----------------------------------------------------------------------
      7606       1868        472         52      25008     366975   Object Totals
         0          0         32          0          0          0   (incl. Generated)
        16          0          0          1          3          0   (incl. Padding)

    ----------------------------------------------------------------------

      Code (inc. data)   RO Data    RW Data    ZI Data      Debug   Library Member Name

         0          0          0          0          0          0   entry.o
         0          0          0          0          0          0   entry10a.o
         0          0          0          0          0          0   entry11a.o
         8          4          0          0          0          0   entry2.o
         4          0          0          0          0          0   entry5.o
         0          0          0          0          0          0   entry7b.o
         0          0          0          0          0          0   entry8b.o
         8          4          0          0          0          0   entry9a.o
        30          0          0          0          0          0   handlers.o
        36          8          0          0          0         68   init.o
        30          0          0          0          0         68   llshl.o
        32          0          0          0          0         68   llushr.o
      1154         54          0          0          0        352   printf8.o
         0          0          0          4          0          0   stdout.o
        98          0          0          0          0         92   uldiv.o

    ----------------------------------------------------------------------
      1406         70          0          4          0        648   Library Totals
         6          0          0          0          0          0   (incl. Padding)

    ----------------------------------------------------------------------

      Code (inc. data)   RO Data    RW Data    ZI Data      Debug   Library Name

      1400         70          0          4          0        648   mc_w.l

    ----------------------------------------------------------------------
      1406         70          0          4          0        648   Library Totals

    ----------------------------------------------------------------------

==============================================================================


      Code (inc. data)   RO Data    RW Data    ZI Data      Debug   

      9012       1938        472         56      25008     358967   Grand Totals
      9012       1938        472         56      25008     358967   ELF Image Totals
      9012       1938        472         56          0          0   ROM Totals

==============================================================================

    Total RO  Size (Code + RO Data)                 9484 (   9.26kB)
    Total RW  Size (RW Data + ZI Data)             25064 (  24.48kB)
    Total ROM Size (Code + RO Data + RW Data)       9540 (   9.32kB)

==============================================================================

