<html>
<body>
<pre>
<h1>礦ision Build Log</h1>
<h2>Tool Versions:</h2>
IDE-Version: μVision V5.14.0.0
Copyright (C) 2015 ARM Ltd and ARM Germany GmbH. All rights reserved.
License Information: 123 123, 123, LIC=IC963-A4HHS-24CSS-LCJE8-LX2RI-I4U5F
 
Tool Versions:
Toolchain:       MDK-ARM Professional  Version: 5.14.0.0
Toolchain Path:  C:\Program Files (x86)\Keil\ARM\ARMCC\Bin
C Compiler:      Armcc.exe V5.05 update 1 (build 106)
Assembler:       Armasm.exe V5.05 update 1 (build 106)
Linker/Locator:  ArmLink.exe V5.05 update 1 (build 106)
Library Manager: ArmAr.exe V5.05 update 1 (build 106)
Hex Converter:   FromElf.exe V5.05 update 1 (build 106)
CPU DLL:         SARMCM3.DLL V5.14.0.0
Dialog DLL:      DCM.DLL V1.13.1.0
Target DLL:      STLink\ST-LINKIII-KEIL_SWO.dll V2.0.14.0_KEIL
Dialog DLL:      TCM.DLL V1.14.4.0
 
<h2>Project:</h2>
D:\ATIME\docs\GitHub\OTHERS\STM32F407\6.AD76006_SPI_bak换接口\Project\MDK-ARM(uV4)\project.uvprojx
Project File Date:  06/08/2017

<h2>Output:</h2>
Build target 'Flash'
compiling bsp_spi_ad7606.c...
linking...
Program Size: Code=9016 RO-data=472 RW-data=56 ZI-data=25008  
FromELF: creating hex file...
After Build - User command #1: CopyHex_Flash.bat
D:\ATIME\docs\GitHub\OTHERS\STM32F407\6.AD76006_SPI_bak换接口\Project\MDK-ARM(uV4)>copy Flash\Obj\output.hex ..\output(mdk).hex 
已复制         1 个文件。
".\Flash\Obj\output.axf" - 0 Error(s), 0 Warning(s).

<h2>Collection of Component include folders:</h2>
  D:\ATIME\docs\GitHub\OTHERS\STM32F407\6.AD76006_SPI_bak换接口\Project\MDK-ARM(uV4)\RTE
  C:\Program Files (x86)\Keil\ARM\PACK\Keil\STM32F4xx_DFP\1.0.8\Device\Include

<h2>Collection of Component Files used:</h2>
</pre>
</body>
</html>
