Component: ARM Compiler 5.05 update 1 (build 106) Tool: armlink [4d0efa]

==============================================================================

Section Cross References

    startup_stm32f40xx.o(RESET) refers to startup_stm32f40xx.o(STACK) for __initial_sp
    startup_stm32f40xx.o(RESET) refers to startup_stm32f40xx.o(.text) for Reset_Handler
    startup_stm32f40xx.o(RESET) refers to stm32f4xx_it.o(i.NMI_Handler) for NMI_Handler
    startup_stm32f40xx.o(RESET) refers to stm32f4xx_it.o(i.HardFault_Handler) for HardFault_Handler
    startup_stm32f40xx.o(RESET) refers to stm32f4xx_it.o(i.MemManage_Handler) for MemManage_Handler
    startup_stm32f40xx.o(RESET) refers to stm32f4xx_it.o(i.BusFault_Handler) for BusFault_Handler
    startup_stm32f40xx.o(RESET) refers to stm32f4xx_it.o(i.UsageFault_Handler) for UsageFault_Handler
    startup_stm32f40xx.o(RESET) refers to stm32f4xx_it.o(i.SVC_Handler) for SVC_Handler
    startup_stm32f40xx.o(RESET) refers to stm32f4xx_it.o(i.DebugMon_Handler) for DebugMon_Handler
    startup_stm32f40xx.o(RESET) refers to os_cpu_a.o(CODE) for OS_CPU_PendSVHandler
    startup_stm32f40xx.o(RESET) refers to os_cpu_c.o(i.OS_CPU_SysTickHandler) for OS_CPU_SysTickHandler
    startup_stm32f40xx.o(RESET) refers to stm32f4xx_it.o(i.EXTI0_IRQHandler) for EXTI0_IRQHandler
    startup_stm32f40xx.o(RESET) refers to stm32f4xx_it.o(i.USART1_IRQHandler) for USART1_IRQHandler
    startup_stm32f40xx.o(.text) refers to system_stm32f4xx.o(i.SystemInit) for SystemInit
    startup_stm32f40xx.o(.text) refers to entry.o(.ARM.Collect$$$$00000000) for __main
    system_stm32f4xx.o(i.SystemCoreClockUpdate) refers to system_stm32f4xx.o(.data) for SystemCoreClock
    system_stm32f4xx.o(i.SystemInit) refers to system_stm32f4xx.o(i.SetSysClock) for SetSysClock
    stm32f4xx_adc.o(i.ADC_DeInit) refers to stm32f4xx_rcc.o(i.RCC_APB2PeriphResetCmd) for RCC_APB2PeriphResetCmd
    stm32f4xx_can.o(i.CAN_DeInit) refers to stm32f4xx_rcc.o(i.RCC_APB1PeriphResetCmd) for RCC_APB1PeriphResetCmd
    stm32f4xx_can.o(i.CAN_GetITStatus) refers to stm32f4xx_can.o(i.CheckITStatus) for CheckITStatus
    stm32f4xx_cryp.o(i.CRYP_DeInit) refers to stm32f4xx_rcc.o(i.RCC_AHB2PeriphResetCmd) for RCC_AHB2PeriphResetCmd
    stm32f4xx_cryp_aes.o(i.CRYP_AES_CBC) refers to stm32f4xx_cryp.o(i.CRYP_KeyStructInit) for CRYP_KeyStructInit
    stm32f4xx_cryp_aes.o(i.CRYP_AES_CBC) refers to stm32f4xx_cryp.o(i.CRYP_FIFOFlush) for CRYP_FIFOFlush
    stm32f4xx_cryp_aes.o(i.CRYP_AES_CBC) refers to stm32f4xx_cryp.o(i.CRYP_Init) for CRYP_Init
    stm32f4xx_cryp_aes.o(i.CRYP_AES_CBC) refers to stm32f4xx_cryp.o(i.CRYP_KeyInit) for CRYP_KeyInit
    stm32f4xx_cryp_aes.o(i.CRYP_AES_CBC) refers to stm32f4xx_cryp.o(i.CRYP_Cmd) for CRYP_Cmd
    stm32f4xx_cryp_aes.o(i.CRYP_AES_CBC) refers to stm32f4xx_cryp.o(i.CRYP_GetFlagStatus) for CRYP_GetFlagStatus
    stm32f4xx_cryp_aes.o(i.CRYP_AES_CBC) refers to stm32f4xx_cryp.o(i.CRYP_IVInit) for CRYP_IVInit
    stm32f4xx_cryp_aes.o(i.CRYP_AES_CBC) refers to stm32f4xx_cryp.o(i.CRYP_GetCmdStatus) for CRYP_GetCmdStatus
    stm32f4xx_cryp_aes.o(i.CRYP_AES_CBC) refers to stm32f4xx_cryp.o(i.CRYP_DataIn) for CRYP_DataIn
    stm32f4xx_cryp_aes.o(i.CRYP_AES_CBC) refers to stm32f4xx_cryp.o(i.CRYP_DataOut) for CRYP_DataOut
    stm32f4xx_cryp_aes.o(i.CRYP_AES_CCM) refers to stm32f4xx_cryp.o(i.CRYP_KeyStructInit) for CRYP_KeyStructInit
    stm32f4xx_cryp_aes.o(i.CRYP_AES_CCM) refers to stm32f4xx_cryp.o(i.CRYP_FIFOFlush) for CRYP_FIFOFlush
    stm32f4xx_cryp_aes.o(i.CRYP_AES_CCM) refers to stm32f4xx_cryp.o(i.CRYP_KeyInit) for CRYP_KeyInit
    stm32f4xx_cryp_aes.o(i.CRYP_AES_CCM) refers to stm32f4xx_cryp.o(i.CRYP_IVInit) for CRYP_IVInit
    stm32f4xx_cryp_aes.o(i.CRYP_AES_CCM) refers to stm32f4xx_cryp.o(i.CRYP_Init) for CRYP_Init
    stm32f4xx_cryp_aes.o(i.CRYP_AES_CCM) refers to stm32f4xx_cryp.o(i.CRYP_PhaseConfig) for CRYP_PhaseConfig
    stm32f4xx_cryp_aes.o(i.CRYP_AES_CCM) refers to stm32f4xx_cryp.o(i.CRYP_DataIn) for CRYP_DataIn
    stm32f4xx_cryp_aes.o(i.CRYP_AES_CCM) refers to stm32f4xx_cryp.o(i.CRYP_Cmd) for CRYP_Cmd
    stm32f4xx_cryp_aes.o(i.CRYP_AES_CCM) refers to stm32f4xx_cryp.o(i.CRYP_GetCmdStatus) for CRYP_GetCmdStatus
    stm32f4xx_cryp_aes.o(i.CRYP_AES_CCM) refers to stm32f4xx_cryp.o(i.CRYP_GetFlagStatus) for CRYP_GetFlagStatus
    stm32f4xx_cryp_aes.o(i.CRYP_AES_CCM) refers to stm32f4xx_cryp.o(i.CRYP_DataOut) for CRYP_DataOut
    stm32f4xx_cryp_aes.o(i.CRYP_AES_CTR) refers to stm32f4xx_cryp.o(i.CRYP_KeyStructInit) for CRYP_KeyStructInit
    stm32f4xx_cryp_aes.o(i.CRYP_AES_CTR) refers to stm32f4xx_cryp.o(i.CRYP_KeyInit) for CRYP_KeyInit
    stm32f4xx_cryp_aes.o(i.CRYP_AES_CTR) refers to stm32f4xx_cryp.o(i.CRYP_Init) for CRYP_Init
    stm32f4xx_cryp_aes.o(i.CRYP_AES_CTR) refers to stm32f4xx_cryp.o(i.CRYP_IVInit) for CRYP_IVInit
    stm32f4xx_cryp_aes.o(i.CRYP_AES_CTR) refers to stm32f4xx_cryp.o(i.CRYP_FIFOFlush) for CRYP_FIFOFlush
[...]
    i.OS_SchedLockTimeMeasStop               0x08004f38   Section        0  os_core.o(i.OS_SchedLockTimeMeasStop)
    i.OS_SchedRoundRobin                     0x08004f74   Section        0  os_core.o(i.OS_SchedRoundRobin)
    i.OS_SemInit                             0x08005060   Section        0  os_sem.o(i.OS_SemInit)
    i.OS_SemPost                             0x08005078   Section        0  os_sem.o(i.OS_SemPost)
    i.OS_StatTask                            0x08005210   Section        0  os_stat.o(i.OS_StatTask)
    i.OS_StatTaskInit                        0x080055c4   Section        0  os_stat.o(i.OS_StatTaskInit)
    i.OS_TaskBlock                           0x08005690   Section        0  os_core.o(i.OS_TaskBlock)
    i.OS_TaskChangePrio                      0x080056bc   Section        0  os_task.o(i.OS_TaskChangePrio)
    i.OS_TaskDbgListAdd                      0x080057a8   Section        0  os_task.o(i.OS_TaskDbgListAdd)
    i.OS_TaskDbgListRemove                   0x080057d8   Section        0  os_task.o(i.OS_TaskDbgListRemove)
    i.OS_TaskInit                            0x0800581c   Section        0  os_task.o(i.OS_TaskInit)
    i.OS_TaskInitTCB                         0x0800583c   Section        0  os_task.o(i.OS_TaskInitTCB)
    i.OS_TaskQPost                           0x0800590c   Section        0  os_task.o(i.OS_TaskQPost)
    i.OS_TaskResume                          0x08005b78   Section        0  os_task.o(i.OS_TaskResume)
    i.OS_TaskReturn                          0x08005cf4   Section        0  os_task.o(i.OS_TaskReturn)
    i.OS_TaskSemPost                         0x08005d0c   Section        0  os_task.o(i.OS_TaskSemPost)
    i.OS_TaskSuspend                         0x080062b4   Section        0  os_task.o(i.OS_TaskSuspend)
    i.OS_TickListInsert                      0x08006444   Section        0  os_tick.o(i.OS_TickListInsert)
    i.OS_TickListInsertDly                   0x080064cc   Section        0  os_tick.o(i.OS_TickListInsertDly)
    i.OS_TickListRemove                      0x08006588   Section        0  os_tick.o(i.OS_TickListRemove)
    i.OS_TickListResetPeak                   0x080065e0   Section        0  os_tick.o(i.OS_TickListResetPeak)
    i.OS_TickListUpdateDly                   0x080065e4   Section        0  os_tick.o(i.OS_TickListUpdateDly)
    OS_TickListUpdateDly                     0x080065e5   Thumb Code   290  os_tick.o(i.OS_TickListUpdateDly)
    i.OS_TickListUpdateTimeout               0x08006714   Section        0  os_tick.o(i.OS_TickListUpdateTimeout)
    OS_TickListUpdateTimeout                 0x08006715   Thumb Code   416  os_tick.o(i.OS_TickListUpdateTimeout)
    i.OS_TickTask                            0x080068c0   Section        0  os_tick.o(i.OS_TickTask)
    i.OS_TickTaskInit                        0x080069bc   Section        0  os_tick.o(i.OS_TickTaskInit)
    i.OS_TmrInit                             0x08006a84   Section        0  os_tmr.o(i.OS_TmrInit)
    i.OS_TmrLock                             0x08006bb8   Section        0  os_tmr.o(i.OS_TmrLock)
    OS_TmrLock                               0x08006bb9   Thumb Code    20  os_tmr.o(i.OS_TmrLock)
    i.OS_TmrResetPeak                        0x08006bd0   Section        0  os_tmr.o(i.OS_TmrResetPeak)
    i.OS_TmrTask                             0x08006bd4   Section        0  os_tmr.o(i.OS_TmrTask)
    i.OS_TmrUnlink                           0x08006c68   Section        0  os_tmr.o(i.OS_TmrUnlink)
    i.OS_TmrUnlock                           0x08006cac   Section        0  os_tmr.o(i.OS_TmrUnlock)
    OS_TmrUnlock                             0x08006cad   Thumb Code    14  os_tmr.o(i.OS_TmrUnlock)
    i.RCC_AHB1PeriphClockCmd                 0x08006cc0   Section        0  stm32f4xx_rcc.o(i.RCC_AHB1PeriphClockCmd)
    i.RCC_APB1PeriphClockCmd                 0x08006ce0   Section        0  stm32f4xx_rcc.o(i.RCC_APB1PeriphClockCmd)
    i.RCC_APB2PeriphClockCmd                 0x08006d00   Section        0  stm32f4xx_rcc.o(i.RCC_APB2PeriphClockCmd)
    i.RCC_GetClocksFreq                      0x08006d20   Section        0  stm32f4xx_rcc.o(i.RCC_GetClocksFreq)
    i.SVC_Handler                            0x08006e08   Section        0  stm32f4xx_it.o(i.SVC_Handler)
    i.SYSCFG_EXTILineConfig                  0x08006e0c   Section        0  stm32f4xx_syscfg.o(i.SYSCFG_EXTILineConfig)
    i.SetSysClock                            0x08006e4c   Section        0  system_stm32f4xx.o(i.SetSysClock)
    SetSysClock                              0x08006e4d   Thumb Code   220  system_stm32f4xx.o(i.SetSysClock)
    i.SystemInit                             0x08006f38   Section        0  system_stm32f4xx.o(i.SystemInit)
    i.USART1_IRQHandler                      0x08006fa0   Section        0  stm32f4xx_it.o(i.USART1_IRQHandler)
    i.USART_Cmd                              0x08006fe8   Section        0  stm32f4xx_usart.o(i.USART_Cmd)
    i.USART_GetFlagStatus                    0x08007000   Section        0  stm32f4xx_usart.o(i.USART_GetFlagStatus)
    i.USART_GetITStatus                      0x0800701a   Section        0  stm32f4xx_usart.o(i.USART_GetITStatus)
    i.USART_ITConfig                         0x0800706e   Section        0  stm32f4xx_usart.o(i.USART_ITConfig)
    i.USART_Init                             0x080070b8   Section        0  stm32f4xx_usart.o(i.USART_Init)
    i.USART_ReceiveData                      0x0800718c   Section        0  stm32f4xx_usart.o(i.USART_ReceiveData)
    i.USART_SendData                         0x08007196   Section        0  stm32f4xx_usart.o(i.USART_SendData)
    i.USARTx_Config                          0x080071a0   Section        0  bsp_usart.o(i.USARTx_Config)
    i.UsageFault_Handler                     0x08007248   Section        0  stm32f4xx_it.o(i.UsageFault_Handler)
    i.__0printf$6                            0x0800724c   Section        0  printf6.o(i.__0printf$6)
    i.__scatterload_copy                     0x0800726c   Section       14  handlers.o(i.__scatterload_copy)
    i.__scatterload_null                     0x0800727a   Section        2  handlers.o(i.__scatterload_null)
    i.__scatterload_zeroinit                 0x0800727c   Section       14  handlers.o(i.__scatterload_zeroinit)
    i._printf_core                           0x0800728c   Section        0  printf6.o(i._printf_core)
    _printf_core                             0x0800728d   Thumb Code   748  printf6.o(i._printf_core)
    i._printf_post_padding                   0x0800757c   Section        0  printf6.o(i._printf_post_padding)
    _printf_post_padding                     0x0800757d   Thumb Code    36  printf6.o(i._printf_post_padding)
    i._printf_pre_padding                    0x080075a0   Section        0  printf6.o(i._printf_pre_padding)
    _printf_pre_padding                      0x080075a1   Thumb Code    46  printf6.o(i._printf_pre_padding)
    i.fputc                                  0x080075d0   Section        0  bsp_usart.o(i.fputc)
    i.main                                   0x080075f4   Section        0  app.o(i.main)
    .constdata                               0x08007654   Section      148  os_cfg_app.o(.constdata)
    .constdata                               0x080076e8   Section      364  os_dbg.o(.constdata)
    .data                                    0x20000000   Section       16  stm32f4xx_rcc.o(.data)
    APBAHBPrescTable                         0x20000000   Data          16  stm32f4xx_rcc.o(.data)
    .data                                    0x20000010   Section       28  cpu_core.o(.data)
    .data                                    0x2000002c   Section        4  lib_mem.o(.data)
    .data                                    0x20000030   Section        8  os_prio.o(.data)
    .data                                    0x20000038   Section      232  os_var.o(.data)
    .data                                    0x20000120   Section        4  os_cpu_c.o(.data)
    .data                                    0x20000124   Section        4  stdout.o(.data)
    .bss                                     0x20000128   Section    14540  app.o(.bss)
    AppTaskStartTCB                          0x20000260   Data         204  app.o(.bss)
    AppTaskLed1TCB                           0x200004c4   Data         204  app.o(.bss)
    AppTaskLed2TCB                           0x20000590   Data         204  app.o(.bss)
    AppTaskDac1TCB                           0x2000065c   Data         204  app.o(.bss)
    AppTaskDac2TCB                           0x20000728   Data         204  app.o(.bss)
    AppTaskStartStk                          0x200007f4   Data         512  app.o(.bss)
    AppTaskUsartStk                          0x200009f4   Data        2048  app.o(.bss)
    AppTaskKeyStk                            0x200011f4   Data        2048  app.o(.bss)
    AppTaskLed1Stk                           0x200019f4   Data        2048  app.o(.bss)
    AppTaskLed2Stk                           0x200021f4   Data        2048  app.o(.bss)
    AppTaskDac1Stk                           0x200029f4   Data        2048  app.o(.bss)
    AppTaskDac2Stk                           0x200031f4   Data        2048  app.o(.bss)
    .bss                                     0x200039f4   Section       16  cpu_core.o(.bss)
    .bss                                     0x20003a04   Section     3092  lib_mem.o(.bss)
    .bss                                     0x20004618   Section     4176  os_cfg_app.o(.bss)
    .bss                                     0x20005668   Section     1848  os_var.o(.bss)
    STACK                                    0x20005da0   Section     4096  startup_stm32f40xx.o(STACK)

    Global Symbols

    Symbol Name                              Value     Ov Type        Size  Object(Section)

    BuildAttributes$$THM_ISAv4$E$P$D$K$B$S$7EM$VFPi3$EXTD16$VFPS$VFMA$PE$A:L22UL41UL21$X:L11$S22US41US21$IEEE1$IW$USESV6$~STKCKD$USESV7$~SHL$OSPACE$ROPI$EBA8$MICROLIB$REQ8$PRES8$EABIv2 0x00000000   Number         0  anon$$obj.o ABSOLUTE
    __ARM_use_no_argv                        0x00000000   Number         0  app.o ABSOLUTE
    _printf_a                                0x00000000   Number         0  stubs.o ABSOLUTE
    _printf_c                                0x00000000   Number         0  stubs.o ABSOLUTE
    _printf_charcount                        0x00000000   Number         0  stubs.o ABSOLUTE
    _printf_d                                0x00000000   Number         0  stubs.o ABSOLUTE
    _printf_e                                0x00000000   Number         0  stubs.o ABSOLUTE
    _printf_f                                0x00000000   Number         0  stubs.o ABSOLUTE
    _printf_flags                            0x00000000   Number         0  stubs.o ABSOLUTE
    _printf_fp_dec                           0x00000000   Number         0  stubs.o ABSOLUTE
    _printf_fp_hex                           0x00000000   Number         0  stubs.o ABSOLUTE
    _printf_g                                0x00000000   Number         0  stubs.o ABSOLUTE
    _printf_i                                0x00000000   Number         0  stubs.o ABSOLUTE
    _printf_int_dec                          0x00000000   Number         0  stubs.o ABSOLUTE
    _printf_l                                0x00000000   Number         0  stubs.o ABSOLUTE
    _printf_lc                               0x00000000   Number         0  stubs.o ABSOLUTE
    _printf_ll                               0x00000000   Number         0  stubs.o ABSOLUTE
    _printf_lld                              0x00000000   Number         0  stubs.o ABSOLUTE
    _printf_lli                              0x00000000   Number         0  stubs.o ABSOLUTE
    _printf_llo                              0x00000000   Number         0  stubs.o ABSOLUTE
    _printf_llu                              0x00000000   Number         0  stubs.o ABSOLUTE
    _printf_llx                              0x00000000   Number         0  stubs.o ABSOLUTE
    _printf_longlong_dec                     0x00000000   Number         0  stubs.o ABSOLUTE
    _printf_longlong_hex                     0x00000000   Number         0  stubs.o ABSOLUTE
    _printf_longlong_oct                     0x00000000   Number         0  stubs.o ABSOLUTE
    _printf_ls                               0x00000000   Number         0  stubs.o ABSOLUTE
    _printf_mbtowc                           0x00000000   Number         0  stubs.o ABSOLUTE
    _printf_n                                0x00000000   Number         0  stubs.o ABSOLUTE
    _printf_o                                0x00000000   Number         0  stubs.o ABSOLUTE
    _printf_p                                0x00000000   Number         0  stubs.o ABSOLUTE
    _printf_percent                          0x00000000   Number         0  stubs.o ABSOLUTE
    _printf_pre_padding                      0x00000000   Number         0  stubs.o ABSOLUTE
    _printf_return_value                     0x00000000   Number         0  stubs.o ABSOLUTE
    _printf_s                                0x00000000   Number         0  stubs.o ABSOLUTE
    _printf_sizespec                         0x00000000   Number         0  stubs.o ABSOLUTE
    _printf_str                              0x00000000   Number         0  stubs.o ABSOLUTE
    _printf_truncate_signed                  0x00000000   Number         0  stubs.o ABSOLUTE
    _printf_truncate_unsigned                0x00000000   Number         0  stubs.o ABSOLUTE
    _printf_u                                0x00000000   Number         0  stubs.o ABSOLUTE
    _printf_wc                               0x00000000   Number         0  stubs.o ABSOLUTE
    _printf_wctomb                           0x00000000   Number         0  stubs.o ABSOLUTE
    _printf_widthprec                        0x00000000   Number         0  stubs.o ABSOLUTE
    _printf_x                                0x00000000   Number         0  stubs.o ABSOLUTE
    __cpp_initialize__aeabi_                  - Undefined Weak Reference
    __cxa_finalize                            - Undefined Weak Reference
    __decompress                              - Undefined Weak Reference
    _clock_init                               - Undefined Weak Reference
    _microlib_exit                            - Undefined Weak Reference
    __Vectors_Size                           0x00000188   Number         0  startup_stm32f40xx.o ABSOLUTE
    __Vectors                                0x08000000   Data           4  startup_stm32f40xx.o(RESET)
    __Vectors_End                            0x08000188   Data           0  startup_stm32f40xx.o(RESET)
    __main                                   0x08000189   Thumb Code     0  entry.o(.ARM.Collect$$$$00000000)
    _main_stk                                0x08000189   Thumb Code     0  entry2.o(.ARM.Collect$$$$00000001)
    _main_scatterload                        0x0800018d   Thumb Code     0  entry5.o(.ARM.Collect$$$$00000004)
    __main_after_scatterload                 0x08000191   Thumb Code     0  entry5.o(.ARM.Collect$$$$00000004)
    _main_clock                              0x08000191   Thumb Code     0  entry7b.o(.ARM.Collect$$$$00000008)
    _main_cpp_init                           0x08000191   Thumb Code     0  entry8b.o(.ARM.Collect$$$$0000000A)
    _main_init                               0x08000191   Thumb Code     0  entry9a.o(.ARM.Collect$$$$0000000B)
    __rt_final_cpp                           0x08000199   Thumb Code     0  entry10a.o(.ARM.Collect$$$$0000000D)
    __rt_final_exit                          0x08000199   Thumb Code     0  entry11a.o(.ARM.Collect$$$$0000000F)
    Reset_Handler                            0x0800019d   Thumb Code    40  startup_stm32f40xx.o(.text)
    ADC_IRQHandler                           0x080001d7   Thumb Code     0  startup_stm32f40xx.o(.text)
    CAN1_RX0_IRQHandler                      0x080001d7   Thumb Code     0  startup_stm32f40xx.o(.text)
    CAN1_RX1_IRQHandler                      0x080001d7   Thumb Code     0  startup_stm32f40xx.o(.text)
    CAN1_SCE_IRQHandler                      0x080001d7   Thumb Code     0  startup_stm32f40xx.o(.text)
    CAN1_TX_IRQHandler                       0x080001d7   Thumb Code     0  startup_stm32f40xx.o(.text)
    CAN2_RX0_IRQHandler                      0x080001d7   Thumb Code     0  startup_stm32f40xx.o(.text)
    CAN2_RX1_IRQHandler                      0x080001d7   Thumb Code     0  startup_stm32f40xx.o(.text)
    CAN2_SCE_IRQHandler                      0x080001d7   Thumb Code     0  startup_stm32f40xx.o(.text)
    CAN2_TX_IRQHandler                       0x080001d7   Thumb Code     0  startup_stm32f40xx.o(.text)
    CRYP_IRQHandler                          0x080001d7   Thumb Code     0  startup_stm32f40xx.o(.text)
    DCMI_IRQHandler                          0x080001d7   Thumb Code     0  startup_stm32f40xx.o(.text)
    DMA1_Stream0_IRQHandler                  0x080001d7   Thumb Code     0  startup_stm32f40xx.o(.text)
    DMA1_Stream1_IRQHandler                  0x080001d7   Thumb Code     0  startup_stm32f40xx.o(.text)
    DMA1_Stream2_IRQHandler                  0x080001d7   Thumb Code     0  startup_stm32f40xx.o(.text)
    DMA1_Stream3_IRQHandler                  0x080001d7   Thumb Code     0  startup_stm32f40xx.o(.text)
    DMA1_Stream4_IRQHandler                  0x080001d7   Thumb Code     0  startup_stm32f40xx.o(.text)
    DMA1_Stream5_IRQHandler                  0x080001d7   Thumb Code     0  startup_stm32f40xx.o(.text)
    DMA1_Stream6_IRQHandler                  0x080001d7   Thumb Code     0  startup_stm32f40xx.o(.text)
    DMA1_Stream7_IRQHandler                  0x080001d7   Thumb Code     0  startup_stm32f40xx.o(.text)
    DMA2_Stream0_IRQHandler                  0x080001d7   Thumb Code     0  startup_stm32f40xx.o(.text)
    DMA2_Stream1_IRQHandler                  0x080001d7   Thumb Code     0  startup_stm32f40xx.o(.text)
    DMA2_Stream2_IRQHandler                  0x080001d7   Thumb Code     0  startup_stm32f40xx.o(.text)
    DMA2_Stream3_IRQHandler                  0x080001d7   Thumb Code     0  startup_stm32f40xx.o(.text)
    DMA2_Stream4_IRQHandler                  0x080001d7   Thumb Code     0  startup_stm32f40xx.o(.text)
    DMA2_Stream5_IRQHandler                  0x080001d7   Thumb Code     0  startup_stm32f40xx.o(.text)
    DMA2_Stream6_IRQHandler                  0x080001d7   Thumb Code     0  startup_stm32f40xx.o(.text)
    DMA2_Stream7_IRQHandler                  0x080001d7   Thumb Code     0  startup_stm32f40xx.o(.text)
    ETH_IRQHandler                           0x080001d7   Thumb Code     0  startup_stm32f40xx.o(.text)
    ETH_WKUP_IRQHandler                      0x080001d7   Thumb Code     0  startup_stm32f40xx.o(.text)
    EXTI15_10_IRQHandler                     0x080001d7   Thumb Code     0  startup_stm32f40xx.o(.text)
    EXTI1_IRQHandler                         0x080001d7   Thumb Code     0  startup_stm32f40xx.o(.text)
    EXTI2_IRQHandler                         0x080001d7   Thumb Code     0  startup_stm32f40xx.o(.text)
    EXTI3_IRQHandler                         0x080001d7   Thumb Code     0  startup_stm32f40xx.o(.text)
    EXTI4_IRQHandler                         0x080001d7   Thumb Code     0  startup_stm32f40xx.o(.text)
    EXTI9_5_IRQHandler                       0x080001d7   Thumb Code     0  startup_stm32f40xx.o(.text)
    FLASH_IRQHandler                         0x080001d7   Thumb Code     0  startup_stm32f40xx.o(.text)
    FPU_IRQHandler                           0x080001d7   Thumb Code     0  startup_stm32f40xx.o(.text)
    FSMC_IRQHandler                          0x080001d7   Thumb Code     0  startup_stm32f40xx.o(.text)
    HASH_RNG_IRQHandler                      0x080001d7   Thumb Code     0  startup_stm32f40xx.o(.text)
    I2C1_ER_IRQHandler                       0x080001d7   Thumb Code     0  startup_stm32f40xx.o(.text)
    I2C1_EV_IRQHandler                       0x080001d7   Thumb Code     0  startup_stm32f40xx.o(.text)
    I2C2_ER_IRQHandler                       0x080001d7   Thumb Code     0  startup_stm32f40xx.o(.text)
    I2C2_EV_IRQHandler                       0x080001d7   Thumb Code     0  startup_stm32f40xx.o(.text)
    I2C3_ER_IRQHandler                       0x080001d7   Thumb Code     0  startup_stm32f40xx.o(.text)
    I2C3_EV_IRQHandler                       0x080001d7   Thumb Code     0  startup_stm32f40xx.o(.text)
    OTG_FS_IRQHandler                        0x080001d7   Thumb Code     0  startup_stm32f40xx.o(.text)
    OTG_FS_WKUP_IRQHandler                   0x080001d7   Thumb Code     0  startup_stm32f40xx.o(.text)
    OTG_HS_EP1_IN_IRQHandler                 0x080001d7   Thumb Code     0  startup_stm32f40xx.o(.text)
    OTG_HS_EP1_OUT_IRQHandler                0x080001d7   Thumb Code     0  startup_stm32f40xx.o(.text)
    OTG_HS_IRQHandler                        0x080001d7   Thumb Code     0  startup_stm32f40xx.o(.text)
    OTG_HS_WKUP_IRQHandler                   0x080001d7   Thumb Code     0  startup_stm32f40xx.o(.text)
    PVD_IRQHandler                           0x080001d7   Thumb Code     0  startup_stm32f40xx.o(.text)
    RCC_IRQHandler                           0x080001d7   Thumb Code     0  startup_stm32f40xx.o(.text)
    RTC_Alarm_IRQHandler                     0x080001d7   Thumb Code     0  startup_stm32f40xx.o(.text)
    RTC_WKUP_IRQHandler                      0x080001d7   Thumb Code     0  startup_stm32f40xx.o(.text)
    SDIO_IRQHandler                          0x080001d7   Thumb Code     0  startup_stm32f40xx.o(.text)
    SPI1_IRQHandler                          0x080001d7   Thumb Code     0  startup_stm32f40xx.o(.text)
    SPI2_IRQHandler                          0x080001d7   Thumb Code     0  startup_stm32f40xx.o(.text)
    SPI3_IRQHandler                          0x080001d7   Thumb Code     0  startup_stm32f40xx.o(.text)
    TAMP_STAMP_IRQHandler                    0x080001d7   Thumb Code     0  startup_stm32f40xx.o(.text)
    TIM1_BRK_TIM9_IRQHandler                 0x080001d7   Thumb Code     0  startup_stm32f40xx.o(.text)
    TIM1_CC_IRQHandler                       0x080001d7   Thumb Code     0  startup_stm32f40xx.o(.text)
    TIM1_TRG_COM_TIM11_IRQHandler            0x080001d7   Thumb Code     0  startup_stm32f40xx.o(.text)
    TIM1_UP_TIM10_IRQHandler                 0x080001d7   Thumb Code     0  startup_stm32f40xx.o(.text)
    TIM2_IRQHandler                          0x080001d7   Thumb Code     0  startup_stm32f40xx.o(.text)
    TIM3_IRQHandler                          0x080001d7   Thumb Code     0  startup_stm32f40xx.o(.text)
    TIM4_IRQHandler                          0x080001d7   Thumb Code     0  startup_stm32f40xx.o(.text)
    TIM5_IRQHandler                          0x080001d7   Thumb Code     0  startup_stm32f40xx.o(.text)
    TIM6_DAC_IRQHandler                      0x080001d7   Thumb Code     0  startup_stm32f40xx.o(.text)
    TIM7_IRQHandler                          0x080001d7   Thumb Code     0  startup_stm32f40xx.o(.text)
    TIM8_BRK_TIM12_IRQHandler                0x080001d7   Thumb Code     0  startup_stm32f40xx.o(.text)
    TIM8_CC_IRQHandler                       0x080001d7   Thumb Code     0  startup_stm32f40xx.o(.text)
    TIM8_TRG_COM_TIM14_IRQHandler            0x080001d7   Thumb Code     0  startup_stm32f40xx.o(.text)
    TIM8_UP_TIM13_IRQHandler                 0x080001d7   Thumb Code     0  startup_stm32f40xx.o(.text)
    UART4_IRQHandler                         0x080001d7   Thumb Code     0  startup_stm32f40xx.o(.text)
    UART5_IRQHandler                         0x080001d7   Thumb Code     0  startup_stm32f40xx.o(.text)
    USART2_IRQHandler                        0x080001d7   Thumb Code     0  startup_stm32f40xx.o(.text)
    USART3_IRQHandler                        0x080001d7   Thumb Code     0  startup_stm32f40xx.o(.text)
    USART6_IRQHandler                        0x080001d7   Thumb Code     0  startup_stm32f40xx.o(.text)
    WWDG_IRQHandler                          0x080001d7   Thumb Code     0  startup_stm32f40xx.o(.text)
    CPU_IntDis                               0x080001e9   Thumb Code     0  cpu_a.o(.text)
    CPU_IntEn                                0x080001ed   Thumb Code     0  cpu_a.o(.text)
    CPU_SR_Save                              0x080001f1   Thumb Code     0  cpu_a.o(.text)
    CPU_SR_Restore                           0x080001f9   Thumb Code     0  cpu_a.o(.text)
    CPU_WaitForInt                           0x080001ff   Thumb Code     0  cpu_a.o(.text)
    CPU_WaitForExcept                        0x08000203   Thumb Code     0  cpu_a.o(.text)
    CPU_CntLeadZeros                         0x08000207   Thumb Code     0  cpu_a.o(.text)
    CPU_CntTrailZeros                        0x0800020d   Thumb Code     0  cpu_a.o(.text)
    CPU_RevBits                              0x08000217   Thumb Code     0  cpu_a.o(.text)
    __aeabi_dmul                             0x0800021d   Thumb Code   228  dmul.o(.text)
    __aeabi_ddiv                             0x08000301   Thumb Code   222  ddiv.o(.text)
    __aeabi_ui2d                             0x080003df   Thumb Code    26  dfltui.o(.text)
    __aeabi_d2uiz                            0x080003f9   Thumb Code    50  dfixui.o(.text)
    __aeabi_uidiv                            0x0800042b   Thumb Code     0  uidiv.o(.text)
    __aeabi_uidivmod                         0x0800042b   Thumb Code    44  uidiv.o(.text)
    __aeabi_llsl                             0x08000457   Thumb Code    30  llshl.o(.text)
    _ll_shift_l                              0x08000457   Thumb Code     0  llshl.o(.text)
    __aeabi_llsr                             0x08000475   Thumb Code    32  llushr.o(.text)
    _ll_ushift_r                             0x08000475   Thumb Code     0  llushr.o(.text)
    __I$use$fp                               0x08000495   Thumb Code     0  iusefp.o(.text)
    _double_round                            0x08000495   Thumb Code    30  depilogue.o(.text)
    _double_epilogue                         0x080004b3   Thumb Code   156  depilogue.o(.text)
    __scatterload                            0x08000551   Thumb Code    28  init.o(.text)
    __scatterload_rt2                        0x08000551   Thumb Code     0  init.o(.text)
    OS_CPU_FP_Reg_Push                       0x08000575   Thumb Code     0  os_cpu_a.o(CODE)
    OS_CPU_FP_Reg_Pop                        0x0800058f   Thumb Code     0  os_cpu_a.o(CODE)
    OSStartHighRdy                           0x080005a1   Thumb Code     0  os_cpu_a.o(CODE)
    OSCtxSw                                  0x08000611   Thumb Code     0  os_cpu_a.o(CODE)
    OSIntCtxSw                               0x0800061b   Thumb Code     0  os_cpu_a.o(CODE)
    OS_CPU_PendSVHandler                     0x08000625   Thumb Code     0  os_cpu_a.o(CODE)
    BSP_CPU_ClkFreq                          0x08000fd1   Thumb Code    14  bsp.o(i.BSP_CPU_ClkFreq)
    BSP_Init                                 0x08000fdf   Thumb Code    16  bsp.o(i.BSP_Init)
    BusFault_Handler                         0x08000fef   Thumb Code     4  stm32f4xx_it.o(i.BusFault_Handler)
    CPU_Init                                 0x08000ff3   Thumb Code    16  cpu_core.o(i.CPU_Init)
    CPU_IntDisMeasMaxCurGet                  0x080010a5   Thumb Code    40  cpu_core.o(i.CPU_IntDisMeasMaxCurGet)
    CPU_IntDisMeasMaxCurReset                0x080010d1   Thumb Code    40  cpu_core.o(i.CPU_IntDisMeasMaxCurReset)
    CPU_IntDisMeasMaxGet                     0x080010fd   Thumb Code    40  cpu_core.o(i.CPU_IntDisMeasMaxGet)
    CPU_IntDisMeasStart                      0x08001129   Thumb Code    38  cpu_core.o(i.CPU_IntDisMeasStart)
    CPU_IntDisMeasStop                       0x0800115d   Thumb Code    62  cpu_core.o(i.CPU_IntDisMeasStop)
    CPU_NameClr                              0x080011b1   Thumb Code    50  cpu_core.o(i.CPU_NameClr)
    CPU_SW_Exception                         0x080011f1   Thumb Code     4  cpu_core.o(i.CPU_SW_Exception)
    CPU_TS_TmrFreqSet                        0x08001209   Thumb Code     6  cpu_core.o(i.CPU_TS_TmrFreqSet)
    CPU_TS_TmrInit                           0x08001215   Thumb Code    44  bsp.o(i.CPU_TS_TmrInit)
    CPU_TS_TmrRd                             0x08001249   Thumb Code     6  bsp.o(i.CPU_TS_TmrRd)
    DAC_Cmd                                  0x08001255   Thumb Code    34  stm32f4xx_dac.o(i.DAC_Cmd)
    DAC_Init                                 0x0800127d   Thumb Code    46  stm32f4xx_dac.o(i.DAC_Init)
    DAC_SetChannel1Data                      0x080012b1   Thumb Code    26  stm32f4xx_dac.o(i.DAC_SetChannel1Data)
    DAC_SetChannel2Data                      0x080012d1   Thumb Code    26  stm32f4xx_dac.o(i.DAC_SetChannel2Data)
    Dac1_Init                                0x080012f1   Thumb Code    84  bsp_dac.o(i.Dac1_Init)
    Dac1_Set_Vol                             0x08001349   Thumb Code    98  bsp_dac.o(i.Dac1_Set_Vol)
    Dac2_Init                                0x080013c5   Thumb Code    84  bsp_dac.o(i.Dac2_Init)
    Dac2_Set_Vol                             0x0800141d   Thumb Code    98  bsp_dac.o(i.Dac2_Set_Vol)
    DebugMon_Handler                         0x08001499   Thumb Code     2  stm32f4xx_it.o(i.DebugMon_Handler)
    EXTI0_IRQHandler                         0x0800149d   Thumb Code    36  stm32f4xx_it.o(i.EXTI0_IRQHandler)
    EXTI_ClearITPendingBit                   0x080014c5   Thumb Code     6  stm32f4xx_exti.o(i.EXTI_ClearITPendingBit)
    EXTI_GetITStatus                         0x080014d1   Thumb Code    20  stm32f4xx_exti.o(i.EXTI_GetITStatus)
    EXTI_Init                                0x080014e9   Thumb Code   142  stm32f4xx_exti.o(i.EXTI_Init)
    EXTI_Pxy_Config                          0x0800157d   Thumb Code    76  bsp_exti.o(i.EXTI_Pxy_Config)
    GPIO_Init                                0x080015cd   Thumb Code   144  stm32f4xx_gpio.o(i.GPIO_Init)
    GPIO_PinAFConfig                         0x0800165d   Thumb Code    70  stm32f4xx_gpio.o(i.GPIO_PinAFConfig)
    HardFault_Handler                        0x080016a3   Thumb Code     4  stm32f4xx_it.o(i.HardFault_Handler)
    LED_GPIO_Config                          0x080016a9   Thumb Code    74  bsp_led.o(i.LED_GPIO_Config)
    MemManage_Handler                        0x080016fd   Thumb Code     4  stm32f4xx_it.o(i.MemManage_Handler)
    Mem_Clr                                  0x08001701   Thumb Code    18  lib_mem.o(i.Mem_Clr)
    Mem_Init                                 0x08001715   Thumb Code    54  lib_mem.o(i.Mem_Init)
    Mem_SegCreate                            0x08001761   Thumb Code    82  lib_mem.o(i.Mem_SegCreate)
    Mem_Set                                  0x080017d5   Thumb Code    84  lib_mem.o(i.Mem_Set)
    NMI_Handler                              0x08001829   Thumb Code     2  stm32f4xx_it.o(i.NMI_Handler)
    NVIC_Init                                0x0800187d   Thumb Code   106  misc.o(i.NVIC_Init)
    NVIC_PriorityGroupConfig                 0x080018f5   Thumb Code    10  misc.o(i.NVIC_PriorityGroupConfig)
    OSCfg_Init                               0x08001909   Thumb Code     2  os_cfg_app.o(i.OSCfg_Init)
    OSIdleTaskHook                           0x0800190d   Thumb Code    16  os_cpu_c.o(i.OSIdleTaskHook)
    OSInit                                   0x08001921   Thumb Code   300  os_core.o(i.OSInit)
    OSInitHook                               0x08001aad   Thumb Code    28  os_cpu_c.o(i.OSInitHook)
    OSIntEnter                               0x08001ad5   Thumb Code    34  os_core.o(i.OSIntEnter)
    OSIntExit                                0x08001b01   Thumb Code   188  os_core.o(i.OSIntExit)
    OSMemCreate                              0x08001bdd   Thumb Code   310  os_mem.o(i.OSMemCreate)
    OSMemGet                                 0x08001d21   Thumb Code   112  os_mem.o(i.OSMemGet)
    OSMemPut                                 0x08001d91   Thumb Code   124  os_mem.o(i.OSMemPut)
    OSMutexCreate                            0x08001e0d   Thumb Code   196  os_mutex.o(i.OSMutexCreate)
    OSMutexPend                              0x08001edd   Thumb Code   568  os_mutex.o(i.OSMutexPend)
    OSMutexPost                              0x08002121   Thumb Code   676  os_mutex.o(i.OSMutexPost)
    OSSched                                  0x080023d9   Thumb Code   134  os_core.o(i.OSSched)
    OSSchedLock                              0x0800247d   Thumb Code    96  os_core.o(i.OSSchedLock)
    OSSchedRoundRobinCfg                     0x080024e5   Thumb Code    96  os_core.o(i.OSSchedRoundRobinCfg)
    OSSchedUnlock                            0x08002551   Thumb Code   132  os_core.o(i.OSSchedUnlock)
    OSStart                                  0x080025dd   Thumb Code    78  os_core.o(i.OSStart)
    OSStatReset                              0x08002645   Thumb Code   316  os_stat.o(i.OSStatReset)
    OSStatTaskCPUUsageInit                   0x080027ad   Thumb Code   228  os_stat.o(i.OSStatTaskCPUUsageInit)
    OSStatTaskHook                           0x080028ad   Thumb Code    16  os_cpu_c.o(i.OSStatTaskHook)
    OSTaskCreate                             0x080028c1   Thumb Code   608  os_task.o(i.OSTaskCreate)
    OSTaskCreateHook                         0x08002b41   Thumb Code    20  os_cpu_c.o(i.OSTaskCreateHook)
    OSTaskDel                                0x08002b59   Thumb Code   592  os_task.o(i.OSTaskDel)
    OSTaskDelHook                            0x08002dc1   Thumb Code    20  os_cpu_c.o(i.OSTaskDelHook)
    OSTaskQPend                              0x08002dd9   Thumb Code   554  os_task.o(i.OSTaskQPend)
    OSTaskQPost                              0x0800300d   Thumb Code   114  os_task.o(i.OSTaskQPost)
    OSTaskResume                             0x08003089   Thumb Code   124  os_task.o(i.OSTaskResume)
    OSTaskReturnHook                         0x08003111   Thumb Code    20  os_cpu_c.o(i.OSTaskReturnHook)
    OSTaskSemPend                            0x08003129   Thumb Code   560  os_task.o(i.OSTaskSemPend)
    OSTaskSemPost                            0x08003361   Thumb Code    98  os_task.o(i.OSTaskSemPost)
    OSTaskStkChk                             0x080033cd   Thumb Code   204  os_task.o(i.OSTaskStkChk)
    OSTaskStkInit                            0x0800349d   Thumb Code   600  os_cpu_c.o(i.OSTaskStkInit)
    OSTaskSuspend                            0x08003761   Thumb Code    78  os_task.o(i.OSTaskSuspend)
    OSTaskSwHook                             0x080037c1   Thumb Code   194  os_cpu_c.o(i.OSTaskSwHook)
    OSTimeDly                                0x08003895   Thumb Code   296  os_time.o(i.OSTimeDly)
    OSTimeTick                               0x080039c5   Thumb Code    54  os_time.o(i.OSTimeTick)
    OSTimeTickHook                           0x08003a09   Thumb Code    16  os_cpu_c.o(i.OSTimeTickHook)
    OSVersion                                0x08003a1d   Thumb Code    12  os_core.o(i.OSVersion)
    OS_CPU_SysTickHandler                    0x08003a29   Thumb Code    60  os_cpu_c.o(i.OS_CPU_SysTickHandler)
    OS_CPU_SysTickInit                       0x08003a69   Thumb Code    44  os_cpu_c.o(i.OS_CPU_SysTickInit)
    OS_Dbg_Init                              0x08003a99   Thumb Code   148  os_dbg.o(i.OS_Dbg_Init)
    OS_FlagInit                              0x08003c45   Thumb Code    14  os_flag.o(i.OS_FlagInit)
    OS_FlagPost                              0x08003c5d   Thumb Code   626  os_flag.o(i.OS_FlagPost)
    OS_FlagTaskRdy                           0x08003ed9   Thumb Code   100  os_flag.o(i.OS_FlagTaskRdy)
    OS_IdleTask                              0x08003f3d   Thumb Code    66  os_core.o(i.OS_IdleTask)
    OS_IdleTaskInit                          0x08003f89   Thumb Code    66  os_core.o(i.OS_IdleTaskInit)
    OS_IntQPost                              0x08003ff9   Thumb Code   224  os_int.o(i.OS_IntQPost)
    OS_IntQRePost                            0x080040fd   Thumb Code   360  os_int.o(i.OS_IntQRePost)
    OS_IntQTask                              0x080042a1   Thumb Code   180  os_int.o(i.OS_IntQTask)
    OS_IntQTaskInit                          0x08004365   Thumb Code   206  os_int.o(i.OS_IntQTaskInit)
    OS_MemDbgListAdd                         0x0800448d   Thumb Code    34  os_mem.o(i.OS_MemDbgListAdd)
    OS_MemInit                               0x080044b5   Thumb Code    14  os_mem.o(i.OS_MemInit)
    OS_MsgPoolInit                           0x080044cd   Thumb Code   110  os_msg.o(i.OS_MsgPoolInit)
    OS_MsgQFreeAll                           0x08004549   Thumb Code    62  os_msg.o(i.OS_MsgQFreeAll)
    OS_MsgQGet                               0x0800458d   Thumb Code    98  os_msg.o(i.OS_MsgQGet)
    OS_MsgQInit                              0x080045f5   Thumb Code    14  os_msg.o(i.OS_MsgQInit)
    OS_MsgQPut                               0x08004605   Thumb Code   254  os_msg.o(i.OS_MsgQPut)
    OS_MutexDbgListAdd                       0x08004709   Thumb Code    38  os_mutex.o(i.OS_MutexDbgListAdd)
    OS_MutexGrpAdd                           0x08004739   Thumb Code     8  os_mutex.o(i.OS_MutexGrpAdd)
    OS_MutexGrpPostAll                       0x08004741   Thumb Code    96  os_mutex.o(i.OS_MutexGrpPostAll)
    OS_MutexGrpPrioFindHighest               0x080047a1   Thumb Code    44  os_mutex.o(i.OS_MutexGrpPrioFindHighest)
    OS_MutexGrpRemove                        0x080047cd   Thumb Code    28  os_mutex.o(i.OS_MutexGrpRemove)
    OS_MutexInit                             0x080047e9   Thumb Code    14  os_mutex.o(i.OS_MutexInit)
    OS_Pend                                  0x08004801   Thumb Code   100  os_core.o(i.OS_Pend)
    OS_PendDataInit                          0x08004869   Thumb Code    40  os_core.o(i.OS_PendDataInit)
    OS_PendDbgNameAdd                        0x08004891   Thumb Code    66  os_core.o(i.OS_PendDbgNameAdd)
    OS_PendDbgNameRemove                     0x080048ed   Thumb Code    30  os_core.o(i.OS_PendDbgNameRemove)
    OS_PendListChangePrio                    0x08004911   Thumb Code    58  os_core.o(i.OS_PendListChangePrio)
    OS_PendListInit                          0x0800494b   Thumb Code    10  os_core.o(i.OS_PendListInit)
    OS_PendListInsertPrio                    0x08004955   Thumb Code   102  os_core.o(i.OS_PendListInsertPrio)
    OS_PendListRemove                        0x080049bb   Thumb Code    52  os_core.o(i.OS_PendListRemove)
    OS_PendListRemove1                       0x080049ef   Thumb Code    66  os_core.o(i.OS_PendListRemove1)
    OS_Post                                  0x08004a31   Thumb Code   214  os_core.o(i.OS_Post)
    OS_Post1                                 0x08004b07   Thumb Code    44  os_core.o(i.OS_Post1)
    OS_PrioGetHighest                        0x08004b35   Thumb Code    36  os_prio.o(i.OS_PrioGetHighest)
    OS_PrioInit                              0x08004b5d   Thumb Code    20  os_prio.o(i.OS_PrioInit)
    OS_PrioInsert                            0x08004b75   Thumb Code    32  os_prio.o(i.OS_PrioInsert)
    OS_PrioRemove                            0x08004b99   Thumb Code    32  os_prio.o(i.OS_PrioRemove)
    OS_QInit                                 0x08004bbd   Thumb Code    14  os_q.o(i.OS_QInit)
    OS_QPost                                 0x08004bd5   Thumb Code   382  os_q.o(i.OS_QPost)
    OS_RdyListInit                           0x08004d5d   Thumb Code    32  os_core.o(i.OS_RdyListInit)
    OS_RdyListInsert                         0x08004d81   Thumb Code    40  os_core.o(i.OS_RdyListInsert)
    OS_RdyListInsertHead                     0x08004dad   Thumb Code    58  os_core.o(i.OS_RdyListInsertHead)
    OS_RdyListInsertTail                     0x08004ded   Thumb Code    56  os_core.o(i.OS_RdyListInsertTail)
    OS_RdyListMoveHeadToTail                 0x08004e29   Thumb Code    68  os_core.o(i.OS_RdyListMoveHeadToTail)
    OS_RdyListRemove                         0x08004e6d   Thumb Code    86  os_core.o(i.OS_RdyListRemove)
    OS_Sched0                                0x08004ec9   Thumb Code    68  os_core.o(i.OS_Sched0)
    OS_SchedLockTimeMeasStart                0x08004f1d   Thumb Code    20  os_core.o(i.OS_SchedLockTimeMeasStart)
    OS_SchedLockTimeMeasStop                 0x08004f39   Thumb Code    44  os_core.o(i.OS_SchedLockTimeMeasStop)
    OS_SchedRoundRobin                       0x08004f75   Thumb Code   218  os_core.o(i.OS_SchedRoundRobin)
    OS_SemInit                               0x08005061   Thumb Code    14  os_sem.o(i.OS_SemInit)
    OS_SemPost                               0x08005079   Thumb Code   404  os_sem.o(i.OS_SemPost)
    OS_StatTask                              0x08005211   Thumb Code   876  os_stat.o(i.OS_StatTask)
    OS_StatTaskInit                          0x080055c5   Thumb Code   136  os_stat.o(i.OS_StatTaskInit)
    OS_TaskBlock                             0x08005691   Thumb Code    40  os_core.o(i.OS_TaskBlock)
    OS_TaskChangePrio                        0x080056bd   Thumb Code   232  os_task.o(i.OS_TaskChangePrio)
    OS_TaskDbgListAdd                        0x080057a9   Thumb Code    42  os_task.o(i.OS_TaskDbgListAdd)
    OS_TaskDbgListRemove                     0x080057d9   Thumb Code    64  os_task.o(i.OS_TaskDbgListRemove)
    OS_TaskInit                              0x0800581d   Thumb Code    18  os_task.o(i.OS_TaskInit)
    OS_TaskInitTCB                           0x0800583d   Thumb Code   194  os_task.o(i.OS_TaskInitTCB)
    OS_TaskQPost                             0x0800590d   Thumb Code   606  os_task.o(i.OS_TaskQPost)
    OS_TaskResume                            0x08005b79   Thumb Code   374  os_task.o(i.OS_TaskResume)
    OS_TaskReturn                            0x08005cf5   Thumb Code    20  os_task.o(i.OS_TaskReturn)
    OS_TaskSemPost                           0x08005d0d   Thumb Code  1438  os_task.o(i.OS_TaskSemPost)
    OS_TaskSuspend                           0x080062b5   Thumb Code   392  os_task.o(i.OS_TaskSuspend)
    OS_TickListInsert                        0x08006445   Thumb Code   134  os_tick.o(i.OS_TickListInsert)
    OS_TickListInsertDly                     0x080064cd   Thumb Code   180  os_tick.o(i.OS_TickListInsertDly)
    OS_TickListRemove                        0x08006589   Thumb Code    88  os_tick.o(i.OS_TickListRemove)
    OS_TickListResetPeak                     0x080065e1   Thumb Code     2  os_tick.o(i.OS_TickListResetPeak)
    OS_TickTask                              0x080068c1   Thumb Code   236  os_tick.o(i.OS_TickTask)
    OS_TickTaskInit                          0x080069bd   Thumb Code   140  os_tick.o(i.OS_TickTaskInit)
    OS_TmrInit                               0x08006a85   Thumb Code   200  os_tmr.o(i.OS_TmrInit)
    OS_TmrResetPeak                          0x08006bd1   Thumb Code     2  os_tmr.o(i.OS_TmrResetPeak)
    OS_TmrTask                               0x08006bd5   Thumb Code   134  os_tmr.o(i.OS_TmrTask)
    OS_TmrUnlink                             0x08006c69   Thumb Code    58  os_tmr.o(i.OS_TmrUnlink)
    RCC_AHB1PeriphClockCmd                   0x08006cc1   Thumb Code    26  stm32f4xx_rcc.o(i.RCC_AHB1PeriphClockCmd)
    RCC_APB1PeriphClockCmd                   0x08006ce1   Thumb Code    26  stm32f4xx_rcc.o(i.RCC_APB1PeriphClockCmd)
    RCC_APB2PeriphClockCmd                   0x08006d01   Thumb Code    26  stm32f4xx_rcc.o(i.RCC_APB2PeriphClockCmd)
    RCC_GetClocksFreq                        0x08006d21   Thumb Code   214  stm32f4xx_rcc.o(i.RCC_GetClocksFreq)
    SVC_Handler                              0x08006e09   Thumb Code     2  stm32f4xx_it.o(i.SVC_Handler)
    SYSCFG_EXTILineConfig                    0x08006e0d   Thumb Code    60  stm32f4xx_syscfg.o(i.SYSCFG_EXTILineConfig)
    SystemInit                               0x08006f39   Thumb Code    88  system_stm32f4xx.o(i.SystemInit)
    USART1_IRQHandler                        0x08006fa1   Thumb Code    58  stm32f4xx_it.o(i.USART1_IRQHandler)
    USART_Cmd                                0x08006fe9   Thumb Code    24  stm32f4xx_usart.o(i.USART_Cmd)
    USART_GetFlagStatus                      0x08007001   Thumb Code    26  stm32f4xx_usart.o(i.USART_GetFlagStatus)
    USART_GetITStatus                        0x0800701b   Thumb Code    84  stm32f4xx_usart.o(i.USART_GetITStatus)
    USART_ITConfig                           0x0800706f   Thumb Code    74  stm32f4xx_usart.o(i.USART_ITConfig)
    USART_Init                               0x080070b9   Thumb Code   204  stm32f4xx_usart.o(i.USART_Init)
    USART_ReceiveData                        0x0800718d   Thumb Code    10  stm32f4xx_usart.o(i.USART_ReceiveData)
    USART_SendData                           0x08007197   Thumb Code     8  stm32f4xx_usart.o(i.USART_SendData)
    USARTx_Config                            0x080071a1   Thumb Code   160  bsp_usart.o(i.USARTx_Config)
    UsageFault_Handler                       0x08007249   Thumb Code     4  stm32f4xx_it.o(i.UsageFault_Handler)
    __0printf$6                              0x0800724d   Thumb Code    22  printf6.o(i.__0printf$6)
    __1printf$6                              0x0800724d   Thumb Code     0  printf6.o(i.__0printf$6)
    __2printf                                0x0800724d   Thumb Code     0  printf6.o(i.__0printf$6)
    __scatterload_copy                       0x0800726d   Thumb Code    14  handlers.o(i.__scatterload_copy)
    __scatterload_null                       0x0800727b   Thumb Code     2  handlers.o(i.__scatterload_null)
    __scatterload_zeroinit                   0x0800727d   Thumb Code    14  handlers.o(i.__scatterload_zeroinit)
    fputc                                    0x080075d1   Thumb Code    32  bsp_usart.o(i.fputc)
    main                                     0x080075f5   Thumb Code    68  app.o(i.main)
    OSCfg_IdleTaskStkBasePtr                 0x08007654   Data           4  os_cfg_app.o(.constdata)
    OSCfg_IdleTaskStkLimit                   0x08007658   Data           4  os_cfg_app.o(.constdata)
    OSCfg_IdleTaskStkSize                    0x0800765c   Data           4  os_cfg_app.o(.constdata)
    OSCfg_IdleTaskStkSizeRAM                 0x08007660   Data           4  os_cfg_app.o(.constdata)
    OSCfg_IntQBasePtr                        0x08007664   Data           4  os_cfg_app.o(.constdata)
    OSCfg_IntQSize                           0x08007668   Data           2  os_cfg_app.o(.constdata)
    OSCfg_IntQSizeRAM                        0x0800766c   Data           4  os_cfg_app.o(.constdata)
    OSCfg_IntQTaskStkBasePtr                 0x08007670   Data           4  os_cfg_app.o(.constdata)
    OSCfg_IntQTaskStkLimit                   0x08007674   Data           4  os_cfg_app.o(.constdata)
    OSCfg_IntQTaskStkSize                    0x08007678   Data           4  os_cfg_app.o(.constdata)
    OSCfg_IntQTaskStkSizeRAM                 0x0800767c   Data           4  os_cfg_app.o(.constdata)
    OSCfg_ISRStkBasePtr                      0x08007680   Data           4  os_cfg_app.o(.constdata)
    OSCfg_ISRStkSize                         0x08007684   Data           4  os_cfg_app.o(.constdata)
    OSCfg_ISRStkSizeRAM                      0x08007688   Data           4  os_cfg_app.o(.constdata)
    OSCfg_MsgPoolSize                        0x0800768c   Data           2  os_cfg_app.o(.constdata)
    OSCfg_MsgPoolSizeRAM                     0x08007690   Data           4  os_cfg_app.o(.constdata)
    OSCfg_MsgPoolBasePtr                     0x08007694   Data           4  os_cfg_app.o(.constdata)
    OSCfg_StatTaskPrio                       0x08007698   Data           1  os_cfg_app.o(.constdata)
    OSCfg_StatTaskRate_Hz                    0x0800769c   Data           4  os_cfg_app.o(.constdata)
    OSCfg_StatTaskStkBasePtr                 0x080076a0   Data           4  os_cfg_app.o(.constdata)
    OSCfg_StatTaskStkLimit                   0x080076a4   Data           4  os_cfg_app.o(.constdata)
    OSCfg_StatTaskStkSize                    0x080076a8   Data           4  os_cfg_app.o(.constdata)
    OSCfg_StatTaskStkSizeRAM                 0x080076ac   Data           4  os_cfg_app.o(.constdata)
    OSCfg_StkSizeMin                         0x080076b0   Data           4  os_cfg_app.o(.constdata)
    OSCfg_TickRate_Hz                        0x080076b4   Data           4  os_cfg_app.o(.constdata)
    OSCfg_TickTaskPrio                       0x080076b8   Data           1  os_cfg_app.o(.constdata)
    OSCfg_TickTaskStkBasePtr                 0x080076bc   Data           4  os_cfg_app.o(.constdata)
    OSCfg_TickTaskStkLimit                   0x080076c0   Data           4  os_cfg_app.o(.constdata)
    OSCfg_TickTaskStkSize                    0x080076c4   Data           4  os_cfg_app.o(.constdata)
    OSCfg_TickTaskStkSizeRAM                 0x080076c8   Data           4  os_cfg_app.o(.constdata)
    OSCfg_TmrTaskPrio                        0x080076cc   Data           1  os_cfg_app.o(.constdata)
    OSCfg_TmrTaskRate_Hz                     0x080076d0   Data           4  os_cfg_app.o(.constdata)
    OSCfg_TmrTaskStkBasePtr                  0x080076d4   Data           4  os_cfg_app.o(.constdata)
    OSCfg_TmrTaskStkLimit                    0x080076d8   Data           4  os_cfg_app.o(.constdata)
    OSCfg_TmrTaskStkSize                     0x080076dc   Data           4  os_cfg_app.o(.constdata)
    OSCfg_TmrTaskStkSizeRAM                  0x080076e0   Data           4  os_cfg_app.o(.constdata)
    OSCfg_DataSizeRAM                        0x080076e4   Data           4  os_cfg_app.o(.constdata)
    OSDbg_DbgEn                              0x080076e8   Data           1  os_dbg.o(.constdata)
    OSDbg_ArgChkEn                           0x080076e9   Data           1  os_dbg.o(.constdata)
    OSDbg_AppHooksEn                         0x080076ea   Data           1  os_dbg.o(.constdata)
    OSDbg_EndiannessTest                     0x080076ec   Data           4  os_dbg.o(.constdata)
    OSDbg_CalledFromISRChkEn                 0x080076f0   Data           1  os_dbg.o(.constdata)
    OSDbg_FlagEn                             0x080076f1   Data           1  os_dbg.o(.constdata)
    OSDbg_FlagGrp                            0x080076f4   Data          40  os_dbg.o(.constdata)
    OSDbg_FlagDelEn                          0x0800771c   Data           1  os_dbg.o(.constdata)
    OSDbg_FlagModeClrEn                      0x0800771d   Data           1  os_dbg.o(.constdata)
    OSDbg_FlagPendAbortEn                    0x0800771e   Data           1  os_dbg.o(.constdata)
    OSDbg_FlagGrpSize                        0x08007720   Data           2  os_dbg.o(.constdata)
    OSDbg_FlagWidth                          0x08007722   Data           2  os_dbg.o(.constdata)
    OSDbg_IntQ                               0x08007724   Data           2  os_dbg.o(.constdata)
    OSDbg_ISRPostDeferredEn                  0x08007726   Data           1  os_dbg.o(.constdata)
    OSDbg_Mem                                0x08007728   Data          32  os_dbg.o(.constdata)
    OSDbg_MemEn                              0x08007748   Data           1  os_dbg.o(.constdata)
    OSDbg_MemSize                            0x0800774a   Data           2  os_dbg.o(.constdata)
    OSDbg_MsgEn                              0x0800774c   Data           1  os_dbg.o(.constdata)
    OSDbg_MsgSize                            0x0800774e   Data           2  os_dbg.o(.constdata)
    OSDbg_MsgPoolSize                        0x08007750   Data           2  os_dbg.o(.constdata)
    OSDbg_MsgQSize                           0x08007752   Data           2  os_dbg.o(.constdata)
    OSDbg_Mutex                              0x08007754   Data          48  os_dbg.o(.constdata)
    OSDbg_MutexEn                            0x08007784   Data           1  os_dbg.o(.constdata)
    OSDbg_MutexDelEn                         0x08007785   Data           1  os_dbg.o(.constdata)
    OSDbg_MutexPendAbortEn                   0x08007786   Data           1  os_dbg.o(.constdata)
    OSDbg_MutexSize                          0x08007788   Data           2  os_dbg.o(.constdata)
    OSDbg_ObjTypeChkEn                       0x0800778a   Data           1  os_dbg.o(.constdata)
    OSDbg_PendMultiEn                        0x0800778b   Data           1  os_dbg.o(.constdata)
    OSDbg_PendDataSize                       0x0800778c   Data           2  os_dbg.o(.constdata)
    OSDbg_PendListSize                       0x0800778e   Data           2  os_dbg.o(.constdata)
    OSDbg_PendObjSize                        0x08007790   Data           2  os_dbg.o(.constdata)
    OSDbg_PrioMax                            0x08007792   Data           2  os_dbg.o(.constdata)
    OSDbg_PrioTblSize                        0x08007794   Data           2  os_dbg.o(.constdata)
    OSDbg_PtrSize                            0x08007796   Data           2  os_dbg.o(.constdata)
    OSDbg_Q                                  0x08007798   Data          48  os_dbg.o(.constdata)
    OSDbg_QEn                                0x080077c8   Data           1  os_dbg.o(.constdata)
    OSDbg_QDelEn                             0x080077c9   Data           1  os_dbg.o(.constdata)
    OSDbg_QFlushEn                           0x080077ca   Data           1  os_dbg.o(.constdata)
    OSDbg_QPendAbortEn                       0x080077cb   Data           1  os_dbg.o(.constdata)
    OSDbg_QSize                              0x080077cc   Data           2  os_dbg.o(.constdata)
    OSDbg_SchedRoundRobinEn                  0x080077ce   Data           1  os_dbg.o(.constdata)
    OSDbg_Sem                                0x080077d0   Data          40  os_dbg.o(.constdata)
    OSDbg_SemEn                              0x080077f8   Data           1  os_dbg.o(.constdata)
    OSDbg_SemDelEn                           0x080077f9   Data           1  os_dbg.o(.constdata)
    OSDbg_SemPendAbortEn                     0x080077fa   Data           1  os_dbg.o(.constdata)
    OSDbg_SemSetEn                           0x080077fb   Data           1  os_dbg.o(.constdata)
    OSDbg_SemSize                            0x080077fc   Data           2  os_dbg.o(.constdata)
    OSDbg_RdyList                            0x080077fe   Data           2  os_dbg.o(.constdata)
    OSDbg_RdyListSize                        0x08007800   Data           4  os_dbg.o(.constdata)
    OSDbg_StkWidth                           0x08007804   Data           1  os_dbg.o(.constdata)
    OSDbg_StatTaskEn                         0x08007805   Data           1  os_dbg.o(.constdata)
    OSDbg_StatTaskStkChkEn                   0x08007806   Data           1  os_dbg.o(.constdata)
    OSDbg_TaskChangePrioEn                   0x08007807   Data           1  os_dbg.o(.constdata)
    OSDbg_TaskDelEn                          0x08007808   Data           1  os_dbg.o(.constdata)
    OSDbg_TaskQEn                            0x08007809   Data           1  os_dbg.o(.constdata)
    OSDbg_TaskQPendAbortEn                   0x0800780a   Data           1  os_dbg.o(.constdata)
    OSDbg_TaskProfileEn                      0x0800780b   Data           1  os_dbg.o(.constdata)
    OSDbg_TaskRegTblSize                     0x0800780c   Data           2  os_dbg.o(.constdata)
    OSDbg_TaskSemPendAbortEn                 0x0800780e   Data           1  os_dbg.o(.constdata)
    OSDbg_TaskSuspendEn                      0x0800780f   Data           1  os_dbg.o(.constdata)
    OSDbg_TCBSize                            0x08007810   Data           2  os_dbg.o(.constdata)
    OSDbg_TickListSize                       0x08007812   Data           2  os_dbg.o(.constdata)
    OSDbg_TimeDlyHMSMEn                      0x08007814   Data           1  os_dbg.o(.constdata)
    OSDbg_TimeDlyResumeEn                    0x08007815   Data           1  os_dbg.o(.constdata)
    OSDbg_TLS_TblSize                        0x08007816   Data           2  os_dbg.o(.constdata)
    OSDbg_Tmr                                0x08007818   Data          48  os_dbg.o(.constdata)
    OSDbg_TmrEn                              0x08007848   Data           1  os_dbg.o(.constdata)
    OSDbg_TmrDelEn                           0x08007849   Data           1  os_dbg.o(.constdata)
    OSDbg_TmrSize                            0x0800784a   Data           2  os_dbg.o(.constdata)
    OSDbg_VersionNbr                         0x0800784c   Data           2  os_dbg.o(.constdata)
    OSDbg_DataSize                           0x08007850   Data           4  os_dbg.o(.constdata)
    Region$$Table$$Base                      0x08007854   Number         0  anon$$obj.o(Region$$Table)
    Region$$Table$$Limit                     0x08007874   Number         0  anon$$obj.o(Region$$Table)
    CPU_TS_TmrFreq_Hz                        0x20000010   Data           4  cpu_core.o(.data)
    CPU_IntDisMeasCtr                        0x20000014   Data           2  cpu_core.o(.data)
    CPU_IntDisNestCtr                        0x20000016   Data           2  cpu_core.o(.data)
    CPU_IntDisMeasStart_cnts                 0x20000018   Data           4  cpu_core.o(.data)
    CPU_IntDisMeasStop_cnts                  0x2000001c   Data           4  cpu_core.o(.data)
    CPU_IntDisMeasOvrhd_cnts                 0x20000020   Data           4  cpu_core.o(.data)
    CPU_IntDisMeasMaxCur_cnts                0x20000024   Data           4  cpu_core.o(.data)
    CPU_IntDisMeasMax_cnts                   0x20000028   Data           4  cpu_core.o(.data)
    Mem_SegHeadPtr                           0x2000002c   Data           4  lib_mem.o(.data)
    OSPrioTbl                                0x20000030   Data           8  os_prio.o(.data)
    OS_AppTaskCreateHookPtr                  0x20000038   Data           4  os_var.o(.data)
    OS_AppTaskDelHookPtr                     0x2000003c   Data           4  os_var.o(.data)
    OS_AppTaskReturnHookPtr                  0x20000040   Data           4  os_var.o(.data)
    OS_AppIdleTaskHookPtr                    0x20000044   Data           4  os_var.o(.data)
    OS_AppStatTaskHookPtr                    0x20000048   Data           4  os_var.o(.data)
    OS_AppTaskSwHookPtr                      0x2000004c   Data           4  os_var.o(.data)
    OS_AppTimeTickHookPtr                    0x20000050   Data           4  os_var.o(.data)
    OSIdleTaskCtr                            0x20000054   Data           4  os_var.o(.data)
    OSIntNestingCtr                          0x20000058   Data           1  os_var.o(.data)
    OSIntDisTimeMax                          0x2000005c   Data           4  os_var.o(.data)
    OSRunning                                0x20000060   Data           1  os_var.o(.data)
    OSIntQInPtr                              0x20000064   Data           4  os_var.o(.data)
    OSIntQOutPtr                             0x20000068   Data           4  os_var.o(.data)
    OSIntQNbrEntries                         0x2000006c   Data           2  os_var.o(.data)
    OSIntQNbrEntriesMax                      0x2000006e   Data           2  os_var.o(.data)
    OSIntQOvfCtr                             0x20000070   Data           2  os_var.o(.data)
    OSIntQTaskTimeMax                        0x20000074   Data           4  os_var.o(.data)
    OSFlagDbgListPtr                         0x20000078   Data           4  os_var.o(.data)
    OSFlagQty                                0x2000007c   Data           2  os_var.o(.data)
    OSMemDbgListPtr                          0x20000080   Data           4  os_var.o(.data)
    OSMemQty                                 0x20000084   Data           2  os_var.o(.data)
    OSMutexDbgListPtr                        0x20000088   Data           4  os_var.o(.data)
    OSMutexQty                               0x2000008c   Data           2  os_var.o(.data)
    OSPrioCur                                0x2000008e   Data           1  os_var.o(.data)
    OSPrioHighRdy                            0x2000008f   Data           1  os_var.o(.data)
    OSPrioSaved                              0x20000090   Data           1  os_var.o(.data)
    OSQDbgListPtr                            0x20000094   Data           4  os_var.o(.data)
    OSQQty                                   0x20000098   Data           2  os_var.o(.data)
    OSSchedLockTimeBegin                     0x2000009c   Data           4  os_var.o(.data)
    OSSchedLockTimeMax                       0x200000a0   Data           4  os_var.o(.data)
    OSSchedLockTimeMaxCur                    0x200000a4   Data           4  os_var.o(.data)
    OSSchedLockNestingCtr                    0x200000a8   Data           1  os_var.o(.data)
    OSSchedRoundRobinDfltTimeQuanta          0x200000ac   Data           4  os_var.o(.data)
    OSSchedRoundRobinEn                      0x200000b0   Data           1  os_var.o(.data)
    OSSemDbgListPtr                          0x200000b4   Data           4  os_var.o(.data)
    OSSemQty                                 0x200000b8   Data           2  os_var.o(.data)
    OSStatResetFlag                          0x200000ba   Data           1  os_var.o(.data)
    OSStatTaskCPUUsage                       0x200000bc   Data           2  os_var.o(.data)
    OSStatTaskCPUUsageMax                    0x200000be   Data           2  os_var.o(.data)
    OSStatTaskCtr                            0x200000c0   Data           4  os_var.o(.data)
    OSStatTaskCtrMax                         0x200000c4   Data           4  os_var.o(.data)
    OSStatTaskCtrRun                         0x200000c8   Data           4  os_var.o(.data)
    OSStatTaskRdy                            0x200000cc   Data           1  os_var.o(.data)
    OSStatTaskTimeMax                        0x200000d0   Data           4  os_var.o(.data)
    OSTaskCtxSwCtr                           0x200000d4   Data           4  os_var.o(.data)
    OSTaskDbgListPtr                         0x200000d8   Data           4  os_var.o(.data)
    OSTaskQty                                0x200000dc   Data           2  os_var.o(.data)
    OSTaskRegNextAvailID                     0x200000de   Data           1  os_var.o(.data)
    OSTickCtr                                0x200000e0   Data           4  os_var.o(.data)
    OSTickTaskTimeMax                        0x200000e4   Data           4  os_var.o(.data)
    OSTickListDly                            0x200000e8   Data           8  os_var.o(.data)
    OSTickListTimeout                        0x200000f0   Data           8  os_var.o(.data)
    OSTmrDbgListPtr                          0x200000f8   Data           4  os_var.o(.data)
    OSTmrListEntries                         0x200000fc   Data           2  os_var.o(.data)
    OSTmrListPtr                             0x20000100   Data           4  os_var.o(.data)
    OSTmrQty                                 0x20000104   Data           2  os_var.o(.data)
    OSTmrTaskTimeMax                         0x20000108   Data           4  os_var.o(.data)
    OSTmrTickCtr                             0x2000010c   Data           4  os_var.o(.data)
    OSTmrUpdateCnt                           0x20000110   Data           4  os_var.o(.data)
    OSTmrUpdateCtr                           0x20000114   Data           4  os_var.o(.data)
    OSTCBCurPtr                              0x20000118   Data           4  os_var.o(.data)
    OSTCBHighRdyPtr                          0x2000011c   Data           4  os_var.o(.data)
    OS_CPU_ExceptStkBase                     0x20000120   Data           4  os_cpu_c.o(.data)
    __stdout                                 0x20000124   Data           4  stdout.o(.data)
    mem                                      0x20000128   Data          32  app.o(.bss)
    ucArray                                  0x20000148   Data         280  app.o(.bss)
    AppTaskUsartTCB                          0x2000032c   Data         204  app.o(.bss)
    AppTaskKeyTCB                            0x200003f8   Data         204  app.o(.bss)
    CPU_Name                                 0x200039f4   Data          16  cpu_core.o(.bss)
    Mem_Heap                                 0x20003a04   Data        3072  lib_mem.o(.bss)
    Mem_SegHeap                              0x20004604   Data          20  lib_mem.o(.bss)
    OSCfg_IdleTaskStk                        0x20004618   Data         256  os_cfg_app.o(.bss)
    OSCfg_IntQ                               0x20004718   Data         320  os_cfg_app.o(.bss)
    OSCfg_IntQTaskStk                        0x20004858   Data         400  os_cfg_app.o(.bss)
    OSCfg_ISRStk                             0x200049e8   Data         400  os_cfg_app.o(.bss)
    OSCfg_MsgPool                            0x20004b78   Data        1600  os_cfg_app.o(.bss)
    OSCfg_StatTaskStk                        0x200051b8   Data         400  os_cfg_app.o(.bss)
    OSCfg_TickTaskStk                        0x20005348   Data         400  os_cfg_app.o(.bss)
    OSCfg_TmrTaskStk                         0x200054d8   Data         400  os_cfg_app.o(.bss)
    OSIdleTaskTCB                            0x20005668   Data         204  os_var.o(.bss)
    OSIntQTaskTCB                            0x20005734   Data         204  os_var.o(.bss)
    OSMsgPool                                0x20005800   Data          12  os_var.o(.bss)
    OSRdyList                                0x2000580c   Data         768  os_var.o(.bss)
    OSStatTaskTCB                            0x20005b0c   Data         204  os_var.o(.bss)
    OSTickTaskTCB                            0x20005bd8   Data         204  os_var.o(.bss)
    OSTmrMutex                               0x20005ca4   Data          48  os_var.o(.bss)
    OSTmrTaskTCB                             0x20005cd4   Data         204  os_var.o(.bss)
    __initial_sp                             0x20006da0   Data           0  startup_stm32f40xx.o(STACK)



==============================================================================

Memory Map of the image

  Image Entry point : 0x08000189

  Load Region LR_IROM1 (Base: 0x08000000, Size: 0x0000799c, Max: 0x00100000, ABSOLUTE)

    Execution Region ER_IROM1 (Base: 0x08000000, Size: 0x00007874, Max: 0x00100000, ABSOLUTE)

    Base Addr    Size         Type   Attr      Idx    E Section Name        Object

    0x08000000   0x00000188   Data   RO            3    RESET               startup_stm32f40xx.o
    0x08000188   0x00000000   Code   RO         7264  * .ARM.Collect$$$$00000000  mc_w.l(entry.o)
    0x08000188   0x00000004   Code   RO         7538    .ARM.Collect$$$$00000001  mc_w.l(entry2.o)
    0x0800018c   0x00000004   Code   RO         7541    .ARM.Collect$$$$00000004  mc_w.l(entry5.o)
    0x08000190   0x00000000   Code   RO         7543    .ARM.Collect$$$$00000008  mc_w.l(entry7b.o)
    0x08000190   0x00000000   Code   RO         7545    .ARM.Collect$$$$0000000A  mc_w.l(entry8b.o)
    0x08000190   0x00000008   Code   RO         7546    .ARM.Collect$$$$0000000B  mc_w.l(entry9a.o)
    0x08000198   0x00000000   Code   RO         7548    .ARM.Collect$$$$0000000D  mc_w.l(entry10a.o)
    0x08000198   0x00000000   Code   RO         7550    .ARM.Collect$$$$0000000F  mc_w.l(entry11a.o)
    0x08000198   0x00000004   Code   RO         7539    .ARM.Collect$$$$00002712  mc_w.l(entry2.o)
    0x0800019c   0x0000004c   Code   RO            4    .text               startup_stm32f40xx.o
    0x080001e8   0x00000034   Code   RO         5474    .text               cpu_a.o
    0x0800021c   0x000000e4   Code   RO         7530    .text               mf_w.l(dmul.o)
    0x08000300   0x000000de   Code   RO         7532    .text               mf_w.l(ddiv.o)
    0x080003de   0x0000001a   Code   RO         7534    .text               mf_w.l(dfltui.o)
    0x080003f8   0x00000032   Code   RO         7536    .text               mf_w.l(dfixui.o)
    0x0800042a   0x0000002c   Code   RO         7553    .text               mc_w.l(uidiv.o)
    0x08000456   0x0000001e   Code   RO         7555    .text               mc_w.l(llshl.o)
    0x08000474   0x00000020   Code   RO         7557    .text               mc_w.l(llushr.o)
    0x08000494   0x00000000   Code   RO         7559    .text               mc_w.l(iusefp.o)
    0x08000494   0x000000ba   Code   RO         7560    .text               mf_w.l(depilogue.o)
    0x0800054e   0x00000002   PAD
    0x08000550   0x00000024   Code   RO         7568    .text               mc_w.l(init.o)
    0x08000574   0x0000010c   Code   RO         7176    CODE                os_cpu_a.o
    0x08000680   0x00000038   Code   RO         4940    i.AppTaskDac1       app.o
    0x080006b8   0x00000038   Code   RO         4941    i.AppTaskDac2       app.o
    0x080006f0   0x00000554   Code   RO         4942    i.AppTaskKey        app.o
    0x08000c44   0x00000024   Code   RO         4943    i.AppTaskLed1       app.o
    0x08000c68   0x00000024   Code   RO         4944    i.AppTaskLed2       app.o
    0x08000c8c   0x00000240   Code   RO         4945    i.AppTaskStart      app.o
    0x08000ecc   0x00000104   Code   RO         4946    i.AppTaskUsart      app.o
    0x08000fd0   0x0000000e   Code   RO         5098    i.BSP_CPU_ClkFreq   bsp.o
    0x08000fde   0x00000010   Code   RO         5099    i.BSP_Init          bsp.o
    0x08000fee   0x00000004   Code   RO         4765    i.BusFault_Handler  stm32f4xx_it.o
    0x08000ff2   0x00000010   Code   RO         5316    i.CPU_Init          cpu_core.o
    0x08001002   0x00000002   PAD
    0x08001004   0x00000084   Code   RO         5317    i.CPU_IntDisMeasInit  cpu_core.o
    0x08001088   0x0000001c   Code   RO         5318    i.CPU_IntDisMeasMaxCalc  cpu_core.o
    0x080010a4   0x0000002c   Code   RO         5319    i.CPU_IntDisMeasMaxCurGet  cpu_core.o
    0x080010d0   0x0000002c   Code   RO         5320    i.CPU_IntDisMeasMaxCurReset  cpu_core.o
    0x080010fc   0x0000002c   Code   RO         5321    i.CPU_IntDisMeasMaxGet  cpu_core.o
    0x08001128   0x00000034   Code   RO         5322    i.CPU_IntDisMeasStart  cpu_core.o
    0x0800115c   0x00000054   Code   RO         5323    i.CPU_IntDisMeasStop  cpu_core.o
    0x080011b0   0x00000038   Code   RO         5324    i.CPU_NameClr       cpu_core.o
    0x080011e8   0x00000008   Code   RO         5326    i.CPU_NameInit      cpu_core.o
    0x080011f0   0x00000004   Code   RO         5328    i.CPU_SW_Exception  cpu_core.o
    0x080011f4   0x00000014   Code   RO         5330    i.CPU_TS_Init       cpu_core.o
    0x08001208   0x0000000c   Code   RO         5332    i.CPU_TS_TmrFreqSet  cpu_core.o
    0x08001214   0x00000034   Code   RO         5102    i.CPU_TS_TmrInit    bsp.o
    0x08001248   0x0000000c   Code   RO         5103    i.CPU_TS_TmrRd      bsp.o
    0x08001254   0x00000028   Code   RO          937    i.DAC_Cmd           stm32f4xx_dac.o
    0x0800127c   0x00000034   Code   RO          945    i.DAC_Init          stm32f4xx_dac.o
    0x080012b0   0x00000020   Code   RO          946    i.DAC_SetChannel1Data  stm32f4xx_dac.o
    0x080012d0   0x00000020   Code   RO          947    i.DAC_SetChannel2Data  stm32f4xx_dac.o
    0x080012f0   0x00000058   Code   RO         5266    i.Dac1_Init         bsp_dac.o
    0x08001348   0x0000007c   Code   RO         5267    i.Dac1_Set_Vol      bsp_dac.o
    0x080013c4   0x00000058   Code   RO         5268    i.Dac2_Init         bsp_dac.o
    0x0800141c   0x0000007c   Code   RO         5269    i.Dac2_Set_Vol      bsp_dac.o
    0x08001498   0x00000002   Code   RO         4766    i.DebugMon_Handler  stm32f4xx_it.o
    0x0800149a   0x00000002   PAD
    0x0800149c   0x00000028   Code   RO         4767    i.EXTI0_IRQHandler  stm32f4xx_it.o
    0x080014c4   0x0000000c   Code   RO         1344    i.EXTI_ClearITPendingBit  stm32f4xx_exti.o
    0x080014d0   0x00000018   Code   RO         1348    i.EXTI_GetITStatus  stm32f4xx_exti.o
    0x080014e8   0x00000094   Code   RO         1349    i.EXTI_Init         stm32f4xx_exti.o
    0x0800157c   0x00000050   Code   RO         5165    i.EXTI_Pxy_Config   bsp_exti.o
    0x080015cc   0x00000090   Code   RO         1857    i.GPIO_Init         stm32f4xx_gpio.o
    0x0800165c   0x00000046   Code   RO         1858    i.GPIO_PinAFConfig  stm32f4xx_gpio.o
    0x080016a2   0x00000004   Code   RO         4768    i.HardFault_Handler  stm32f4xx_it.o
    0x080016a6   0x00000002   PAD
    0x080016a8   0x00000054   Code   RO         5194    i.LED_GPIO_Config   bsp_led.o
    0x080016fc   0x00000004   Code   RO         4769    i.MemManage_Handler  stm32f4xx_it.o
    0x08001700   0x00000012   Code   RO         5676    i.Mem_Clr           lib_mem.o
    0x08001712   0x00000002   PAD
    0x08001714   0x0000004c   Code   RO         5686    i.Mem_Init          lib_mem.o
    0x08001760   0x00000052   Code   RO         5699    i.Mem_SegCreate     lib_mem.o
    0x080017b2   0x00000002   PAD
    0x080017b4   0x00000020   Code   RO         5700    i.Mem_SegCreateCritical  lib_mem.o
    0x080017d4   0x00000054   Code   RO         5703    i.Mem_Set           lib_mem.o
    0x08001828   0x00000002   Code   RO         4770    i.NMI_Handler       stm32f4xx_it.o
    0x0800182a   0x00000028   Code   RO         5166    i.NVIC_Configuration  bsp_exti.o
    0x08001852   0x00000028   Code   RO         5221    i.NVIC_Configuration  bsp_usart.o
    0x0800187a   0x00000002   PAD
    0x0800187c   0x00000078   Code   RO          155    i.NVIC_Init         misc.o
    0x080018f4   0x00000014   Code   RO          156    i.NVIC_PriorityGroupConfig  misc.o
    0x08001908   0x00000002   Code   RO         6011    i.OSCfg_Init        os_cfg_app.o
    0x0800190a   0x00000002   PAD
    0x0800190c   0x00000014   Code   RO         7179    i.OSIdleTaskHook    os_cpu_c.o
    0x08001920   0x0000018c   Code   RO         6034    i.OSInit            os_core.o
    0x08001aac   0x00000028   Code   RO         7180    i.OSInitHook        os_cpu_c.o
    0x08001ad4   0x0000002c   Code   RO         6035    i.OSIntEnter        os_core.o
    0x08001b00   0x000000dc   Code   RO         6036    i.OSIntExit         os_core.o
    0x08001bdc   0x00000144   Code   RO         6403    i.OSMemCreate       os_mem.o
    0x08001d20   0x00000070   Code   RO         6404    i.OSMemGet          os_mem.o
    0x08001d90   0x0000007c   Code   RO         6405    i.OSMemPut          os_mem.o
    0x08001e0c   0x000000d0   Code   RO         6475    i.OSMutexCreate     os_mutex.o
    0x08001edc   0x00000244   Code   RO         6477    i.OSMutexPend       os_mutex.o
    0x08002120   0x000002b8   Code   RO         6479    i.OSMutexPost       os_mutex.o
    0x080023d8   0x000000a4   Code   RO         6037    i.OSSched           os_core.o
    0x0800247c   0x00000068   Code   RO         6038    i.OSSchedLock       os_core.o
    0x080024e4   0x0000006c   Code   RO         6039    i.OSSchedRoundRobinCfg  os_core.o
    0x08002550   0x0000008c   Code   RO         6041    i.OSSchedUnlock     os_core.o
    0x080025dc   0x00000068   Code   RO         6042    i.OSStart           os_core.o
    0x08002644   0x00000168   Code   RO         6770    i.OSStatReset       os_stat.o
    0x080027ac   0x00000100   Code   RO         6771    i.OSStatTaskCPUUsageInit  os_stat.o
    0x080028ac   0x00000014   Code   RO         7181    i.OSStatTaskHook    os_cpu_c.o
    0x080028c0   0x00000280   Code   RO         6801    i.OSTaskCreate      os_task.o
    0x08002b40   0x00000018   Code   RO         7182    i.OSTaskCreateHook  os_cpu_c.o
    0x08002b58   0x00000268   Code   RO         6802    i.OSTaskDel         os_task.o
    0x08002dc0   0x00000018   Code   RO         7183    i.OSTaskDelHook     os_cpu_c.o
    0x08002dd8   0x00000234   Code   RO         6804    i.OSTaskQPend       os_task.o
    0x0800300c   0x0000007c   Code   RO         6806    i.OSTaskQPost       os_task.o
    0x08003088   0x00000088   Code   RO         6810    i.OSTaskResume      os_task.o
    0x08003110   0x00000018   Code   RO         7184    i.OSTaskReturnHook  os_cpu_c.o
    0x08003128   0x00000238   Code   RO         6811    i.OSTaskSemPend     os_task.o
    0x08003360   0x0000006c   Code   RO         6813    i.OSTaskSemPost     os_task.o
    0x080033cc   0x000000d0   Code   RO         6815    i.OSTaskStkChk      os_task.o
    0x0800349c   0x000002c4   Code   RO         7185    i.OSTaskStkInit     os_cpu_c.o
    0x08003760   0x00000060   Code   RO         6816    i.OSTaskSuspend     os_task.o
    0x080037c0   0x000000d4   Code   RO         7186    i.OSTaskSwHook      os_cpu_c.o
    0x08003894   0x00000130   Code   RO         7026    i.OSTimeDly         os_time.o
    0x080039c4   0x00000044   Code   RO         7031    i.OSTimeTick        os_time.o
    0x08003a08   0x00000014   Code   RO         7187    i.OSTimeTickHook    os_cpu_c.o
    0x08003a1c   0x0000000c   Code   RO         6043    i.OSVersion         os_core.o
    0x08003a28   0x00000040   Code   RO         7188    i.OS_CPU_SysTickHandler  os_cpu_c.o
    0x08003a68   0x00000030   Code   RO         7189    i.OS_CPU_SysTickInit  os_cpu_c.o
    0x08003a98   0x000001ac   Code   RO         6274    i.OS_Dbg_Init       os_dbg.o
    0x08003c44   0x00000018   Code   RO         6299    i.OS_FlagInit       os_flag.o
    0x08003c5c   0x0000027c   Code   RO         6300    i.OS_FlagPost       os_flag.o
    0x08003ed8   0x00000064   Code   RO         6301    i.OS_FlagTaskRdy    os_flag.o
    0x08003f3c   0x0000004c   Code   RO         6044    i.OS_IdleTask       os_core.o
    0x08003f88   0x00000070   Code   RO         6045    i.OS_IdleTaskInit   os_core.o
    0x08003ff8   0x00000104   Code   RO         6373    i.OS_IntQPost       os_int.o
    0x080040fc   0x000001a4   Code   RO         6374    i.OS_IntQRePost     os_int.o
    0x080042a0   0x000000c4   Code   RO         6375    i.OS_IntQTask       os_int.o
    0x08004364   0x00000128   Code   RO         6376    i.OS_IntQTaskInit   os_int.o
    0x0800448c   0x00000028   Code   RO         6406    i.OS_MemDbgListAdd  os_mem.o
    0x080044b4   0x00000018   Code   RO         6407    i.OS_MemInit        os_mem.o
    0x080044cc   0x0000007c   Code   RO         6439    i.OS_MsgPoolInit    os_msg.o
    0x08004548   0x00000044   Code   RO         6440    i.OS_MsgQFreeAll    os_msg.o
    0x0800458c   0x00000068   Code   RO         6441    i.OS_MsgQGet        os_msg.o
    0x080045f4   0x0000000e   Code   RO         6442    i.OS_MsgQInit       os_msg.o
    0x08004602   0x00000002   PAD
    0x08004604   0x00000104   Code   RO         6443    i.OS_MsgQPut        os_msg.o
    0x08004708   0x00000030   Code   RO         6481    i.OS_MutexDbgListAdd  os_mutex.o
    0x08004738   0x00000008   Code   RO         6483    i.OS_MutexGrpAdd    os_mutex.o
    0x08004740   0x00000060   Code   RO         6484    i.OS_MutexGrpPostAll  os_mutex.o
    0x080047a0   0x0000002c   Code   RO         6485    i.OS_MutexGrpPrioFindHighest  os_mutex.o
    0x080047cc   0x0000001c   Code   RO         6486    i.OS_MutexGrpRemove  os_mutex.o
    0x080047e8   0x00000018   Code   RO         6487    i.OS_MutexInit      os_mutex.o
    0x08004800   0x00000068   Code   RO         6046    i.OS_Pend           os_core.o
    0x08004868   0x00000028   Code   RO         6049    i.OS_PendDataInit   os_core.o
    0x08004890   0x0000005c   Code   RO         6050    i.OS_PendDbgNameAdd  os_core.o
    0x080048ec   0x00000024   Code   RO         6051    i.OS_PendDbgNameRemove  os_core.o
    0x08004910   0x0000003a   Code   RO         6052    i.OS_PendListChangePrio  os_core.o
    0x0800494a   0x0000000a   Code   RO         6053    i.OS_PendListInit   os_core.o
    0x08004954   0x00000066   Code   RO         6055    i.OS_PendListInsertPrio  os_core.o
    0x080049ba   0x00000034   Code   RO         6056    i.OS_PendListRemove  os_core.o
    0x080049ee   0x00000042   Code   RO         6057    i.OS_PendListRemove1  os_core.o
    0x08004a30   0x000000d6   Code   RO         6060    i.OS_Post           os_core.o
    0x08004b06   0x0000002c   Code   RO         6061    i.OS_Post1          os_core.o
    0x08004b32   0x00000002   PAD
    0x08004b34   0x00000028   Code   RO         6589    i.OS_PrioGetHighest  os_prio.o
    0x08004b5c   0x00000018   Code   RO         6590    i.OS_PrioInit       os_prio.o
    0x08004b74   0x00000024   Code   RO         6591    i.OS_PrioInsert     os_prio.o
    0x08004b98   0x00000024   Code   RO         6592    i.OS_PrioRemove     os_prio.o
    0x08004bbc   0x00000018   Code   RO         6635    i.OS_QInit          os_q.o
    0x08004bd4   0x00000188   Code   RO         6636    i.OS_QPost          os_q.o
    0x08004d5c   0x00000024   Code   RO         6062    i.OS_RdyListInit    os_core.o
    0x08004d80   0x0000002c   Code   RO         6063    i.OS_RdyListInsert  os_core.o
    0x08004dac   0x00000040   Code   RO         6064    i.OS_RdyListInsertHead  os_core.o
    0x08004dec   0x0000003c   Code   RO         6065    i.OS_RdyListInsertTail  os_core.o
    0x08004e28   0x00000044   Code   RO         6066    i.OS_RdyListMoveHeadToTail  os_core.o
    0x08004e6c   0x0000005c   Code   RO         6067    i.OS_RdyListRemove  os_core.o
    0x08004ec8   0x00000054   Code   RO         6068    i.OS_Sched0         os_core.o
    0x08004f1c   0x0000001c   Code   RO         6069    i.OS_SchedLockTimeMeasStart  os_core.o
    0x08004f38   0x0000003c   Code   RO         6070    i.OS_SchedLockTimeMeasStop  os_core.o
    0x08004f74   0x000000ec   Code   RO         6071    i.OS_SchedRoundRobin  os_core.o
    0x08005060   0x00000018   Code   RO         6707    i.OS_SemInit        os_sem.o
    0x08005078   0x00000198   Code   RO         6708    i.OS_SemPost        os_sem.o
    0x08005210   0x000003b4   Code   RO         6772    i.OS_StatTask       os_stat.o
    0x080055c4   0x000000cc   Code   RO         6773    i.OS_StatTaskInit   os_stat.o
    0x08005690   0x0000002c   Code   RO         6072    i.OS_TaskBlock      os_core.o
    0x080056bc   0x000000ec   Code   RO         6818    i.OS_TaskChangePrio  os_task.o
    0x080057a8   0x00000030   Code   RO         6819    i.OS_TaskDbgListAdd  os_task.o
    0x080057d8   0x00000044   Code   RO         6820    i.OS_TaskDbgListRemove  os_task.o
    0x0800581c   0x00000020   Code   RO         6821    i.OS_TaskInit       os_task.o
    0x0800583c   0x000000d0   Code   RO         6822    i.OS_TaskInitTCB    os_task.o
    0x0800590c   0x0000026c   Code   RO         6823    i.OS_TaskQPost      os_task.o
    0x08005b78   0x0000017c   Code   RO         6824    i.OS_TaskResume     os_task.o
    0x08005cf4   0x00000018   Code   RO         6825    i.OS_TaskReturn     os_task.o
    0x08005d0c   0x000005a8   Code   RO         6826    i.OS_TaskSemPost    os_task.o
    0x080062b4   0x00000190   Code   RO         6827    i.OS_TaskSuspend    os_task.o
    0x08006444   0x00000086   Code   RO         6974    i.OS_TickListInsert  os_tick.o
    0x080064ca   0x00000002   PAD
    0x080064cc   0x000000bc   Code   RO         6975    i.OS_TickListInsertDly  os_tick.o
    0x08006588   0x00000058   Code   RO         6976    i.OS_TickListRemove  os_tick.o
    0x080065e0   0x00000002   Code   RO         6977    i.OS_TickListResetPeak  os_tick.o
    0x080065e2   0x00000002   PAD
    0x080065e4   0x00000130   Code   RO         6978    i.OS_TickListUpdateDly  os_tick.o
    0x08006714   0x000001ac   Code   RO         6979    i.OS_TickListUpdateTimeout  os_tick.o
    0x080068c0   0x000000fc   Code   RO         6980    i.OS_TickTask       os_tick.o
    0x080069bc   0x000000c8   Code   RO         6981    i.OS_TickTaskInit   os_tick.o
    0x08006a84   0x00000134   Code   RO         7077    i.OS_TmrInit        os_tmr.o
    0x08006bb8   0x00000018   Code   RO         7078    i.OS_TmrLock        os_tmr.o
    0x08006bd0   0x00000002   Code   RO         7079    i.OS_TmrResetPeak   os_tmr.o
    0x08006bd2   0x00000002   PAD
    0x08006bd4   0x00000094   Code   RO         7080    i.OS_TmrTask        os_tmr.o
    0x08006c68   0x00000044   Code   RO         7081    i.OS_TmrUnlink      os_tmr.o
    0x08006cac   0x00000014   Code   RO         7082    i.OS_TmrUnlock      os_tmr.o
    0x08006cc0   0x00000020   Code   RO         2561    i.RCC_AHB1PeriphClockCmd  stm32f4xx_rcc.o
    0x08006ce0   0x00000020   Code   RO         2570    i.RCC_APB1PeriphClockCmd  stm32f4xx_rcc.o
    0x08006d00   0x00000020   Code   RO         2573    i.RCC_APB2PeriphClockCmd  stm32f4xx_rcc.o
    0x08006d20   0x000000e8   Code   RO         2582    i.RCC_GetClocksFreq  stm32f4xx_rcc.o
    0x08006e08   0x00000002   Code   RO         4772    i.SVC_Handler       stm32f4xx_it.o
    0x08006e0a   0x00000002   PAD
    0x08006e0c   0x00000040   Code   RO         3884    i.SYSCFG_EXTILineConfig  stm32f4xx_syscfg.o
    0x08006e4c   0x000000ec   Code   RO           13    i.SetSysClock       system_stm32f4xx.o
    0x08006f38   0x00000068   Code   RO           15    i.SystemInit        system_stm32f4xx.o
    0x08006fa0   0x00000048   Code   RO         4774    i.USART1_IRQHandler  stm32f4xx_it.o
    0x08006fe8   0x00000018   Code   RO         4511    i.USART_Cmd         stm32f4xx_usart.o
    0x08007000   0x0000001a   Code   RO         4514    i.USART_GetFlagStatus  stm32f4xx_usart.o
    0x0800701a   0x00000054   Code   RO         4515    i.USART_GetITStatus  stm32f4xx_usart.o
    0x0800706e   0x0000004a   Code   RO         4517    i.USART_ITConfig    stm32f4xx_usart.o
    0x080070b8   0x000000d4   Code   RO         4518    i.USART_Init        stm32f4xx_usart.o
    0x0800718c   0x0000000a   Code   RO         4525    i.USART_ReceiveData  stm32f4xx_usart.o
    0x08007196   0x00000008   Code   RO         4528    i.USART_SendData    stm32f4xx_usart.o
    0x0800719e   0x00000002   PAD
    0x080071a0   0x000000a8   Code   RO         5222    i.USARTx_Config     bsp_usart.o
    0x08007248   0x00000004   Code   RO         4775    i.UsageFault_Handler  stm32f4xx_it.o
    0x0800724c   0x00000020   Code   RO         7424    i.__0printf$6       mc_w.l(printf6.o)
    0x0800726c   0x0000000e   Code   RO         7574    i.__scatterload_copy  mc_w.l(handlers.o)
    0x0800727a   0x00000002   Code   RO         7575    i.__scatterload_null  mc_w.l(handlers.o)
    0x0800727c   0x0000000e   Code   RO         7576    i.__scatterload_zeroinit  mc_w.l(handlers.o)
    0x0800728a   0x00000002   PAD
    0x0800728c   0x000002f0   Code   RO         7431    i._printf_core      mc_w.l(printf6.o)
    0x0800757c   0x00000024   Code   RO         7432    i._printf_post_padding  mc_w.l(printf6.o)
    0x080075a0   0x0000002e   Code   RO         7433    i._printf_pre_padding  mc_w.l(printf6.o)
    0x080075ce   0x00000002   PAD
    0x080075d0   0x00000024   Code   RO         5224    i.fputc             bsp_usart.o
    0x080075f4   0x00000060   Code   RO         4947    i.main              app.o
    0x08007654   0x00000094   Data   RO         6013    .constdata          os_cfg_app.o
    0x080076e8   0x0000016c   Data   RO         6275    .constdata          os_dbg.o
    0x08007854   0x00000020   Data   RO         7572    Region$$Table       anon$$obj.o


    Execution Region RW_IRAM1 (Base: 0x20000000, Size: 0x00006da0, Max: 0x00020000, ABSOLUTE)

    Base Addr    Size         Type   Attr      Idx    E Section Name        Object

    0x20000000   0x00000010   Data   RW         2614    .data               stm32f4xx_rcc.o
    0x20000010   0x0000001c   Data   RW         5336    .data               cpu_core.o
    0x2000002c   0x00000004   Data   RW         5705    .data               lib_mem.o
    0x20000030   0x00000008   Data   RW         6593    .data               os_prio.o
    0x20000038   0x000000e8   Data   RW         7163    .data               os_var.o
    0x20000120   0x00000004   Data   RW         7190    .data               os_cpu_c.o
    0x20000124   0x00000004   Data   RW         7552    .data               mc_w.l(stdout.o)
    0x20000128   0x000038cc   Zero   RW         4948    .bss                app.o
    0x200039f4   0x00000010   Zero   RW         5334    .bss                cpu_core.o
    0x20003a04   0x00000c14   Zero   RW         5704    .bss                lib_mem.o
    0x20004618   0x00001050   Zero   RW         6012    .bss                os_cfg_app.o
    0x20005668   0x00000738   Zero   RW         7162    .bss                os_var.o
    0x20005da0   0x00001000   Zero   RW            1    STACK               startup_stm32f40xx.o


==============================================================================

Image component sizes


      Code (inc. data)   RO Data    RW Data    ZI Data      Debug   Object Name

      2480        910          0          0      14540      35833   app.o
        94         14          0          0          0       2281   bsp.o
       424         60          0          0          0       2742   bsp_dac.o
       120          4          0          0          0       1242   bsp_exti.o
        84         10          0          0          0        638   bsp_led.o
       244         12          0          0          0       3240   bsp_usart.o
        52          0          0          0          0        376   cpu_a.o
         0          0          0          0          0       7876   cpu_c.o
       544         98          0         28         16      10467   cpu_core.o
       292         26          0          4       3092      15593   lib_mem.o
       140         24          0          0          0       1927   misc.o
         2          0        148          0       4176      20947   os_cfg_app.o
      3114        408          0          0          0      24405   os_core.o
       268         14          0          0          0        464   os_cpu_a.o
      1204        170          0          4          0      29155   os_cpu_c.o
       428        280        364          0          0       4913   os_dbg.o
       760         28          0          0          0       3337   os_flag.o
      1172        202          0          0          0       3794   os_int.o
       624         30          0          0          0       4564   os_mem.o
       570         32          0          0          0       4518   os_msg.o
      1732         64          0          0          0       7967   os_mutex.o
       136         16          0          8          0       3242   os_prio.o
       416         20          0          0          0       2374   os_q.o
       432         14          0          0          0       2390   os_sem.o
      1768        212          0          0          0       4391   os_stat.o
      6524        290          0          0          0      18976   os_task.o
      1596        110          0          0          0       7082   os_tick.o
       372         22          0          0          0       1909   os_time.o
       570        142          0          0          0       4451   os_tmr.o
         0          0          0        232       1848      19496   os_var.o
        76         16        392          0       4096       1036   startup_stm32f40xx.o
       156         24          0          0          0       3689   stm32f4xx_dac.o
       184         16          0          0          0       2600   stm32f4xx_exti.o
       214          0          0          0          0       2151   stm32f4xx_gpio.o
       134         18          0          0          0      45352   stm32f4xx_it.o
       328         36          0         16          0       5375   stm32f4xx_rcc.o
        64          4          0          0          0        772   stm32f4xx_syscfg.o
       438          8          0          0          0       6413   stm32f4xx_usart.o
       340         32          0          0          0     281705   system_stm32f4xx.o

    ----------------------------------------------------------------------
     28124       3366        936        292      27768     599683   Object Totals
         0          0         32          0          0          0   (incl. Generated)
        28          0          0          0          0          0   (incl. Padding)

    ----------------------------------------------------------------------

      Code (inc. data)   RO Data    RW Data    ZI Data      Debug   Library Member Name

         0          0          0          0          0          0   entry.o
         0          0          0          0          0          0   entry10a.o
         0          0          0          0          0          0   entry11a.o
         8          4          0          0          0          0   entry2.o
         4          0          0          0          0          0   entry5.o
         0          0          0          0          0          0   entry7b.o
         0          0          0          0          0          0   entry8b.o
         8          4          0          0          0          0   entry9a.o
        30          0          0          0          0          0   handlers.o
        36          8          0          0          0         68   init.o
         0          0          0          0          0          0   iusefp.o
        30          0          0          0          0         68   llshl.o
        32          0          0          0          0         68   llushr.o
       866         14          0          0          0        352   printf6.o
         0          0          0          4          0          0   stdout.o
        44          0          0          0          0         80   uidiv.o
       222          0          0          0          0        100   ddiv.o
       186          0          0          0          0        176   depilogue.o
        50          0          0          0          0         76   dfixui.o
        26          0          0          0          0         76   dfltui.o
       228          0          0          0          0         96   dmul.o

    ----------------------------------------------------------------------
      1776         30          0          4          0       1160   Library Totals
         6          0          0          0          0          0   (incl. Padding)

    ----------------------------------------------------------------------

      Code (inc. data)   RO Data    RW Data    ZI Data      Debug   Library Name

      1058         30          0          4          0        636   mc_w.l
       712          0          0          0          0        524   mf_w.l

    ----------------------------------------------------------------------
      1776         30          0          4          0       1160   Library Totals

    ----------------------------------------------------------------------

==============================================================================


      Code (inc. data)   RO Data    RW Data    ZI Data      Debug   

     29900       3396        936        296      27768     581675   Grand Totals
     29900       3396        936        296      27768     581675   ELF Image Totals
     29900       3396        936        296          0          0   ROM Totals

==============================================================================

    Total RO  Size (Code + RO Data)                30836 (  30.11kB)
    Total RW  Size (RW Data + ZI Data)             28064 (  27.41kB)
    Total ROM Size (Code + RO Data + RW Data)      31132 (  30.40kB)

==============================================================================

